******************************************************************************
                  MSP430 Linker PC v16.9.0                     
******************************************************************************
>> Linked Thu Feb 23 19:20:54 2017

OUTPUT FILE NAME:   <TDC7200EVM_USB.out>
ENTRY POINT SYMBOL: "_c_int00_noargs_noexit"  address: 00004592


MEMORY CONFIGURATION

         name            origin    length      used     unused   attr    fill
----------------------  --------  ---------  --------  --------  ----  --------
  SFR                   00000000   00000010  00000000  00000010  RWIX
  PERIPHERALS_8BIT      00000010   000000f0  00000000  000000f0  RWIX
  PERIPHERALS_16BIT     00000100   00000100  00000000  00000100  RWIX
  INFOD                 00001800   00000080  00000000  00000080  RWIX
  INFOC                 00001880   00000080  00000000  00000080  RWIX
  INFOB                 00001900   00000080  00000000  00000080  RWIX
  INFOA                 00001980   00000080  00000000  00000080  RWIX
  USBRAM                00001c00   00000800  00000000  00000800  RWIX
  RAM                   00002400   00002000  00000312  00001cee  RWIX
  FLASH                 00004400   0000bb80  000005a6  0000b5da  RWIX
  INT00                 0000ff80   00000002  00000000  00000002  RWIX
  INT01                 0000ff82   00000002  00000000  00000002  RWIX
  INT02                 0000ff84   00000002  00000000  00000002  RWIX
  INT03                 0000ff86   00000002  00000000  00000002  RWIX
  INT04                 0000ff88   00000002  00000000  00000002  RWIX
  INT05                 0000ff8a   00000002  00000000  00000002  RWIX
  INT06                 0000ff8c   00000002  00000000  00000002  RWIX
  INT07                 0000ff8e   00000002  00000000  00000002  RWIX
  INT08                 0000ff90   00000002  00000000  00000002  RWIX
  INT09                 0000ff92   00000002  00000000  00000002  RWIX
  INT10                 0000ff94   00000002  00000000  00000002  RWIX
  INT11                 0000ff96   00000002  00000000  00000002  RWIX
  INT12                 0000ff98   00000002  00000000  00000002  RWIX
  INT13                 0000ff9a   00000002  00000000  00000002  RWIX
  INT14                 0000ff9c   00000002  00000000  00000002  RWIX
  INT15                 0000ff9e   00000002  00000000  00000002  RWIX
  INT16                 0000ffa0   00000002  00000000  00000002  RWIX
  INT17                 0000ffa2   00000002  00000000  00000002  RWIX
  INT18                 0000ffa4   00000002  00000000  00000002  RWIX
  INT19                 0000ffa6   00000002  00000000  00000002  RWIX
  INT20                 0000ffa8   00000002  00000000  00000002  RWIX
  INT21                 0000ffaa   00000002  00000000  00000002  RWIX
  INT22                 0000ffac   00000002  00000000  00000002  RWIX
  INT23                 0000ffae   00000002  00000000  00000002  RWIX
  INT24                 0000ffb0   00000002  00000000  00000002  RWIX
  INT25                 0000ffb2   00000002  00000000  00000002  RWIX
  INT26                 0000ffb4   00000002  00000000  00000002  RWIX
  INT27                 0000ffb6   00000002  00000000  00000002  RWIX
  INT28                 0000ffb8   00000002  00000000  00000002  RWIX
  INT29                 0000ffba   00000002  00000000  00000002  RWIX
  INT30                 0000ffbc   00000002  00000000  00000002  RWIX
  INT31                 0000ffbe   00000002  00000000  00000002  RWIX
  INT32                 0000ffc0   00000002  00000000  00000002  RWIX
  INT33                 0000ffc2   00000002  00000000  00000002  RWIX
  INT34                 0000ffc4   00000002  00000000  00000002  RWIX
  INT35                 0000ffc6   00000002  00000000  00000002  RWIX
  INT36                 0000ffc8   00000002  00000000  00000002  RWIX
  INT37                 0000ffca   00000002  00000000  00000002  RWIX
  INT38                 0000ffcc   00000002  00000000  00000002  RWIX
  INT39                 0000ffce   00000002  00000000  00000002  RWIX
  INT40                 0000ffd0   00000002  00000000  00000002  RWIX
  INT41                 0000ffd2   00000002  00000002  00000000  RWIX
  INT42                 0000ffd4   00000002  00000002  00000000  RWIX
  INT43                 0000ffd6   00000002  00000002  00000000  RWIX
  INT44                 0000ffd8   00000002  00000002  00000000  RWIX
  INT45                 0000ffda   00000002  00000002  00000000  RWIX
  INT46                 0000ffdc   00000002  00000002  00000000  RWIX
  INT47                 0000ffde   00000002  00000002  00000000  RWIX
  INT48                 0000ffe0   00000002  00000002  00000000  RWIX
  INT49                 0000ffe2   00000002  00000002  00000000  RWIX
  INT50                 0000ffe4   00000002  00000002  00000000  RWIX
  INT51                 0000ffe6   00000002  00000002  00000000  RWIX
  INT52                 0000ffe8   00000002  00000002  00000000  RWIX
  INT53                 0000ffea   00000002  00000002  00000000  RWIX
  INT54                 0000ffec   00000002  00000002  00000000  RWIX
  INT55                 0000ffee   00000002  00000002  00000000  RWIX
  INT56                 0000fff0   00000002  00000002  00000000  RWIX
  INT57                 0000fff2   00000002  00000002  00000000  RWIX
  INT58                 0000fff4   00000002  00000002  00000000  RWIX
  INT59                 0000fff6   00000002  00000002  00000000  RWIX
  INT60                 0000fff8   00000002  00000002  00000000  RWIX
  INT61                 0000fffa   00000002  00000002  00000000  RWIX
  INT62                 0000fffc   00000002  00000002  00000000  RWIX
  RESET                 0000fffe   00000002  00000002  00000000  RWIX
  FLASH2                00010000   00014400  000074b2  0000cf4e  RWIX


SECTION ALLOCATION MAP

 output                                  attributes/
section   page    origin      length       input sections
--------  ----  ----------  ----------   ----------------
.bss       0    00002400    00000223     UNINITIALIZED
                  00002400    00000080     (.common:outString)
                  00002480    00000034     (.common:meas_result_regrs)
                  000024b4    00000028     (.common:all_data)
                  000024dc    00000028     (.common:bufferP)
                  00002504    00000028     (.common:bufferQ)
                  0000252c    00000028     (.common:bufferX)
                  00002554    00000028     (.common:bufferY)
                  0000257c    00000022     (.common:abramSerialStringDescriptor)
                  0000259e    0000001a     UsbCdc.obj (.bss:CdcReadCtrl)
                  000025b8    00000014     (.common:start2stop)
                  000025cc    0000000c     UsbCdc.obj (.bss:CdcWriteCtrl)
                  000025d8    0000000b     usb.obj (.bss)
                  000025e3    00000001     (.common:TDC720x_address)
                  000025e4    00000008     UsbCdc.obj (.bss:CdcControl)
                  000025ec    00000008     (.common:abUsbRequestIncomingData)
                  000025f4    00000008     (.common:abUsbRequestReturnData)
                  000025fc    00000004     (.common:USB_RX_memcpy)
                  00002600    00000004     (.common:USB_TX_memcpy)
                  00002604    00000004     (.common:ccnt)
                  00002608    00000004     (.common:norm_lsb)
                  0000260c    00000004     (.common:ubuf)
                  00002610    00000004     (.common:vbuf)
                  00002614    00000002     (.common:save_default_timer_period)
                  00002616    00000002     (.common:w)
                  00002618    00000002     (.common:wBytesRemainingOnIEP0)
                  0000261a    00000002     (.common:wBytesRemainingOnOEP0)
                  0000261c    00000002     (.common:wUsbEventMask)
                  0000261e    00000001     (.common:bStatusAction)
                  0000261f    00000001     (.common:save1_tdc7200_mode)
                  00002620    00000001     (.common:save2_tdc7200_mode)
                  00002621    00000001     (.common:save_mode)
                  00002622    00000001     (.common:save_timer_trig_freq)

.data      0    00002624    0000004f     UNINITIALIZED
                  00002624    00000020     main.obj (.data:cmdResponseString)
                  00002644    00000016     main.obj (.data)
                  0000265a    00000009     timer_queue.obj (.data)
                  00002663    00000001     host_interface.obj (.data)
                  00002664    00000008     usb.obj (.data)
                  0000266c    00000004     tdc720x_calculation.obj (.data)
                  00002670    00000002     rts430x_lc_rd_eabi.lib : errno.obj (.data)
                  00002672    00000001     tdc720x_measurement_control.obj (.data)

.stack     0    00004360    000000a0     UNINITIALIZED
                  00004360    00000004     rts430x_lc_rd_eabi.lib : boot.obj (.stack)
                  00004364    0000009c     --HOLE--

.text:_isr 
*          0    00004400    000001c8     
                  00004400    00000138     UsbIsr.obj (.text:_isr:iUsbInterruptHandler)
                  00004538    0000003e     main.obj (.text:_isr:UNMI_ISR)
                  00004576    0000001c     timer_queue.obj (.text:_isr:TIMER1_A0_ISR)
                  00004592    0000001a     rts430x_lc_rd_eabi.lib : boot_special.obj (.text:_isr:_c_int00_noargs_noexit)
                  000045ac    0000000e     timer_queue.obj (.text:_isr:TIMER2_A0_ISR)
                  000045ba    00000008     rts430x_lc_rd_eabi.lib : isr_trap.obj (.text:_isr:__TI_ISR_TRAP)
                  000045c2    00000006     timer_queue.obj (.text:_isr:TIMER0_A0_ISR)

.const     0    000045c8    0000039e     
                  000045c8    0000010a     descriptors.obj (.const:tUsbRequestList)
                  000046d2    00000101     rts430x_lc_rd_eabi.lib : ctype.obj (.const:.string:_ctypes_)
                  000047d3    00000001     --HOLE-- [fill = 0]
                  000047d4    0000008e     descriptors.obj (.const:.string:abromStringDescriptor)
                  00004862    00000043     descriptors.obj (.const:abromConfigurationDescriptorGroup)
                  000048a5    00000001     --HOLE-- [fill = 0]
                  000048a6    00000026     rts430x_lc_rd_eabi.lib : _printfi.obj (.const:.string)
                  000048cc    00000022     tdc720x_calculation.obj (.const:.string)
                  000048ee    00000020     usb.obj (.const:.string)
                  0000490e    0000001c     gpio.obj (.const:GPIO_PORT_TO_BASE)
                  0000492a    00000012     descriptors.obj (.const:.string:abromDeviceDescriptor)
                  0000493c    00000010     host_interface.obj (.const:.string)
                  0000494c    00000010     descriptors.obj (.const:stUsbHandle)
                  0000495c    0000000a     usbdma.obj (.const:$P$T0$1)

.cinit     0    00004966    00000040     
                  00004966    0000001d     (.cinit..data.load) [load image, compression = lzss]
                  00004983    00000001     --HOLE-- [fill = 0]
                  00004984    0000000c     (__TI_handler_table)
                  00004990    00000006     (.cinit..bss.load) [load image, compression = zero_init]
                  00004996    00000010     (__TI_cinit_table)

.init_array 
*          0    00004400    00000000     UNINITIALIZED

RTC        0    0000ffd2    00000002     
                  0000ffd2    00000002     rts430x_lc_rd_eabi.lib : int41.obj (.int41)

PORT2      0    0000ffd4    00000002     
                  0000ffd4    00000002     rts430x_lc_rd_eabi.lib : int42.obj (.int42)

TIMER2_A1 
*          0    0000ffd6    00000002     
                  0000ffd6    00000002     rts430x_lc_rd_eabi.lib : int43.obj (.int43)

TIMER2_A0 
*          0    0000ffd8    00000002     
                  0000ffd8    00000002     timer_queue.obj (.int44)

USCI_B1    0    0000ffda    00000002     
                  0000ffda    00000002     rts430x_lc_rd_eabi.lib : int45.obj (.int45)

USCI_A1    0    0000ffdc    00000002     
                  0000ffdc    00000002     rts430x_lc_rd_eabi.lib : int46.obj (.int46)

PORT1      0    0000ffde    00000002     
                  0000ffde    00000002     rts430x_lc_rd_eabi.lib : int47.obj (.int47)

TIMER1_A1 
*          0    0000ffe0    00000002     
                  0000ffe0    00000002     rts430x_lc_rd_eabi.lib : int48.obj (.int48)

TIMER1_A0 
*          0    0000ffe2    00000002     
                  0000ffe2    00000002     timer_queue.obj (.int49)

DMA        0    0000ffe4    00000002     
                  0000ffe4    00000002     rts430x_lc_rd_eabi.lib : int50.obj (.int50)

USB_UBM    0    0000ffe6    00000002     
                  0000ffe6    00000002     UsbIsr.obj (.int51)

TIMER0_A1 
*          0    0000ffe8    00000002     
                  0000ffe8    00000002     rts430x_lc_rd_eabi.lib : int52.obj (.int52)

TIMER0_A0 
*          0    0000ffea    00000002     
                  0000ffea    00000002     timer_queue.obj (.int53)

ADC12      0    0000ffec    00000002     
                  0000ffec    00000002     rts430x_lc_rd_eabi.lib : int54.obj (.int54)

USCI_B0    0    0000ffee    00000002     
                  0000ffee    00000002     rts430x_lc_rd_eabi.lib : int55.obj (.int55)

USCI_A0    0    0000fff0    00000002     
                  0000fff0    00000002     rts430x_lc_rd_eabi.lib : int56.obj (.int56)

WDT        0    0000fff2    00000002     
                  0000fff2    00000002     rts430x_lc_rd_eabi.lib : int57.obj (.int57)

TIMER0_B1 
*          0    0000fff4    00000002     
                  0000fff4    00000002     rts430x_lc_rd_eabi.lib : int58.obj (.int58)

TIMER0_B0 
*          0    0000fff6    00000002     
                  0000fff6    00000002     rts430x_lc_rd_eabi.lib : int59.obj (.int59)

COMP_B     0    0000fff8    00000002     
                  0000fff8    00000002     rts430x_lc_rd_eabi.lib : int60.obj (.int60)

UNMI       0    0000fffa    00000002     
                  0000fffa    00000002     main.obj (.int61)

SYSNMI     0    0000fffc    00000002     
                  0000fffc    00000002     rts430x_lc_rd_eabi.lib : int62.obj (.int62)

.reset     0    0000fffe    00000002     
                  0000fffe    00000002     rts430x_lc_rd_eabi.lib : boot.obj (.reset)

.text      0    00010000    000074b2     
                  00010000    00000a04     host_interface.obj (.text:handleHostCommand)
                  00010a04    00000478     rts430x_lc_rd_eabi.lib : frcdivd.obj (.text:__TI_frcdivd)
                  00010e7c    00000444     UsbCdc.obj (.text:USBCDC_receiveData)
                  000112c0    0000034e     rts430x_lc_rd_eabi.lib : div64u.obj (.text:__mspabi_divull)
                  0001160e    000002d8                            : addd.obj (.text:__mspabi_addd)
                  000118e6    000002a2     UsbCdc.obj (.text:CdcToHostFromBuffer)
                  00011b88    00000286     rts430x_lc_rd_eabi.lib : frcmpyd.obj (.text:__TI_frcmpyd)
                  00011e0e    00000282                            : mpyd.obj (.text:__mspabi_mpyd)
                  00012090    00000260                            : _printfi.obj (.text:_pproc_fgea)
                  000122f0    0000025e                            : _printfi.obj (.text:_setfield)
                  0001254e    00000252                            : frcaddd.obj (.text:__TI_frcaddd)
                  000127a0    0000023c                            : _printfi.obj (.text:__TI_printfi)
                  000129dc    00000228     UsbCdc.obj (.text:CdcToBufferFromHost)
                  00012c04    00000224     rts430x_lc_rd_eabi.lib : _printfi.obj (.text:acvt)
                  00012e28    00000222                            : divd.obj (.text:__mspabi_divd)
                  0001304a    00000210                            : _printfi.obj (.text:ecvt)
                  0001325a    000001fe                            : _printfi.obj (.text:fcvt)
                  00013458    000001a4                            : _printfi.obj (.text:_pconv_e)
                  000135fc    000001a2     usb.obj (.text:USB_reset)
                  0001379e    000001a0     rts430x_lc_rd_eabi.lib : s_scalbn.obj (.text:scalbn)
                  0001393e    00000188                            : _printfi.obj (.text:_getarg_diouxp)
                  00013ac6    00000170                            : _printfi.obj (.text:_pconv_a)
                  00013c36    00000168     main.obj (.text:USBCommunicationTask)
                  00013d9e    00000148     rts430x_lc_rd_eabi.lib : _printfi.obj (.text:_pproc_diouxp)
                  00013ee6    00000132                            : fs_add.obj (.text)
                  00014018    0000012a                            : _printfi.obj (.text:_ltostr)
                  00014142    000000fc                            : _printfi.obj (.text:_pconv_g)
                  0001423e    000000fa     UsbCdc.obj (.text:CopyUsbToBuff)
                  00014338    000000fa     rts430x_lc_rd_eabi.lib : _printfi.obj (.text:_pproc_fwp)
                  00014432    000000ea     main.obj (.text:Init_Clock)
                  0001451c    000000e8     usb.obj (.text:USB_InitSerialStringDescriptor)
                  00014604    000000e2     usb.obj (.text:USB_enable)
                  000146e6    000000e0     main.obj (.text:main)
                  000147c6    000000d8     UsbCdc.obj (.text:USBCDC_getInterfaceStatus)
                  0001489e    000000d8     rts430x_lc_rd_eabi.lib : cmpd.obj (.text:__mspabi_cmpd)
                  00014976    000000d8     tdc720x_mode1_lt12ns.obj (.text:handle_TDC720x_plus_mux)
                  00014a4e    000000d4     HAL_PMM.obj (.text:SetVCoreUp)
                  00014b22    000000ca     usb.obj (.text:USB_determineFreq)
                  00014bec    000000c8     tdc720x_measurement_control.obj (.text:two_tdc_measure_results)
                  00014cb4    000000c4     TI_MSP430_spi_USCIB0_5xx.obj (.text:TI_TDC720x_SPILongReadReg)
                  00014d78    000000ba     UsbCdc.obj (.text:USBCDC_getBytesInUSBBuffer)
                  00014e32    000000b8     rts430x_lc_rd_eabi.lib : fs_mpy.obj (.text)
                  00014eea    000000b4     tdc720x_mode1_lt12ns.obj (.text:handle_two_TDC720x)
                  00014f9e    000000b2     rts430x_lc_rd_eabi.lib : renormd.obj (.text:__TI_renormd)
                  00015050    000000b2                            : s_frexp.obj (.text:frexp)
                  00015102    000000a6                            : _printfi.obj (.text:_pproc_str)
                  000151a8    0000009e                            : fltlid.obj (.text:__mspabi_fltlid)
                  00015246    0000009a     HAL_PMM.obj (.text:SetVCoreDown)
                  000152e0    0000009a     UsbCdc.obj (.text:USBCDC_sendData)
                  0001537a    00000098     UsbCdc.obj (.text:usbGetLineCoding)
                  00015412    00000096     usb.obj (.text:USB_getConnectionState)
                  000154a8    00000094     usb.obj (.text:USB_init)
                  0001553c    00000090     rts430x_lc_rd_eabi.lib : _printfi.obj (.text:_ecpy)
                  000155cc    00000090                            : _printfi.obj (.text:_mcpy)
                  0001565c    00000090                            : fs_div.obj (.text)
                  000156ec    0000008c     TI_MSP430_spi_USCIB0_5xx.obj (.text:TI_TDC720x_SPIAllReadReg)
                  00015778    0000008c     rts430x_lc_rd_eabi.lib : cvtdf.obj (.text:__mspabi_cvtdf)
                  00015804    0000008a     tdc720x_calculation.obj (.text:print_start2stopn)
                  0001588e    0000008a     usb.obj (.text:usbGetEndpointStatus)
                  00015918    00000086     tdc720x_calculation.obj (.text:TDC720x_normlsb)
                  0001599e    00000086     usb.obj (.text:usbDecodeAndProcessUsbRequest)
                  00015a24    00000082     dma.obj (.text:DMA_init)
                  00015aa6    00000082     rts430x_lc_rd_eabi.lib : autoinit_wdt.obj (.text:_auto_init_hold_wdt)
                  00015b28    00000082     tdc720x_measurement_control.obj (.text:one_tdc_measure_results)
                  00015baa    00000080     rts430x_lc_rd_eabi.lib : ltoa.obj (.text:ltoa)
                  00015c2a    0000007c     main.obj (.text:TI_TDC720x_reg_init)
                  00015ca6    0000007a     tdc720x_calculation.obj (.text:TDC720x_start2stopn)
                  00015d20    00000078     rts430x_lc_rd_eabi.lib : _printfi.obj (.text:_pconv_f)
                  00015d98    00000078                            : copy_decompress_lzss.obj (.text:decompress:lzss:__TI_decompress_lzss)
                  00015e10    00000076     UsbIsr.obj (.text:PWRVBUSoffHandler)
                  00015e86    00000076     TI_MSP430_spi_USCIB0_5xx.obj (.text:TI_TDC720x_SPIAutoIncReadReg)
                  00015efc    00000070     UsbCdc.obj (.text:Handler_SetLineCoding)
                  00015f6c    0000006e     tdc720x_calculation.obj (.text:TDC720x_build_mreg)
                  00015fda    0000006e     usbConstructs.obj (.text:USBCDC_sendDataInBackground)
                  00016048    0000006e     rts430x_lc_rd_eabi.lib : cvtfd.obj (.text:__mspabi_cvtfd)
                  000160b6    0000006e     usb.obj (.text:usbSendNextPacketOnIEP0)
                  00016124    0000006a     UsbIsr.obj (.text:PWRVBUSonHandler)
                  0001618e    00000068     TI_MSP430_spi_USCIB0_5xx.obj (.text:TI_TDC720x_SPISetup)
                  000161f6    00000066     rts430x_lc_rd_eabi.lib : fixdli.obj (.text:__mspabi_fixdli)
                  0001625c    00000066                            : cpy_tbl.obj (.text:copy_in)
                  000162c2    00000064     usbdma.obj (.text:memcpyDMA)
                  00016326    00000062     rts430x_lc_rd_eabi.lib : atoi.obj (.text:atoi)
                  00016388    00000062     timer_queue.obj (.text:timer2_A0_init)
                  000163ea    00000060     UsbCdc.obj (.text:USBCDC_abortSend)
                  0001644a    0000005e     TI_MSP430_spi_USCIB0_5xx.obj (.text:TI_TDC720x_SPIAllReadReg_BothTDCs)
                  000164a8    0000005e     TI_MSP430_spi_USCIB0_5xx.obj (.text:TI_TDC720x_SPIByteReadReg)
                  00016506    0000005c     usbdma.obj (.text:USB_initMemcpy)
                  00016562    0000005a     usb.obj (.text:usbGetStringDescriptor)
                  000165bc    00000058     rts430x_lc_rd_eabi.lib : div32u.obj (.text)
                  00016614    00000056     usbConstructs.obj (.text:USBCDC_receiveDataInBuffer)
                  0001666a    00000054     TI_MSP430_spi_USCIB0_5xx.obj (.text:TI_TDC720x_SPIAutoIncWriteReg)
                  000166be    00000052     usb.obj (.text:usbReceiveNextPacketOnOEP0)
                  00016710    00000050     tlv.obj (.text:TLV_getInfo)
                  00016760    0000004e     rts430x_lc_rd_eabi.lib : _printfi.obj (.text:_fcpy)
                  000167ae    0000004a                            : fs_ltof.obj (.text)
                  000167f8    00000048     UsbIsr.obj (.text:SetupPacketInterruptHandler)
                  00016840    00000048     TI_MSP430_spi_USCIB0_5xx.obj (.text:TI_TDC720x_SPIByteWriteReg)
                  00016888    00000048     usb.obj (.text:usbSetEndpointFeature)
                  000168d0    00000046     rts430x_lc_rd_eabi.lib : fs_tou.obj (.text)
                  00016916    00000044                            : sprintf.obj (.text:sprintf)
                  0001695a    00000040     HAL_PMM.obj (.text:SetVCore)
                  0001699a    00000040     rts430x_lc_rd_eabi.lib : div32s.obj (.text)
                  000169da    00000040     usb.obj (.text:usbClearEndpointFeature)
                  00016a1a    0000003e     UsbCdc.obj (.text:CdcResetData)
                  00016a58    0000003e     ucs.obj (.text:UCS_turnOnXT2WithTimeout)
                  00016a96    0000003e     rts430x_lc_rd_eabi.lib : asr32.obj (.text:l_asr_const)
                  00016ad4    0000003e                            : lsl32.obj (.text:l_lsl_const)
                  00016b12    0000003e                            : lsr32.obj (.text:l_lsr_const)
                  00016b50    0000003c     uart_commn.obj (.text:InitUART)
                  00016b8c    0000003a     rts430x_lc_rd_eabi.lib : lsl64.obj (.text:__mspabi_sllll)
                  00016bc6    0000003a                            : lsr64.obj (.text:__mspabi_srlll)
                  00016c00    00000038     UsbIsr.obj (.text:OEP0InterruptHandler)
                  00016c38    00000036     host_interface.obj (.text:char2nibble)
                  00016c6e    00000036     rts430x_lc_rd_eabi.lib : fs_itof.obj (.text)
                  00016ca4    00000032                            : subd.obj (.text:__mspabi_subd)
                  00016cd6    00000032     timer_queue.obj (.text:wait_on_intb_pin)
                  00016d08    00000030     dma.obj (.text:DMA_setDstAddress)
                  00016d38    00000030     main.obj (.text:InitMCU)
                  00016d68    00000030     usb.obj (.text:USB_getConnectionInformation)
                  00016d98    00000030     usb.obj (.text:USB_suspend)
                  00016dc8    00000030     timer_queue.obj (.text:tdc_trigger_measure)
                  00016df8    0000002e     dma.obj (.text:DMA_setSrcAddress)
                  00016e26    0000002e     rts430x_lc_rd_eabi.lib : negd.obj (.text:__mspabi_negd)
                  00016e54    0000002e                            : s_copysign.obj (.text:copysign)
                  00016e82    0000002c     uart_commn.obj (.text:putsUART)
                  00016eae    0000002c     rts430x_lc_rd_eabi.lib : div16s.obj (.text)
                  00016eda    0000002c     usb.obj (.text:usbGetDeviceStatus)
                  00016f06    0000002a     usbdma.obj (.text:memcpyV)
                  00016f30    00000028     gpio.obj (.text:GPIO_setAsPeripheralModuleFunctionOutputPin)
                  00016f58    00000028     rts430x_lc_rd_eabi.lib : fixdi.obj (.text:__mspabi_fixdi)
                  00016f80    00000026     usb.obj (.text:usbSetConfiguration)
                  00016fa6    00000024     rts430x_lc_rd_eabi.lib : copy_zero_init.obj (.text:decompress:ZI:__TI_zero_init)
                  00016fca    00000024                            : fs_utof.obj (.text)
                  00016fee    00000024                            : mult32_f5hw.obj (.text)
                  00017012    00000024     usb.obj (.text:usbDisableInEndpointInterrupt)
                  00017036    00000024     usb.obj (.text:usbDisableOutEndpointInterrupt)
                  0001705a    00000022     usb.obj (.text:USB_disable)
                  0001707c    00000022     usb.obj (.text:usbSendDataPacketOnEP0)
                  0001709e    00000020     rts430x_lc_rd_eabi.lib : sprintf.obj (.text:_outs)
                  000170be    00000020     usb.obj (.text:usbSetAddress)
                  000170de    0000001e     rts430x_lc_rd_eabi.lib : memccpy.obj (.text:memccpy)
                  000170fc    0000001e     timer_queue.obj (.text:timer1_A0_init)
                  0001711a    0000001e     usb.obj (.text:usbGetInterface)
                  00017138    0000001e     usb.obj (.text:usbGetInterfaceStatus)
                  00017156    0000001c     UsbIsr.obj (.text:IEP0InterruptHandler)
                  00017172    0000001c     rts430x_lc_rd_eabi.lib : strchr.obj (.text:strchr)
                  0001718e    0000001a     UsbCdc.obj (.text:CdcIsReceiveInProgress)
                  000171a8    0000001a     usb.obj (.text:USB_connect)
                  000171c2    00000018     tdc720x_mode1_lt12ns.obj (.text:TDC720x_mode1_lt12ns)
                  000171da    00000018     usb.obj (.text:USB_resume)
                  000171f2    00000018     rts430x_lc_rd_eabi.lib : mult16_f5hw.obj (.text)
                  0001720a    00000018     usb.obj (.text:usbClearDeviceFeature)
                  00017222    00000018     usb.obj (.text:usbSetDeviceFeature)
                  0001723a    00000016     tdc720x_calculation.obj (.text:TDC720x_calc)
                  00017250    00000016     rts430x_lc_rd_eabi.lib : memset.obj (.text:memset)
                  00017266    00000016                            : div16u.obj (.text)
                  0001727c    00000016     usb.obj (.text:usbGetConfigurationDescriptor)
                  00017292    00000016     usb.obj (.text:usbGetDeviceDescriptor)
                  000172a8    00000014     usbEventHandling.obj (.text:USB_handleVbusOnEvent)
                  000172bc    00000014     rts430x_lc_rd_eabi.lib : sprintf.obj (.text:_outc)
                  000172d0    00000014                            : memcpy.obj (.text:memcpy)
                  000172e4    00000014     usb.obj (.text:usbGetConfiguration)
                  000172f8    00000014     usb.obj (.text:usbReceiveDataPacketOnEP0)
                  0001730c    00000014     UsbCdc.obj (.text:usbSetControlLineState)
                  00017320    00000012     rts430x_lc_rd_eabi.lib : copy_decompress_none.obj (.text:decompress:none:__TI_decompress_none)
                  00017332    00000012                            : toupper.obj (.text:toupper)
                  00017344    00000012     usb.obj (.text:usbSetInterface)
                  00017356    00000010     dma.obj (.text:DMA_disableTransfers)
                  00017366    00000010     dma.obj (.text:DMA_enableTransfers)
                  00017376    00000010     rts430x_lc_rd_eabi.lib : asr32.obj (.text:l_asr)
                  00017386    00000010                            : lsl32.obj (.text:l_lsl)
                  00017396    00000010                            : lsr32.obj (.text:l_lsr)
                  000173a6    0000000e     dma.obj (.text:DMA_getInterruptStatus)
                  000173b4    0000000e     dma.obj (.text:DMA_startTransfer)
                  000173c2    0000000e     rts430x_lc_rd_eabi.lib : strlen.obj (.text:strlen)
                  000173d0    0000000e     usb.obj (.text:usbInvalidRequest)
                  000173de    0000000e     usb.obj (.text:usbSendZeroLengthPacketOnIEP0)
                  000173ec    0000000c     dma.obj (.text:DMA_setTransferSize)
                  000173f8    0000000c     rts430x_lc_rd_eabi.lib : fltid.obj (.text:__mspabi_fltid)
                  00017404    0000000c     UsbCdc.obj (.text:usbSetLineCoding)
                  00017410    0000000a     rts430x_lc_rd_eabi.lib : abs.obj (.text:abs)
                  0001741a    0000000a                            : lsl16.obj (.text)
                  00017424    0000000a                            : lsr16.obj (.text)
                  0001742e    0000000a     usb.obj (.text:usbStallEndpoint0)
                  00017438    00000008     ucs.obj (.text:UCS_turnOffXT2)
                  00017440    00000008     usbEventHandling.obj (.text:USBCDC_handleDataReceived)
                  00017448    00000008     usbEventHandling.obj (.text:USB_handleVbusOffEvent)
                  00017450    00000008     usb.obj (.text:USB_setEnabledEvents)
                  00017458    00000006     dma.obj (.text:DMA_disableTransferDuringReadModifyWrite)
                  0001745e    00000006     dma.obj (.text:DMA_enableTransferDuringReadModifyWrite)
                  00017464    00000006     usb.obj (.text:USB_getVersion)
                  0001746a    00000006     rts430x_lc_rd_eabi.lib : exit.obj (.text:abort)
                  00017470    00000006     usb.obj (.text:usbClearOEP0ByteCount)
                  00017476    00000006     usb.obj (.text:usbRestoreInEndpointInterrupt)
                  0001747c    00000006     usb.obj (.text:usbRestoreOutEndpointInterrupt)
                  00017482    00000006     usb.obj (.text:usbStallOEP0)
                  00017488    00000004     usbEventHandling.obj (.text:USBCDC_handleReceiveCompleted)
                  0001748c    00000004     usbEventHandling.obj (.text:USBCDC_handleSendCompleted)
                  00017490    00000004     usbEventHandling.obj (.text:USBCDC_handleSetControlLineState)
                  00017494    00000004     usbEventHandling.obj (.text:USBCDC_handleSetLineCoding)
                  00017498    00000004     usbEventHandling.obj (.text:USB_handleClockEvent)
                  0001749c    00000004     usbEventHandling.obj (.text:USB_handleEnumerationCompleteEvent)
                  000174a0    00000004     usbEventHandling.obj (.text:USB_handleResetEvent)
                  000174a4    00000004     usbEventHandling.obj (.text:USB_handleResumeEvent)
                  000174a8    00000004     usbEventHandling.obj (.text:USB_handleSuspendEvent)
                  000174ac    00000004     rts430x_lc_rd_eabi.lib : pre_init.obj (.text:_system_pre_init)
                  000174b0    00000002                            : startup.obj (.text:_system_post_cinit)

MODULE SUMMARY

       Module                            code    ro data   rw data
       ------                            ----    -------   -------
    .\
       host_interface.obj                2618    16        48     
       main.obj                          1052    2         224    
       tdc720x_calculation.obj           526     34        212    
       tdc720x_mode1_lt12ns.obj          420     0         0      
       tdc720x_measurement_control.obj   330     0         1      
       timer_queue.obj                   274     6         9      
       uart_commn.obj                    104     0         0      
    +--+---------------------------------+-------+---------+---------+
       Total:                            5324    58        494    
                                                                  
    .\F5xx_F6xx_Core_Lib\
       HAL_PMM.obj                       430     0         0      
    +--+---------------------------------+-------+---------+---------+
       Total:                            430     0         0      
                                                                  
    .\USB_API\USB_CDC_API\
       UsbCdc.obj                        3604    0         46     
    +--+---------------------------------+-------+---------+---------+
       Total:                            3604    0         46     
                                                                  
    .\USB_API\USB_Common\
       usb.obj                           2752    32        76     
       usbdma.obj                        234     10        8      
    +--+---------------------------------+-------+---------+---------+
       Total:                            2986    42        84     
                                                                  
    .\USB_app\
       usbConstructs.obj                 196     0         0      
       usbEventHandling.obj              72      0         0      
    +--+---------------------------------+-------+---------+---------+
       Total:                            268     0         0      
                                                                  
    .\USB_config\
       UsbIsr.obj                        692     2         0      
       descriptors.obj                   0       509       0      
    +--+---------------------------------+-------+---------+---------+
       Total:                            692     511       0      
                                                                  
    .\driverlib\MSP430F5xx_6xx\
       dma.obj                           308     0         0      
       tlv.obj                           80      0         0      
       ucs.obj                           70      0         0      
       gpio.obj                          40      28        0      
    +--+---------------------------------+-------+---------+---------+
       Total:                            498     28        0      
                                                                  
    .\library\
       TI_MSP430_spi_USCIB0_5xx.obj      902     0         0      
    +--+---------------------------------+-------+---------+---------+
       Total:                            902     0         0      
                                                                  
    C:\ti\ccsv7\tools\compiler\ti-cgt-msp430_16.9.0.LTS\lib\rts430x_lc_rd_eabi.lib
       _printfi.obj                      6332    38        0      
       frcdivd.obj                       1144    0         0      
       div64u.obj                        846     0         0      
       addd.obj                          728     0         0      
       frcmpyd.obj                       646     0         0      
       mpyd.obj                          642     0         0      
       frcaddd.obj                       594     0         0      
       divd.obj                          546     0         0      
       s_scalbn.obj                      416     0         0      
       fs_add.obj                        306     0         0      
       ctype.obj                         0       257       0      
       cmpd.obj                          216     0         0      
       fs_mpy.obj                        184     0         0      
       renormd.obj                       178     0         0      
       s_frexp.obj                       178     0         0      
       fltlid.obj                        158     0         0      
       fs_div.obj                        144     0         0      
       cvtdf.obj                         140     0         0      
       autoinit_wdt.obj                  130     0         0      
       ltoa.obj                          128     0         0      
       copy_decompress_lzss.obj          120     0         0      
       sprintf.obj                       120     0         0      
       cvtfd.obj                         110     0         0      
       cpy_tbl.obj                       102     0         0      
       fixdli.obj                        102     0         0      
       atoi.obj                          98      0         0      
       div32u.obj                        88      0         0      
       asr32.obj                         78      0         0      
       lsl32.obj                         78      0         0      
       lsr32.obj                         78      0         0      
       fs_ltof.obj                       74      0         0      
       fs_tou.obj                        70      0         0      
       div32s.obj                        64      0         0      
       lsl64.obj                         58      0         0      
       lsr64.obj                         58      0         0      
       fs_itof.obj                       54      0         0      
       subd.obj                          50      0         0      
       negd.obj                          46      0         0      
       s_copysign.obj                    46      0         0      
       div16s.obj                        44      0         0      
       fixdi.obj                         40      0         0      
       copy_zero_init.obj                36      0         0      
       fs_utof.obj                       36      0         0      
       mult32_f5hw.obj                   36      0         0      
       memccpy.obj                       30      0         0      
       strchr.obj                        28      0         0      
       boot_special.obj                  26      0         0      
       mult16_f5hw.obj                   24      0         0      
       div16u.obj                        22      0         0      
       memset.obj                        22      0         0      
       memcpy.obj                        20      0         0      
       copy_decompress_none.obj          18      0         0      
       toupper.obj                       18      0         0      
       strlen.obj                        14      0         0      
       fltid.obj                         12      0         0      
       abs.obj                           10      0         0      
       lsl16.obj                         10      0         0      
       lsr16.obj                         10      0         0      
       isr_trap.obj                      8       0         0      
       exit.obj                          6       0         0      
       pre_init.obj                      4       0         0      
       boot.obj                          0       2         0      
       errno.obj                         0       0         2      
       int41.obj                         0       2         0      
       int42.obj                         0       2         0      
       int43.obj                         0       2         0      
       int45.obj                         0       2         0      
       int46.obj                         0       2         0      
       int47.obj                         0       2         0      
       int48.obj                         0       2         0      
       int50.obj                         0       2         0      
       int52.obj                         0       2         0      
       int54.obj                         0       2         0      
       int55.obj                         0       2         0      
       int56.obj                         0       2         0      
       int57.obj                         0       2         0      
       int58.obj                         0       2         0      
       int59.obj                         0       2         0      
       int60.obj                         0       2         0      
       int62.obj                         0       2         0      
       startup.obj                       2       0         0      
    +--+---------------------------------+-------+---------+---------+
       Total:                            15626   331       2      
                                                                  
       Stack:                            0       0         160    
       Linker Generated:                 0       63        0      
    +--+---------------------------------+-------+---------+---------+
       Grand Total:                      30330   1033      786    


LINKER GENERATED COPY TABLES

__TI_cinit_table @ 00004996 records: 2, size/record: 8, table size: 16
	.data: load addr=00004966, load size=0000001d bytes, run addr=00002624, run size=0000004f bytes, compression=lzss
	.bss: load addr=00004990, load size=00000006 bytes, run addr=00002400, run size=00000223 bytes, compression=zero_init


LINKER GENERATED HANDLER TABLE

__TI_handler_table @ 00004984 records: 3, size/record: 4, table size: 12
	index: 0, handler: __TI_zero_init
	index: 1, handler: __TI_decompress_lzss
	index: 2, handler: __TI_decompress_none


GLOBAL SYMBOLS: SORTED ALPHABETICALLY BY Name 

address   name                                       
-------   ----                                       
00000700  ADC12CTL0                                  
00000701  ADC12CTL0_H                                
00000700  ADC12CTL0_L                                
00000702  ADC12CTL1                                  
00000703  ADC12CTL1_H                                
00000702  ADC12CTL1_L                                
00000704  ADC12CTL2                                  
00000705  ADC12CTL2_H                                
00000704  ADC12CTL2_L                                
0000070c  ADC12IE                                    
0000070d  ADC12IE_H                                  
0000070c  ADC12IE_L                                  
0000070a  ADC12IFG                                   
0000070b  ADC12IFG_H                                 
0000070a  ADC12IFG_L                                 
0000070e  ADC12IV                                    
0000070f  ADC12IV_H                                  
0000070e  ADC12IV_L                                  
00000710  ADC12MCTL0                                 
00000711  ADC12MCTL1                                 
0000071a  ADC12MCTL10                                
0000071b  ADC12MCTL11                                
0000071c  ADC12MCTL12                                
0000071d  ADC12MCTL13                                
0000071e  ADC12MCTL14                                
0000071f  ADC12MCTL15                                
00000712  ADC12MCTL2                                 
00000713  ADC12MCTL3                                 
00000714  ADC12MCTL4                                 
00000715  ADC12MCTL5                                 
00000716  ADC12MCTL6                                 
00000717  ADC12MCTL7                                 
00000718  ADC12MCTL8                                 
00000719  ADC12MCTL9                                 
00000720  ADC12MEM0                                  
00000721  ADC12MEM0_H                                
00000720  ADC12MEM0_L                                
00000722  ADC12MEM1                                  
00000734  ADC12MEM10                                 
00000735  ADC12MEM10_H                               
00000734  ADC12MEM10_L                               
00000736  ADC12MEM11                                 
00000737  ADC12MEM11_H                               
00000736  ADC12MEM11_L                               
00000738  ADC12MEM12                                 
00000739  ADC12MEM12_H                               
00000738  ADC12MEM12_L                               
0000073a  ADC12MEM13                                 
0000073b  ADC12MEM13_H                               
0000073a  ADC12MEM13_L                               
0000073c  ADC12MEM14                                 
0000073d  ADC12MEM14_H                               
0000073c  ADC12MEM14_L                               
0000073e  ADC12MEM15                                 
0000073f  ADC12MEM15_H                               
0000073e  ADC12MEM15_L                               
00000723  ADC12MEM1_H                                
00000722  ADC12MEM1_L                                
00000724  ADC12MEM2                                  
00000725  ADC12MEM2_H                                
00000724  ADC12MEM2_L                                
00000726  ADC12MEM3                                  
00000727  ADC12MEM3_H                                
00000726  ADC12MEM3_L                                
00000728  ADC12MEM4                                  
00000729  ADC12MEM4_H                                
00000728  ADC12MEM4_L                                
0000072a  ADC12MEM5                                  
0000072b  ADC12MEM5_H                                
0000072a  ADC12MEM5_L                                
0000072c  ADC12MEM6                                  
0000072d  ADC12MEM6_H                                
0000072c  ADC12MEM6_L                                
0000072e  ADC12MEM7                                  
0000072f  ADC12MEM7_H                                
0000072e  ADC12MEM7_L                                
00000730  ADC12MEM8                                  
00000731  ADC12MEM8_H                                
00000730  ADC12MEM8_L                                
00000732  ADC12MEM9                                  
00000733  ADC12MEM9_H                                
00000732  ADC12MEM9_L                                
0001746a  C$$EXIT                                    
000008c0  CBCTL0                                     
000008c1  CBCTL0_H                                   
000008c0  CBCTL0_L                                   
000008c2  CBCTL1                                     
000008c3  CBCTL1_H                                   
000008c2  CBCTL1_L                                   
000008c4  CBCTL2                                     
000008c5  CBCTL2_H                                   
000008c4  CBCTL2_L                                   
000008c6  CBCTL3                                     
000008c7  CBCTL3_H                                   
000008c6  CBCTL3_L                                   
000008cc  CBINT                                      
000008cd  CBINT_H                                    
000008cc  CBINT_L                                    
000008ce  CBIV                                       
00000150  CRCDI                                      
00000152  CRCDIRB                                    
00000153  CRCDIRB_H                                  
00000152  CRCDIRB_L                                  
00000151  CRCDI_H                                    
00000150  CRCDI_L                                    
00000154  CRCINIRES                                  
00000155  CRCINIRES_H                                
00000154  CRCINIRES_L                                
00000156  CRCRESR                                    
00000157  CRCRESR_H                                  
00000156  CRCRESR_L                                  
0001718e  CdcIsReceiveInProgress                     
00016a1a  CdcResetData                               
000129dc  CdcToBufferFromHost                        
000118e6  CdcToHostFromBuffer                        
0001423e  CopyUsbToBuff                              
00000510  DMA0CTL                                    
00000511  DMA0CTL_H                                  
00000510  DMA0CTL_L                                  
00000516  DMA0DA                                     
00000518  DMA0DAH                                    
00000516  DMA0DAL                                    
00000512  DMA0SA                                     
00000514  DMA0SAH                                    
00000512  DMA0SAL                                    
0000051a  DMA0SZ                                     
00000520  DMA1CTL                                    
00000521  DMA1CTL_H                                  
00000520  DMA1CTL_L                                  
00000526  DMA1DA                                     
00000528  DMA1DAH                                    
00000526  DMA1DAL                                    
00000522  DMA1SA                                     
00000524  DMA1SAH                                    
00000522  DMA1SAL                                    
0000052a  DMA1SZ                                     
00000530  DMA2CTL                                    
00000531  DMA2CTL_H                                  
00000530  DMA2CTL_L                                  
00000536  DMA2DA                                     
00000538  DMA2DAH                                    
00000536  DMA2DAL                                    
00000532  DMA2SA                                     
00000534  DMA2SAH                                    
00000532  DMA2SAL                                    
0000053a  DMA2SZ                                     
00000500  DMACTL0                                    
00000501  DMACTL0_H                                  
00000500  DMACTL0_L                                  
00000502  DMACTL1                                    
00000503  DMACTL1_H                                  
00000502  DMACTL1_L                                  
00000504  DMACTL2                                    
00000505  DMACTL2_H                                  
00000504  DMACTL2_L                                  
00000506  DMACTL3                                    
00000507  DMACTL3_H                                  
00000506  DMACTL3_L                                  
00000508  DMACTL4                                    
00000509  DMACTL4_H                                  
00000508  DMACTL4_L                                  
0000050e  DMAIV                                      
0000050f  DMAIV_H                                    
0000050e  DMAIV_L                                    
00017458  DMA_disableTransferDuringReadModifyWrite   
00017356  DMA_disableTransfers                       
0001745e  DMA_enableTransferDuringReadModifyWrite    
00017366  DMA_enableTransfers                        
000173a6  DMA_getInterruptStatus                     
00015a24  DMA_init                                   
00016d08  DMA_setDstAddress                          
00016df8  DMA_setSrcAddress                          
000173ec  DMA_setTransferSize                        
000173b4  DMA_startTransfer                          
00000140  FCTL1                                      
00000141  FCTL1_H                                    
00000140  FCTL1_L                                    
00000144  FCTL3                                      
00000145  FCTL3_H                                    
00000144  FCTL3_L                                    
00000146  FCTL4                                      
00000147  FCTL4_H                                    
00000146  FCTL4_L                                    
00016f30  GPIO_setAsPeripheralModuleFunctionOutputPin
00015efc  Handler_SetLineCoding                      
00017156  IEP0InterruptHandler                       
00016d38  InitMCU                                    
00016b50  InitUART                                   
00014432  Init_Clock                                 
000004c4  MAC                                        
000004da  MAC32H                                     
000004db  MAC32H_H                                   
000004da  MAC32H_L                                   
000004d8  MAC32L                                     
000004d9  MAC32L_H                                   
000004d8  MAC32L_L                                   
000004c6  MACS                                       
000004de  MACS32H                                    
000004df  MACS32H_H                                  
000004de  MACS32H_L                                  
000004dc  MACS32L                                    
000004dd  MACS32L_H                                  
000004dc  MACS32L_L                                  
000004c7  MACS_H                                     
000004c6  MACS_L                                     
000004c5  MAC_H                                      
000004c4  MAC_L                                      
000004c0  MPY                                        
000004ec  MPY32CTL0                                  
000004ed  MPY32CTL0_H                                
000004ec  MPY32CTL0_L                                
000004d2  MPY32H                                     
000004d3  MPY32H_H                                   
000004d2  MPY32H_L                                   
000004d0  MPY32L                                     
000004d1  MPY32L_H                                   
000004d0  MPY32L_L                                   
000004c2  MPYS                                       
000004d6  MPYS32H                                    
000004d7  MPYS32H_H                                  
000004d6  MPYS32H_L                                  
000004d4  MPYS32L                                    
000004d5  MPYS32L_H                                  
000004d4  MPYS32L_L                                  
000004c3  MPYS_H                                     
000004c2  MPYS_L                                     
000004c1  MPY_H                                      
000004c0  MPY_L                                      
00002660  Measure_LT12ns_Method                      
00016c00  OEP0InterruptHandler                       
000004c8  OP2                                        
000004e2  OP2H                                       
000004e3  OP2H_H                                     
000004e2  OP2H_L                                     
000004e0  OP2L                                       
000004e1  OP2L_H                                     
000004e0  OP2L_L                                     
000004c9  OP2_H                                      
000004c8  OP2_L                                      
0000020e  P1IV                                       
0000021e  P2IV                                       
000001e0  P4MAP01                                    
000001e1  P4MAP01_H                                  
000001e0  P4MAP01_L                                  
000001e2  P4MAP23                                    
000001e3  P4MAP23_H                                  
000001e2  P4MAP23_L                                  
000001e4  P4MAP45                                    
000001e5  P4MAP45_H                                  
000001e4  P4MAP45_L                                  
000001e6  P4MAP67                                    
000001e7  P4MAP67_H                                  
000001e6  P4MAP67_L                                  
00000204  PADIR                                      
00000205  PADIR_H                                    
00000204  PADIR_L                                    
00000208  PADS                                       
00000209  PADS_H                                     
00000208  PADS_L                                     
0000021a  PAIE                                       
00000218  PAIES                                      
00000219  PAIES_H                                    
00000218  PAIES_L                                    
0000021b  PAIE_H                                     
0000021a  PAIE_L                                     
0000021c  PAIFG                                      
0000021d  PAIFG_H                                    
0000021c  PAIFG_L                                    
00000200  PAIN                                       
00000201  PAIN_H                                     
00000200  PAIN_L                                     
00000202  PAOUT                                      
00000203  PAOUT_H                                    
00000202  PAOUT_L                                    
00000206  PAREN                                      
00000207  PAREN_H                                    
00000206  PAREN_L                                    
0000020a  PASEL                                      
0000020b  PASEL_H                                    
0000020a  PASEL_L                                    
00000224  PBDIR                                      
00000225  PBDIR_H                                    
00000224  PBDIR_L                                    
00000228  PBDS                                       
00000229  PBDS_H                                     
00000228  PBDS_L                                     
00000220  PBIN                                       
00000221  PBIN_H                                     
00000220  PBIN_L                                     
00000222  PBOUT                                      
00000223  PBOUT_H                                    
00000222  PBOUT_L                                    
00000226  PBREN                                      
00000227  PBREN_H                                    
00000226  PBREN_L                                    
0000022a  PBSEL                                      
0000022b  PBSEL_H                                    
0000022a  PBSEL_L                                    
00000244  PCDIR                                      
00000245  PCDIR_H                                    
00000244  PCDIR_L                                    
00000248  PCDS                                       
00000249  PCDS_H                                     
00000248  PCDS_L                                     
00000240  PCIN                                       
00000241  PCIN_H                                     
00000240  PCIN_L                                     
00000242  PCOUT                                      
00000243  PCOUT_H                                    
00000242  PCOUT_L                                    
00000246  PCREN                                      
00000247  PCREN_H                                    
00000246  PCREN_L                                    
0000024a  PCSEL                                      
0000024b  PCSEL_H                                    
0000024a  PCSEL_L                                    
00000264  PDDIR                                      
00000265  PDDIR_H                                    
00000264  PDDIR_L                                    
00000268  PDDS                                       
00000269  PDDS_H                                     
00000268  PDDS_L                                     
00000260  PDIN                                       
00000261  PDIN_H                                     
00000260  PDIN_L                                     
00000262  PDOUT                                      
00000263  PDOUT_H                                    
00000262  PDOUT_L                                    
00000266  PDREN                                      
00000267  PDREN_H                                    
00000266  PDREN_L                                    
0000026a  PDSEL                                      
0000026b  PDSEL_H                                    
0000026a  PDSEL_L                                    
00000324  PJDIR                                      
00000325  PJDIR_H                                    
00000324  PJDIR_L                                    
00000328  PJDS                                       
00000329  PJDS_H                                     
00000328  PJDS_L                                     
00000320  PJIN                                       
00000321  PJIN_H                                     
00000320  PJIN_L                                     
00000322  PJOUT                                      
00000323  PJOUT_H                                    
00000322  PJOUT_L                                    
00000326  PJREN                                      
00000327  PJREN_H                                    
00000326  PJREN_L                                    
00000130  PM5CTL0                                    
00000131  PM5CTL0_H                                  
00000130  PM5CTL0_L                                  
000001c2  PMAPCTL                                    
000001c3  PMAPCTL_H                                  
000001c2  PMAPCTL_L                                  
000001c0  PMAPKEYID                                  
000001c1  PMAPKEYID_H                                
000001c0  PMAPKEYID_L                                
00000120  PMMCTL0                                    
00000121  PMMCTL0_H                                  
00000120  PMMCTL0_L                                  
00000122  PMMCTL1                                    
00000123  PMMCTL1_H                                  
00000122  PMMCTL1_L                                  
0000012c  PMMIFG                                     
0000012d  PMMIFG_H                                   
0000012c  PMMIFG_L                                   
0000012e  PMMRIE                                     
0000012f  PMMRIE_H                                   
0000012e  PMMRIE_L                                   
00015e10  PWRVBUSoffHandler                          
00016124  PWRVBUSonHandler                           
00000158  RCCTL0                                     
00000159  RCCTL0_H                                   
00000158  RCCTL0_L                                   
000001b0  REFCTL0                                    
000001b1  REFCTL0_H                                  
000001b0  REFCTL0_L                                  
000004e4  RES0                                       
000004e5  RES0_H                                     
000004e4  RES0_L                                     
000004e6  RES1                                       
000004e7  RES1_H                                     
000004e6  RES1_L                                     
000004e8  RES2                                       
000004e9  RES2_H                                     
000004e8  RES2_L                                     
000004ea  RES3                                       
000004eb  RES3_H                                     
000004ea  RES3_L                                     
000004cc  RESHI                                      
000004cd  RESHI_H                                    
000004cc  RESHI_L                                    
000004ca  RESLO                                      
000004cb  RESLO_H                                    
000004ca  RESLO_L                                    
000004ba  RTCADOWDAY                                 
000004bb  RTCADOWDAY_H                               
000004ba  RTCADOWDAY_L                               
000004b8  RTCAMINHR                                  
000004b9  RTCAMINHR_H                                
000004b8  RTCAMINHR_L                                
000004a0  RTCCTL01                                   
000004a1  RTCCTL01_H                                 
000004a0  RTCCTL01_L                                 
000004a2  RTCCTL23                                   
000004a3  RTCCTL23_H                                 
000004a2  RTCCTL23_L                                 
000004b4  RTCDATE                                    
000004b5  RTCDATE_H                                  
000004b4  RTCDATE_L                                  
000004ae  RTCIV                                      
000004ac  RTCPS                                      
000004a8  RTCPS0CTL                                  
000004a9  RTCPS0CTL_H                                
000004a8  RTCPS0CTL_L                                
000004aa  RTCPS1CTL                                  
000004ab  RTCPS1CTL_H                                
000004aa  RTCPS1CTL_L                                
000004ad  RTCPS_H                                    
000004ac  RTCPS_L                                    
000004b0  RTCTIM0                                    
000004b1  RTCTIM0_H                                  
000004b0  RTCTIM0_L                                  
000004b2  RTCTIM1                                    
000004b3  RTCTIM1_H                                  
000004b2  RTCTIM1_L                                  
000004b6  RTCYEAR                                    
000004b7  RTCYEAR_H                                  
000004b6  RTCYEAR_L                                  
00000100  SFRIE1                                     
00000101  SFRIE1_H                                   
00000100  SFRIE1_L                                   
00000102  SFRIFG1                                    
00000103  SFRIFG1_H                                  
00000102  SFRIFG1_L                                  
00000104  SFRRPCR                                    
00000105  SFRRPCR_H                                  
00000104  SFRRPCR_L                                  
000004ce  SUMEXT                                     
000004cf  SUMEXT_H                                   
000004ce  SUMEXT_L                                   
00000124  SVSMHCTL                                   
00000125  SVSMHCTL_H                                 
00000124  SVSMHCTL_L                                 
00000128  SVSMIO                                     
00000129  SVSMIO_H                                   
00000128  SVSMIO_L                                   
00000126  SVSMLCTL                                   
00000127  SVSMLCTL_H                                 
00000126  SVSMLCTL_L                                 
00000198  SYSBERRIV                                  
00000199  SYSBERRIV_H                                
00000198  SYSBERRIV_L                                
00000182  SYSBSLC                                    
00000183  SYSBSLC_H                                  
00000182  SYSBSLC_L                                  
00000180  SYSCTL                                     
00000181  SYSCTL_H                                   
00000180  SYSCTL_L                                   
00000186  SYSJMBC                                    
00000187  SYSJMBC_H                                  
00000186  SYSJMBC_L                                  
00000188  SYSJMBI0                                   
00000189  SYSJMBI0_H                                 
00000188  SYSJMBI0_L                                 
0000018a  SYSJMBI1                                   
0000018b  SYSJMBI1_H                                 
0000018a  SYSJMBI1_L                                 
0000018c  SYSJMBO0                                   
0000018d  SYSJMBO0_H                                 
0000018c  SYSJMBO0_L                                 
0000018e  SYSJMBO1                                   
0000018f  SYSJMBO1_H                                 
0000018e  SYSJMBO1_L                                 
0000019e  SYSRSTIV                                   
0000019f  SYSRSTIV_H                                 
0000019e  SYSRSTIV_L                                 
0000019c  SYSSNIV                                    
0000019d  SYSSNIV_H                                  
0000019c  SYSSNIV_L                                  
0000019a  SYSUNIV                                    
0000019b  SYSUNIV_H                                  
0000019a  SYSUNIV_L                                  
0001695a  SetVCore                                   
000167f8  SetupPacketInterruptHandler                
00000352  TA0CCR0                                    
00000354  TA0CCR1                                    
00000356  TA0CCR2                                    
00000358  TA0CCR3                                    
0000035a  TA0CCR4                                    
00000342  TA0CCTL0                                   
00000344  TA0CCTL1                                   
00000346  TA0CCTL2                                   
00000348  TA0CCTL3                                   
0000034a  TA0CCTL4                                   
00000340  TA0CTL                                     
00000360  TA0EX0                                     
0000036e  TA0IV                                      
00000350  TA0R                                       
00000392  TA1CCR0                                    
00000394  TA1CCR1                                    
00000396  TA1CCR2                                    
00000382  TA1CCTL0                                   
00000384  TA1CCTL1                                   
00000386  TA1CCTL2                                   
00000380  TA1CTL                                     
000003a0  TA1EX0                                     
000003ae  TA1IV                                      
00000390  TA1R                                       
00000412  TA2CCR0                                    
00000414  TA2CCR1                                    
00000416  TA2CCR2                                    
00000402  TA2CCTL0                                   
00000404  TA2CCTL1                                   
00000406  TA2CCTL2                                   
00000400  TA2CTL                                     
00000420  TA2EX0                                     
0000042e  TA2IV                                      
00000410  TA2R                                       
000003d2  TB0CCR0                                    
000003d4  TB0CCR1                                    
000003d6  TB0CCR2                                    
000003d8  TB0CCR3                                    
000003da  TB0CCR4                                    
000003dc  TB0CCR5                                    
000003de  TB0CCR6                                    
000003c2  TB0CCTL0                                   
000003c4  TB0CCTL1                                   
000003c6  TB0CCTL2                                   
000003c8  TB0CCTL3                                   
000003ca  TB0CCTL4                                   
000003cc  TB0CCTL5                                   
000003ce  TB0CCTL6                                   
000003c0  TB0CTL                                     
000003e0  TB0EX0                                     
000003ee  TB0IV                                      
000003d0  TB0R                                       
00002655  TDC720xEVM_Device                          
00002661  TDC720x_Graph_Select                       
0000265f  TDC720x_Measure_LT12ns                     
00002645  TDC720x_PQBufferReady                      
00002672  TDC720x_Parallel_Read                      
00002663  TDC720x_UART_Stream                        
00002644  TDC720x_XYBufferReady                      
000025e3  TDC720x_address                            
00015f6c  TDC720x_build_mreg                         
0001723a  TDC720x_calc                               
000171c2  TDC720x_mode1_lt12ns                       
00015918  TDC720x_normlsb                            
00015ca6  TDC720x_start2stopn                        
000045c2  TIMER0_A0_ISR                              
00004576  TIMER1_A0_ISR                              
000045ac  TIMER2_A0_ISR                              
000156ec  TI_TDC720x_SPIAllReadReg                   
0001644a  TI_TDC720x_SPIAllReadReg_BothTDCs          
00015e86  TI_TDC720x_SPIAutoIncReadReg               
0001666a  TI_TDC720x_SPIAutoIncWriteReg              
000164a8  TI_TDC720x_SPIByteReadReg                  
00016840  TI_TDC720x_SPIByteWriteReg                 
00014cb4  TI_TDC720x_SPILongReadReg                  
0001618e  TI_TDC720x_SPISetup                        
00015c2a  TI_TDC720x_reg_init                        
00016710  TLV_getInfo                                
000005d0  UCA0ABCTL                                  
000005c6  UCA0BRW                                    
000005c7  UCA0BRW_H                                  
000005c6  UCA0BRW_L                                  
000005c0  UCA0CTLW0                                  
000005c1  UCA0CTLW0_H                                
000005c0  UCA0CTLW0_L                                
000005dc  UCA0ICTL                                   
000005dd  UCA0ICTL_H                                 
000005dc  UCA0ICTL_L                                 
000005d2  UCA0IRCTL                                  
000005d3  UCA0IRCTL_H                                
000005d2  UCA0IRCTL_L                                
000005de  UCA0IV                                     
000005c8  UCA0MCTL                                   
000005cc  UCA0RXBUF                                  
000005ca  UCA0STAT                                   
000005ce  UCA0TXBUF                                  
00000610  UCA1ABCTL                                  
00000606  UCA1BRW                                    
00000607  UCA1BRW_H                                  
00000606  UCA1BRW_L                                  
00000600  UCA1CTLW0                                  
00000601  UCA1CTLW0_H                                
00000600  UCA1CTLW0_L                                
0000061c  UCA1ICTL                                   
0000061d  UCA1ICTL_H                                 
0000061c  UCA1ICTL_L                                 
00000612  UCA1IRCTL                                  
00000613  UCA1IRCTL_H                                
00000612  UCA1IRCTL_L                                
0000061e  UCA1IV                                     
00000608  UCA1MCTL                                   
0000060c  UCA1RXBUF                                  
0000060a  UCA1STAT                                   
0000060e  UCA1TXBUF                                  
000005e6  UCB0BRW                                    
000005e7  UCB0BRW_H                                  
000005e6  UCB0BRW_L                                  
000005e0  UCB0CTLW0                                  
000005e1  UCB0CTLW0_H                                
000005e0  UCB0CTLW0_L                                
000005f0  UCB0I2COA                                  
000005f1  UCB0I2COA_H                                
000005f0  UCB0I2COA_L                                
000005f2  UCB0I2CSA                                  
000005f3  UCB0I2CSA_H                                
000005f2  UCB0I2CSA_L                                
000005fc  UCB0ICTL                                   
000005fd  UCB0ICTL_H                                 
000005fc  UCB0ICTL_L                                 
000005fe  UCB0IV                                     
000005ec  UCB0RXBUF                                  
000005ea  UCB0STAT                                   
000005ee  UCB0TXBUF                                  
00000626  UCB1BRW                                    
00000627  UCB1BRW_H                                  
00000626  UCB1BRW_L                                  
00000620  UCB1CTLW0                                  
00000621  UCB1CTLW0_H                                
00000620  UCB1CTLW0_L                                
00000630  UCB1I2COA                                  
00000631  UCB1I2COA_H                                
00000630  UCB1I2COA_L                                
00000632  UCB1I2CSA                                  
00000633  UCB1I2CSA_H                                
00000632  UCB1I2CSA_L                                
0000063c  UCB1ICTL                                   
0000063d  UCB1ICTL_H                                 
0000063c  UCB1ICTL_L                                 
0000063e  UCB1IV                                     
0000062c  UCB1RXBUF                                  
0000062a  UCB1STAT                                   
0000062e  UCB1TXBUF                                  
00000160  UCSCTL0                                    
00000161  UCSCTL0_H                                  
00000160  UCSCTL0_L                                  
00000162  UCSCTL1                                    
00000163  UCSCTL1_H                                  
00000162  UCSCTL1_L                                  
00000164  UCSCTL2                                    
00000165  UCSCTL2_H                                  
00000164  UCSCTL2_L                                  
00000166  UCSCTL3                                    
00000167  UCSCTL3_H                                  
00000166  UCSCTL3_L                                  
00000168  UCSCTL4                                    
00000169  UCSCTL4_H                                  
00000168  UCSCTL4_L                                  
0000016a  UCSCTL5                                    
0000016b  UCSCTL5_H                                  
0000016a  UCSCTL5_L                                  
0000016c  UCSCTL6                                    
0000016d  UCSCTL6_H                                  
0000016c  UCSCTL6_L                                  
0000016e  UCSCTL7                                    
0000016f  UCSCTL7_H                                  
0000016e  UCSCTL7_L                                  
00000170  UCSCTL8                                    
00000171  UCSCTL8_H                                  
00000170  UCSCTL8_L                                  
00017438  UCS_turnOffXT2                             
00016a58  UCS_turnOnXT2WithTimeout                   
00004538  UNMI_ISR                                   
000163ea  USBCDC_abortSend                           
00014d78  USBCDC_getBytesInUSBBuffer                 
000147c6  USBCDC_getInterfaceStatus                  
00017440  USBCDC_handleDataReceived                  
00017488  USBCDC_handleReceiveCompleted              
0001748c  USBCDC_handleSendCompleted                 
00017490  USBCDC_handleSetControlLineState           
00017494  USBCDC_handleSetLineCoding                 
00010e7c  USBCDC_receiveData                         
00016614  USBCDC_receiveDataInBuffer                 
000152e0  USBCDC_sendData                            
00015fda  USBCDC_sendDataInBackground                
00000902  USBCNF                                     
00000903  USBCNF_H                                   
00000902  USBCNF_L                                   
0000093c  USBCTL                                     
[...]
000023dd  USBIEPBBAY_3                               
000023de  USBIEPBCTY_3                               
000023df  USBIEPSIZXY_3                              
000023e0  USBIEPCNF_4                                
000023e1  USBIEPBBAX_4                               
000023e2  USBIEPBCTX_4                               
000023e5  USBIEPBBAY_4                               
000023e6  USBIEPBCTY_4                               
000023e7  USBIEPSIZXY_4                              
000023e8  USBIEPCNF_5                                
000023e9  USBIEPBBAX_5                               
000023ea  USBIEPBCTX_5                               
000023ed  USBIEPBBAY_5                               
000023ee  USBIEPBCTY_5                               
000023ef  USBIEPSIZXY_5                              
000023f0  USBIEPCNF_6                                
000023f1  USBIEPBBAX_6                               
000023f2  USBIEPBCTX_6                               
000023f5  USBIEPBBAY_6                               
000023f6  USBIEPBCTY_6                               
000023f7  USBIEPSIZXY_6                              
000023f8  USBIEPCNF_7                                
000023f9  USBIEPBBAX_7                               
000023fa  USBIEPBCTX_7                               
000023fd  USBIEPBBAY_7                               
000023fe  USBIEPBCTY_7                               
000023ff  USBIEPSIZXY_7                              
00002400  outString                                  
00002480  meas_result_regrs                          
000024b4  all_data                                   
000024dc  bufferP                                    
00002504  bufferQ                                    
0000252c  bufferX                                    
00002554  bufferY                                    
0000257c  abramSerialStringDescriptor                
000025b8  start2stop                                 
000025e3  TDC720x_address                            
000025ec  abUsbRequestIncomingData                   
000025f4  abUsbRequestReturnData                     
000025fc  USB_RX_memcpy                              
00002600  USB_TX_memcpy                              
00002604  ccnt                                       
00002608  norm_lsb                                   
0000260c  ubuf                                       
00002610  vbuf                                       
00002614  save_default_timer_period                  
00002616  w                                          
00002618  wBytesRemainingOnIEP0                      
0000261a  wBytesRemainingOnOEP0                      
0000261c  wUsbEventMask                              
0000261e  bStatusAction                              
0000261f  save1_tdc7200_mode                         
00002620  save2_tdc7200_mode                         
00002621  save_mode                                  
00002622  save_timer_trig_freq                       
00002624  cmdResponseString                          
00002644  TDC720x_XYBufferReady                      
00002645  TDC720x_PQBufferReady                      
00002646  bCDCDataReceived_event                     
00002648  mbuf                                       
0000264c  nbuf                                       
00002650  single_shot_measure_state                  
00002651  tof_graph_state                            
00002652  graph_delay_sweep_state                    
00002653  double_resolution                          
00002654  current_tdc                                
00002655  TDC720xEVM_Device                          
00002656  err_count                                  
0000265a  timer_done_flag                            
0000265c  timer_trigger_freq                         
0000265e  next_trigger_time                          
0000265f  TDC720x_Measure_LT12ns                     
00002660  Measure_LT12ns_Method                      
00002661  TDC720x_Graph_Select                       
00002663  TDC720x_UART_Stream                        
00002665  bFunctionSuspended                         
00002666  bEnumerationStatus                         
00002668  VERSION                                    
0000266c  tdc_clk_period                             
00002670  errno                                      
00002672  TDC720x_Parallel_Read                      
00004360  _stack                                     
00004400  __STACK_END                                
00004400  iUsbInterruptHandler                       
00004538  UNMI_ISR                                   
00004576  TIMER1_A0_ISR                              
00004592  _c_int00_noargs_noexit                     
000045ac  TIMER2_A0_ISR                              
000045ba  __TI_ISR_TRAP                              
000045c2  TIMER0_A0_ISR                              
000045c8  tUsbRequestList                            
000046d2  _ctypes_                                   
000047d4  abromStringDescriptor                      
00004862  abromConfigurationDescriptorGroup          
0000492a  abromDeviceDescriptor                      
0000494c  stUsbHandle                                
00004984  __TI_Handler_Table_Base                    
00004990  __TI_Handler_Table_Limit                   
00004996  __TI_CINIT_Base                            
000049a6  __TI_CINIT_Limit                           
0000ffd2  __TI_int41                                 
0000ffd4  __TI_int42                                 
0000ffd6  __TI_int43                                 
0000ffd8  __TI_int44                                 
0000ffda  __TI_int45                                 
0000ffdc  __TI_int46                                 
0000ffde  __TI_int47                                 
0000ffe0  __TI_int48                                 
0000ffe2  __TI_int49                                 
0000ffe4  __TI_int50                                 
0000ffe6  __TI_int51                                 
0000ffe8  __TI_int52                                 
0000ffea  __TI_int53                                 
0000ffec  __TI_int54                                 
0000ffee  __TI_int55                                 
0000fff0  __TI_int56                                 
0000fff2  __TI_int57                                 
0000fff4  __TI_int58                                 
0000fff6  __TI_int59                                 
0000fff8  __TI_int60                                 
0000fffa  __TI_int61                                 
0000fffc  __TI_int62                                 
0000fffe  _reset_vector                              
00010000  handleHostCommand                          
00010a04  __TI_frcdivd                               
00010e7c  USBCDC_receiveData                         
000112c0  __mspabi_divull                            
0001160e  __mspabi_addd                              
000118e6  CdcToHostFromBuffer                        
00011b88  __TI_frcmpyd                               
00011e0e  __mspabi_mpyd                              
0001254e  __TI_frcaddd                               
000127a0  __TI_printfi                               
000129dc  CdcToBufferFromHost                        
00012e28  __mspabi_divd                              
000135fc  USB_reset                                  
0001379e  ldexp                                      
0001379e  ldexpl                                     
0001379e  scalbn                                     
0001379e  scalbnl                                    
00013c36  USBCommunicationTask                       
00013ee6  __mspabi_subf                              
00013eec  __mspabi_addf                              
0001423e  CopyUsbToBuff                              
00014432  Init_Clock                                 
0001451c  USB_InitSerialStringDescriptor             
00014604  USB_enable                                 
000146e6  main                                       
000147c6  USBCDC_getInterfaceStatus                  
0001489e  __mspabi_cmpd                              
00014976  handle_TDC720x_plus_mux                    
00014b22  USB_determineFreq                          
00014bec  two_tdc_measure_results                    
00014cb4  TI_TDC720x_SPILongReadReg                  
00014d78  USBCDC_getBytesInUSBBuffer                 
00014e32  __mspabi_mpyf                              
00014eea  handle_two_TDC720x                         
00014f9e  __TI_renormd                               
00015050  frexp                                      
00015050  frexpl                                     
000151a8  __mspabi_fltlid                            
000152e0  USBCDC_sendData                            
0001537a  usbGetLineCoding                           
00015412  USB_getConnectionState                     
000154a8  USB_init                                   
0001565c  __mspabi_divf                              
000156ec  TI_TDC720x_SPIAllReadReg                   
00015778  __mspabi_cvtdf                             
00015804  print_start2stopn                          
0001588e  usbGetEndpointStatus                       
00015918  TDC720x_normlsb                            
0001599e  usbDecodeAndProcessUsbRequest              
00015a24  DMA_init                                   
00015aa6  _auto_init_hold_wdt                        
00015b28  one_tdc_measure_results                    
00015baa  ltoa                                       
00015c2a  TI_TDC720x_reg_init                        
00015ca6  TDC720x_start2stopn                        
00015d98  __TI_decompress_lzss                       
00015e10  PWRVBUSoffHandler                          
00015e86  TI_TDC720x_SPIAutoIncReadReg               
00015efc  Handler_SetLineCoding                      
00015f6c  TDC720x_build_mreg                         
00015fda  USBCDC_sendDataInBackground                
00016048  __mspabi_cvtfd                             
000160b6  usbSendNextPacketOnIEP0                    
00016124  PWRVBUSonHandler                           
0001618e  TI_TDC720x_SPISetup                        
000161f6  __mspabi_fixdli                            
0001625c  copy_in                                    
000162c2  memcpyDMA                                  
00016326  atoi                                       
00016388  timer2_A0_init                             
000163ea  USBCDC_abortSend                           
0001644a  TI_TDC720x_SPIAllReadReg_BothTDCs          
000164a8  TI_TDC720x_SPIByteReadReg                  
00016506  USB_initMemcpy                             
00016562  usbGetStringDescriptor                     
000165bc  __mspabi_divul                             
000165bc  __mspabi_remul                             
00016614  USBCDC_receiveDataInBuffer                 
0001666a  TI_TDC720x_SPIAutoIncWriteReg              
000166be  usbReceiveNextPacketOnOEP0                 
00016710  TLV_getInfo                                
000167ae  __mspabi_fltlif                            
000167f8  SetupPacketInterruptHandler                
00016840  TI_TDC720x_SPIByteWriteReg                 
00016888  usbSetEndpointFeature                      
000168d0  __mspabi_fixfu                             
00016916  sprintf                                    
0001695a  SetVCore                                   
0001699a  __mspabi_divli                             
0001699a  __mspabi_remli                             
000169da  usbClearEndpointFeature                    
00016a1a  CdcResetData                               
00016a58  UCS_turnOnXT2WithTimeout                   
00016a96  __mspabi_sral_15                           
00016a9a  __mspabi_sral_14                           
00016a9e  __mspabi_sral_13                           
00016aa2  __mspabi_sral_12                           
00016aa6  __mspabi_sral_11                           
00016aaa  __mspabi_sral_10                           
00016aae  __mspabi_sral_9                            
00016ab2  __mspabi_sral_8                            
00016ab6  __mspabi_sral_7                            
00016aba  __mspabi_sral_6                            
00016abe  __mspabi_sral_5                            
00016ac2  __mspabi_sral_4                            
00016ac6  __mspabi_sral_3                            
00016aca  __mspabi_sral_2                            
00016ace  __mspabi_sral_1                            
00016ad4  __mspabi_slll_15                           
00016ad8  __mspabi_slll_14                           
00016adc  __mspabi_slll_13                           
00016ae0  __mspabi_slll_12                           
00016ae4  __mspabi_slll_11                           
00016ae8  __mspabi_slll_10                           
00016aec  __mspabi_slll_9                            
00016af0  __mspabi_slll_8                            
00016af4  __mspabi_slll_7                            
00016af8  __mspabi_slll_6                            
00016afc  __mspabi_slll_5                            
00016b00  __mspabi_slll_4                            
00016b04  __mspabi_slll_3                            
00016b08  __mspabi_slll_2                            
00016b0c  __mspabi_slll_1                            
00016b12  __mspabi_srll_15                           
00016b16  __mspabi_srll_14                           
00016b1a  __mspabi_srll_13                           
00016b1e  __mspabi_srll_12                           
00016b22  __mspabi_srll_11                           
00016b26  __mspabi_srll_10                           
00016b2a  __mspabi_srll_9                            
00016b2e  __mspabi_srll_8                            
00016b32  __mspabi_srll_7                            
00016b36  __mspabi_srll_6                            
00016b3a  __mspabi_srll_5                            
00016b3e  __mspabi_srll_4                            
00016b42  __mspabi_srll_3                            
00016b46  __mspabi_srll_2                            
00016b4a  __mspabi_srll_1                            
00016b50  InitUART                                   
00016b8c  __mspabi_sllll                             
00016bc6  __mspabi_srlll                             
00016c00  OEP0InterruptHandler                       
00016c38  char2nibble                                
00016c6e  __mspabi_fltif                             
00016ca4  __mspabi_subd                              
00016cd6  wait_on_intb_pin                           
00016d08  DMA_setDstAddress                          
00016d38  InitMCU                                    
00016d68  USB_getConnectionInformation               
00016d98  USB_suspend                                
00016dc8  tdc_trigger_measure                        
00016df8  DMA_setSrcAddress                          
00016e26  __mspabi_negd                              
00016e54  copysign                                   
00016e54  copysignl                                  
00016e82  putsUART                                   
00016eae  __mspabi_divi                              
00016eae  __mspabi_remi                              
00016eda  usbGetDeviceStatus                         
00016f06  memcpyV                                    
00016f30  GPIO_setAsPeripheralModuleFunctionOutputPin
00016f58  __mspabi_fixdi                             
00016f80  usbSetConfiguration                        
00016fa6  __TI_zero_init                             
00016fca  __mspabi_fltuf                             
00016fee  __mspabi_mpyl_f5hw                         
00017012  usbDisableInEndpointInterrupt              
00017036  usbDisableOutEndpointInterrupt             
0001705a  USB_disable                                
0001707c  usbSendDataPacketOnEP0                     
000170be  usbSetAddress                              
000170de  memccpy                                    
000170fc  timer1_A0_init                             
0001711a  usbGetInterface                            
00017138  usbGetInterfaceStatus                      
00017156  IEP0InterruptHandler                       
00017172  strchr                                     
0001718e  CdcIsReceiveInProgress                     
000171a8  USB_connect                                
000171c2  TDC720x_mode1_lt12ns                       
000171da  USB_resume                                 
000171f2  __mspabi_mpyi_f5hw                         
0001720a  usbClearDeviceFeature                      
00017222  usbSetDeviceFeature                        
0001723a  TDC720x_calc                               
00017250  memset                                     
00017266  __mspabi_divu                              
00017266  __mspabi_remu                              
0001727c  usbGetConfigurationDescriptor              
00017292  usbGetDeviceDescriptor                     
000172a8  USB_handleVbusOnEvent                      
000172d0  memcpy                                     
000172e4  usbGetConfiguration                        
000172f8  usbReceiveDataPacketOnEP0                  
0001730c  usbSetControlLineState                     
00017320  __TI_decompress_none                       
00017332  toupper                                    
00017344  usbSetInterface                            
00017356  DMA_disableTransfers                       
00017366  DMA_enableTransfers                        
00017376  __mspabi_sral                              
00017386  __mspabi_slll                              
00017396  __mspabi_srll                              
000173a6  DMA_getInterruptStatus                     
000173b4  DMA_startTransfer                          
000173c2  strlen                                     
000173d0  usbInvalidRequest                          
000173de  usbSendZeroLengthPacketOnIEP0              
000173ec  DMA_setTransferSize                        
000173f8  __mspabi_fltid                             
00017404  usbSetLineCoding                           
00017410  abs                                        
0001741a  __mspabi_slli                              
00017424  __mspabi_srli                              
0001742e  usbStallEndpoint0                          
00017438  UCS_turnOffXT2                             
00017440  USBCDC_handleDataReceived                  
00017448  USB_handleVbusOffEvent                     
00017450  USB_setEnabledEvents                       
00017458  DMA_disableTransferDuringReadModifyWrite   
0001745e  DMA_enableTransferDuringReadModifyWrite    
00017464  USB_getVersion                             
0001746a  C$$EXIT                                    
0001746a  abort                                      
00017470  usbClearOEP0ByteCount                      
00017476  usbRestoreInEndpointInterrupt              
0001747c  usbRestoreOutEndpointInterrupt             
00017482  usbStallOEP0                               
00017488  USBCDC_handleReceiveCompleted              
0001748c  USBCDC_handleSendCompleted                 
00017490  USBCDC_handleSetControlLineState           
00017494  USBCDC_handleSetLineCoding                 
00017498  USB_handleClockEvent                       
0001749c  USB_handleEnumerationCompleteEvent         
000174a0  USB_handleResetEvent                       
000174a4  USB_handleResumeEvent                      
000174a8  USB_handleSuspendEvent                     
000174ac  _system_pre_init                           
000174b0  _system_post_cinit                         
ffffffff  __TI_pprof_out_hndl                        
ffffffff  __TI_prof_data_size                        
ffffffff  __TI_prof_data_start                       
ffffffff  __c_args__                                 
UNDEFED   __TI_BINIT_Base                            
UNDEFED   __TI_BINIT_Limit                           
UNDEFED   __TI_INITARRAY_Base                        
UNDEFED   __TI_INITARRAY_Limit                       

[1126 symbols]
