<?xml version="1.0"?>
<link_info>
   <banner>MSP430 Linker PC v16.9.0.LTS</banner>
   <copyright>Copyright (c) 2003-2015 Texas Instruments Incorporated</copyright>
   <link_time>0x58b72d40</link_time>
   <link_errors>0x0</link_errors>
   <output_file>TDC7200EVM_USB.out</output_file>
   <entry_point>
      <name>_c_int00_noargs_noexit</name>
      <address>0x4592</address>
   </entry_point>
   <input_file_list>
      <input_file id="fl-2">
         <path>.\</path>
         <kind>object</kind>
         <file>host_interface.obj</file>
         <name>host_interface.obj</name>
      </input_file>
      <input_file id="fl-3">
         <path>.\</path>
         <kind>object</kind>
         <file>main.obj</file>
         <name>main.obj</name>
      </input_file>
      <input_file id="fl-4">
         <path>.\</path>
         <kind>object</kind>
         <file>tdc720x_calculation.obj</file>
         <name>tdc720x_calculation.obj</name>
      </input_file>
      <input_file id="fl-5">
         <path>.\</path>
         <kind>object</kind>
         <file>tdc720x_measurement_control.obj</file>
         <name>tdc720x_measurement_control.obj</name>
      </input_file>
      <input_file id="fl-6">
         <path>.\</path>
         <kind>object</kind>
         <file>tdc720x_mode1_lt12ns.obj</file>
         <name>tdc720x_mode1_lt12ns.obj</name>
      </input_file>
      <input_file id="fl-7">
         <path>.\</path>
         <kind>object</kind>
         <file>timer_queue.obj</file>
         <name>timer_queue.obj</name>
      </input_file>
      <input_file id="fl-8">
         <path>.\</path>
         <kind>object</kind>
         <file>uart_commn.obj</file>
         <name>uart_commn.obj</name>
      </input_file>
      <input_file id="fl-9">
         <path>.\F5xx_F6xx_Core_Lib\</path>
         <kind>object</kind>
         <file>HAL_FLASH.obj</file>
         <name>HAL_FLASH.obj</name>
      </input_file>
      <input_file id="fl-a">
         <path>.\F5xx_F6xx_Core_Lib\</path>
         <kind>object</kind>
         <file>HAL_PMAP.obj</file>
         <name>HAL_PMAP.obj</name>
      </input_file>
      <input_file id="fl-b">
         <path>.\F5xx_F6xx_Core_Lib\</path>
         <kind>object</kind>
         <file>HAL_PMM.obj</file>
         <name>HAL_PMM.obj</name>
      </input_file>
      <input_file id="fl-c">
         <path>.\F5xx_F6xx_Core_Lib\</path>
         <kind>object</kind>
         <file>HAL_TLV.obj</file>
         <name>HAL_TLV.obj</name>
      </input_file>
      <input_file id="fl-d">
         <path>.\F5xx_F6xx_Core_Lib\</path>
         <kind>object</kind>
         <file>HAL_UCS.obj</file>
         <name>HAL_UCS.obj</name>
      </input_file>
      <input_file id="fl-e">
         <path>.\USB_API\USB_CDC_API\</path>
         <kind>object</kind>
         <file>UsbCdc.obj</file>
         <name>UsbCdc.obj</name>
      </input_file>
      <input_file id="fl-f">
         <path>.\USB_API\USB_Common\</path>
         <kind>object</kind>
         <file>usb.obj</file>
         <name>usb.obj</name>
      </input_file>
      <input_file id="fl-10">
         <path>.\USB_API\USB_Common\</path>
         <kind>object</kind>
         <file>usbdma.obj</file>
         <name>usbdma.obj</name>
      </input_file>
      <input_file id="fl-11">
         <path>.\USB_API\USB_HID_API\</path>
         <kind>object</kind>
         <file>UsbHid.obj</file>
         <name>UsbHid.obj</name>
      </input_file>
      <input_file id="fl-12">
         <path>.\USB_API\USB_HID_API\</path>
         <kind>object</kind>
         <file>UsbHidReq.obj</file>
         <name>UsbHidReq.obj</name>
      </input_file>
      <input_file id="fl-13">
         <path>.\USB_API\USB_MSC_API\</path>
         <kind>object</kind>
         <file>UsbMscReq.obj</file>
         <name>UsbMscReq.obj</name>
      </input_file>
      <input_file id="fl-14">
         <path>.\USB_API\USB_MSC_API\</path>
         <kind>object</kind>
         <file>UsbMscScsi.obj</file>
         <name>UsbMscScsi.obj</name>
      </input_file>
      <input_file id="fl-15">
         <path>.\USB_API\USB_MSC_API\</path>
         <kind>object</kind>
         <file>UsbMscStateMachine.obj</file>
         <name>UsbMscStateMachine.obj</name>
      </input_file>
      <input_file id="fl-16">
         <path>.\USB_API\USB_PHDC_API\</path>
         <kind>object</kind>
         <file>UsbPHDC.obj</file>
         <name>UsbPHDC.obj</name>
      </input_file>
      <input_file id="fl-17">
         <path>.\USB_app\</path>
         <kind>object</kind>
         <file>usbConstructs.obj</file>
         <name>usbConstructs.obj</name>
      </input_file>
      <input_file id="fl-18">
         <path>.\USB_app\</path>
         <kind>object</kind>
         <file>usbEventHandling.obj</file>
         <name>usbEventHandling.obj</name>
      </input_file>
      <input_file id="fl-19">
         <path>.\USB_config\</path>
         <kind>object</kind>
         <file>UsbIsr.obj</file>
         <name>UsbIsr.obj</name>
      </input_file>
      <input_file id="fl-1a">
         <path>.\USB_config\</path>
         <kind>object</kind>
         <file>descriptors.obj</file>
         <name>descriptors.obj</name>
      </input_file>
      <input_file id="fl-1b">
         <path>.\driverlib\MSP430F5xx_6xx\</path>
         <kind>object</kind>
         <file>adc10_a.obj</file>
         <name>adc10_a.obj</name>
      </input_file>
      <input_file id="fl-1c">
         <path>.\driverlib\MSP430F5xx_6xx\</path>
         <kind>object</kind>
         <file>adc12_a.obj</file>
         <name>adc12_a.obj</name>
      </input_file>
      <input_file id="fl-1d">
         <path>.\driverlib\MSP430F5xx_6xx\</path>
         <kind>object</kind>
         <file>aes.obj</file>
         <name>aes.obj</name>
      </input_file>
      <input_file id="fl-1e">
         <path>.\driverlib\MSP430F5xx_6xx\</path>
         <kind>object</kind>
         <file>battbak.obj</file>
         <name>battbak.obj</name>
      </input_file>
      <input_file id="fl-1f">
         <path>.\driverlib\MSP430F5xx_6xx\</path>
         <kind>object</kind>
         <file>comp_b.obj</file>
         <name>comp_b.obj</name>
      </input_file>
      <input_file id="fl-20">
         <path>.\driverlib\MSP430F5xx_6xx\</path>
         <kind>object</kind>
         <file>crc.obj</file>
         <name>crc.obj</name>
      </input_file>
      <input_file id="fl-21">
         <path>.\driverlib\MSP430F5xx_6xx\</path>
         <kind>object</kind>
         <file>dac12_a.obj</file>
         <name>dac12_a.obj</name>
      </input_file>
      <input_file id="fl-22">
         <path>.\driverlib\MSP430F5xx_6xx\</path>
         <kind>object</kind>
         <file>dma.obj</file>
         <name>dma.obj</name>
      </input_file>
      <input_file id="fl-23">
         <path>.\driverlib\MSP430F5xx_6xx\</path>
         <kind>object</kind>
         <file>eusci_a_spi.obj</file>
         <name>eusci_a_spi.obj</name>
      </input_file>
      <input_file id="fl-24">
         <path>.\driverlib\MSP430F5xx_6xx\</path>
         <kind>object</kind>
         <file>eusci_a_uart.obj</file>
         <name>eusci_a_uart.obj</name>
      </input_file>
      <input_file id="fl-25">
         <path>.\driverlib\MSP430F5xx_6xx\</path>
         <kind>object</kind>
         <file>eusci_b_i2c.obj</file>
         <name>eusci_b_i2c.obj</name>
      </input_file>
      <input_file id="fl-26">
         <path>.\driverlib\MSP430F5xx_6xx\</path>
         <kind>object</kind>
         <file>eusci_b_spi.obj</file>
         <name>eusci_b_spi.obj</name>
      </input_file>
      <input_file id="fl-27">
         <path>.\driverlib\MSP430F5xx_6xx\</path>
         <kind>object</kind>
         <file>flashctl.obj</file>
         <name>flashctl.obj</name>
      </input_file>
      <input_file id="fl-28">
         <path>.\driverlib\MSP430F5xx_6xx\</path>
         <kind>object</kind>
         <file>gpio.obj</file>
         <name>gpio.obj</name>
      </input_file>
      <input_file id="fl-29">
         <path>.\driverlib\MSP430F5xx_6xx\</path>
         <kind>object</kind>
         <file>ldopwr.obj</file>
         <name>ldopwr.obj</name>
      </input_file>
      <input_file id="fl-2a">
         <path>.\driverlib\MSP430F5xx_6xx\</path>
         <kind>object</kind>
         <file>mpy32.obj</file>
         <name>mpy32.obj</name>
      </input_file>
      <input_file id="fl-2b">
         <path>.\driverlib\MSP430F5xx_6xx\</path>
         <kind>object</kind>
         <file>pmap.obj</file>
         <name>pmap.obj</name>
      </input_file>
      <input_file id="fl-2c">
         <path>.\driverlib\MSP430F5xx_6xx\</path>
         <kind>object</kind>
         <file>pmm.obj</file>
         <name>pmm.obj</name>
      </input_file>
      <input_file id="fl-2d">
         <path>.\driverlib\MSP430F5xx_6xx\</path>
         <kind>object</kind>
         <file>ram.obj</file>
         <name>ram.obj</name>
      </input_file>
      <input_file id="fl-2e">
         <path>.\driverlib\MSP430F5xx_6xx\</path>
         <kind>object</kind>
         <file>ref.obj</file>
         <name>ref.obj</name>
      </input_file>
      <input_file id="fl-2f">
         <path>.\driverlib\MSP430F5xx_6xx\</path>
         <kind>object</kind>
         <file>rtc_a.obj</file>
         <name>rtc_a.obj</name>
      </input_file>
      <input_file id="fl-30">
         <path>.\driverlib\MSP430F5xx_6xx\</path>
         <kind>object</kind>
         <file>rtc_b.obj</file>
         <name>rtc_b.obj</name>
      </input_file>
      <input_file id="fl-31">
         <path>.\driverlib\MSP430F5xx_6xx\</path>
         <kind>object</kind>
         <file>rtc_c.obj</file>
         <name>rtc_c.obj</name>
      </input_file>
      <input_file id="fl-32">
         <path>.\driverlib\MSP430F5xx_6xx\</path>
         <kind>object</kind>
         <file>sd24_b.obj</file>
         <name>sd24_b.obj</name>
      </input_file>
      <input_file id="fl-33">
         <path>.\driverlib\MSP430F5xx_6xx\</path>
         <kind>object</kind>
         <file>sfr.obj</file>
         <name>sfr.obj</name>
      </input_file>
      <input_file id="fl-34">
         <path>.\driverlib\MSP430F5xx_6xx\</path>
         <kind>object</kind>
         <file>sysctl.obj</file>
         <name>sysctl.obj</name>
      </input_file>
      <input_file id="fl-35">
         <path>.\driverlib\MSP430F5xx_6xx\</path>
         <kind>object</kind>
         <file>tec.obj</file>
         <name>tec.obj</name>
      </input_file>
      <input_file id="fl-36">
         <path>.\driverlib\MSP430F5xx_6xx\</path>
         <kind>object</kind>
         <file>timer_a.obj</file>
         <name>timer_a.obj</name>
      </input_file>
      <input_file id="fl-37">
         <path>.\driverlib\MSP430F5xx_6xx\</path>
         <kind>object</kind>
         <file>timer_b.obj</file>
         <name>timer_b.obj</name>
      </input_file>
      <input_file id="fl-38">
         <path>.\driverlib\MSP430F5xx_6xx\</path>
         <kind>object</kind>
         <file>timer_d.obj</file>
         <name>timer_d.obj</name>
      </input_file>
      <input_file id="fl-39">
         <path>.\driverlib\MSP430F5xx_6xx\</path>
         <kind>object</kind>
         <file>tlv.obj</file>
         <name>tlv.obj</name>
      </input_file>
      <input_file id="fl-3a">
         <path>.\driverlib\MSP430F5xx_6xx\</path>
         <kind>object</kind>
         <file>ucs.obj</file>
         <name>ucs.obj</name>
      </input_file>
      <input_file id="fl-3b">
         <path>.\driverlib\MSP430F5xx_6xx\</path>
         <kind>object</kind>
         <file>usci_a_spi.obj</file>
         <name>usci_a_spi.obj</name>
      </input_file>
      <input_file id="fl-3c">
         <path>.\driverlib\MSP430F5xx_6xx\</path>
         <kind>object</kind>
         <file>usci_a_uart.obj</file>
         <name>usci_a_uart.obj</name>
      </input_file>
      <input_file id="fl-3d">
         <path>.\driverlib\MSP430F5xx_6xx\</path>
         <kind>object</kind>
         <file>usci_b_i2c.obj</file>
         <name>usci_b_i2c.obj</name>
      </input_file>
      <input_file id="fl-3e">
         <path>.\driverlib\MSP430F5xx_6xx\</path>
         <kind>object</kind>
         <file>usci_b_spi.obj</file>
         <name>usci_b_spi.obj</name>
      </input_file>
      <input_file id="fl-3f">
         <path>.\driverlib\MSP430F5xx_6xx\</path>
         <kind>object</kind>
         <file>wdt_a.obj</file>
         <name>wdt_a.obj</name>
      </input_file>
      <input_file id="fl-40">
         <path>.\library\</path>
         <kind>object</kind>
         <file>TI_MSP430_spi_USCIB0_5xx.obj</file>
         <name>TI_MSP430_spi_USCIB0_5xx.obj</name>
      </input_file>
      <input_file id="fl-62">
         <path>C:\ti\ccsv7\tools\compiler\ti-cgt-msp430_16.9.0.LTS\lib\</path>
         <kind>archive</kind>
         <file>rts430x_lc_rd_eabi.lib</file>
         <name>addd.obj</name>
      </input_file>
      <input_file id="fl-63">
         <path>C:\ti\ccsv7\tools\compiler\ti-cgt-msp430_16.9.0.LTS\lib\</path>
         <kind>archive</kind>
         <file>rts430x_lc_rd_eabi.lib</file>
         <name>boot.obj</name>
      </input_file>
      <input_file id="fl-64">
         <path>C:\ti\ccsv7\tools\compiler\ti-cgt-msp430_16.9.0.LTS\lib\</path>
         <kind>archive</kind>
         <file>rts430x_lc_rd_eabi.lib</file>
         <name>boot_special.obj</name>
      </input_file>
      <input_file id="fl-65">
         <path>C:\ti\ccsv7\tools\compiler\ti-cgt-msp430_16.9.0.LTS\lib\</path>
         <kind>archive</kind>
         <file>rts430x_lc_rd_eabi.lib</file>
         <name>copy_decompress_lzss.obj</name>
      </input_file>
      <input_file id="fl-66">
         <path>C:\ti\ccsv7\tools\compiler\ti-cgt-msp430_16.9.0.LTS\lib\</path>
         <kind>archive</kind>
         <file>rts430x_lc_rd_eabi.lib</file>
         <name>copy_decompress_none.obj</name>
      </input_file>
      <input_file id="fl-67">
         <path>C:\ti\ccsv7\tools\compiler\ti-cgt-msp430_16.9.0.LTS\lib\</path>
         <kind>archive</kind>
         <file>rts430x_lc_rd_eabi.lib</file>
         <name>copy_zero_init.obj</name>
      </input_file>
      <input_file id="fl-68">
         <path>C:\ti\ccsv7\tools\compiler\ti-cgt-msp430_16.9.0.LTS\lib\</path>
         <kind>archive</kind>
         <file>rts430x_lc_rd_eabi.lib</file>
         <name>cvtdf.obj</name>
      </input_file>
      <input_file id="fl-69">
         <path>C:\ti\ccsv7\tools\compiler\ti-cgt-msp430_16.9.0.LTS\lib\</path>
         <kind>archive</kind>
         <file>rts430x_lc_rd_eabi.lib</file>
         <name>cvtfd.obj</name>
      </input_file>
      <input_file id="fl-6a">
         <path>C:\ti\ccsv7\tools\compiler\ti-cgt-msp430_16.9.0.LTS\lib\</path>
         <kind>archive</kind>
         <file>rts430x_lc_rd_eabi.lib</file>
         <name>div16s.obj</name>
      </input_file>
      <input_file id="fl-6b">
         <path>C:\ti\ccsv7\tools\compiler\ti-cgt-msp430_16.9.0.LTS\lib\</path>
         <kind>archive</kind>
         <file>rts430x_lc_rd_eabi.lib</file>
         <name>div16u.obj</name>
      </input_file>
      <input_file id="fl-6c">
         <path>C:\ti\ccsv7\tools\compiler\ti-cgt-msp430_16.9.0.LTS\lib\</path>
         <kind>archive</kind>
         <file>rts430x_lc_rd_eabi.lib</file>
         <name>div32s.obj</name>
      </input_file>
      <input_file id="fl-6d">
         <path>C:\ti\ccsv7\tools\compiler\ti-cgt-msp430_16.9.0.LTS\lib\</path>
         <kind>archive</kind>
         <file>rts430x_lc_rd_eabi.lib</file>
         <name>div32u.obj</name>
      </input_file>
      <input_file id="fl-6e">
         <path>C:\ti\ccsv7\tools\compiler\ti-cgt-msp430_16.9.0.LTS\lib\</path>
         <kind>archive</kind>
         <file>rts430x_lc_rd_eabi.lib</file>
         <name>divd.obj</name>
      </input_file>
      <input_file id="fl-6f">
         <path>C:\ti\ccsv7\tools\compiler\ti-cgt-msp430_16.9.0.LTS\lib\</path>
         <kind>archive</kind>
         <file>rts430x_lc_rd_eabi.lib</file>
         <name>exit.obj</name>
      </input_file>
      <input_file id="fl-70">
         <path>C:\ti\ccsv7\tools\compiler\ti-cgt-msp430_16.9.0.LTS\lib\</path>
         <kind>archive</kind>
         <file>rts430x_lc_rd_eabi.lib</file>
         <name>exit_gvars.obj</name>
      </input_file>
      <input_file id="fl-71">
         <path>C:\ti\ccsv7\tools\compiler\ti-cgt-msp430_16.9.0.LTS\lib\</path>
         <kind>archive</kind>
         <file>rts430x_lc_rd_eabi.lib</file>
         <name>frcaddd.obj</name>
      </input_file>
      <input_file id="fl-72">
         <path>C:\ti\ccsv7\tools\compiler\ti-cgt-msp430_16.9.0.LTS\lib\</path>
         <kind>archive</kind>
         <file>rts430x_lc_rd_eabi.lib</file>
         <name>frcdivd.obj</name>
      </input_file>
      <input_file id="fl-73">
         <path>C:\ti\ccsv7\tools\compiler\ti-cgt-msp430_16.9.0.LTS\lib\</path>
         <kind>archive</kind>
         <file>rts430x_lc_rd_eabi.lib</file>
         <name>fs_add.obj</name>
      </input_file>
      <input_file id="fl-74">
         <path>C:\ti\ccsv7\tools\compiler\ti-cgt-msp430_16.9.0.LTS\lib\</path>
         <kind>archive</kind>
         <file>rts430x_lc_rd_eabi.lib</file>
         <name>fs_div.obj</name>
      </input_file>
      <input_file id="fl-75">
         <path>C:\ti\ccsv7\tools\compiler\ti-cgt-msp430_16.9.0.LTS\lib\</path>
         <kind>archive</kind>
         <file>rts430x_lc_rd_eabi.lib</file>
         <name>fs_itof.obj</name>
      </input_file>
      <input_file id="fl-76">
         <path>C:\ti\ccsv7\tools\compiler\ti-cgt-msp430_16.9.0.LTS\lib\</path>
         <kind>archive</kind>
         <file>rts430x_lc_rd_eabi.lib</file>
         <name>fs_ltof.obj</name>
      </input_file>
      <input_file id="fl-77">
         <path>C:\ti\ccsv7\tools\compiler\ti-cgt-msp430_16.9.0.LTS\lib\</path>
         <kind>archive</kind>
         <file>rts430x_lc_rd_eabi.lib</file>
         <name>fs_mpy.obj</name>
      </input_file>
      <input_file id="fl-78">
         <path>C:\ti\ccsv7\tools\compiler\ti-cgt-msp430_16.9.0.LTS\lib\</path>
         <kind>archive</kind>
         <file>rts430x_lc_rd_eabi.lib</file>
         <name>fs_tou.obj</name>
      </input_file>
      <input_file id="fl-79">
         <path>C:\ti\ccsv7\tools\compiler\ti-cgt-msp430_16.9.0.LTS\lib\</path>
         <kind>archive</kind>
         <file>rts430x_lc_rd_eabi.lib</file>
         <name>fs_utof.obj</name>
      </input_file>
      <input_file id="fl-7a">
         <path>C:\ti\ccsv7\tools\compiler\ti-cgt-msp430_16.9.0.LTS\lib\</path>
         <kind>archive</kind>
         <file>rts430x_lc_rd_eabi.lib</file>
         <name>int41.obj</name>
      </input_file>
      <input_file id="fl-7b">
         <path>C:\ti\ccsv7\tools\compiler\ti-cgt-msp430_16.9.0.LTS\lib\</path>
         <kind>archive</kind>
         <file>rts430x_lc_rd_eabi.lib</file>
         <name>int42.obj</name>
      </input_file>
      <input_file id="fl-7c">
         <path>C:\ti\ccsv7\tools\compiler\ti-cgt-msp430_16.9.0.LTS\lib\</path>
         <kind>archive</kind>
         <file>rts430x_lc_rd_eabi.lib</file>
         <name>int43.obj</name>
      </input_file>
      <input_file id="fl-7d">
         <path>C:\ti\ccsv7\tools\compiler\ti-cgt-msp430_16.9.0.LTS\lib\</path>
         <kind>archive</kind>
         <file>rts430x_lc_rd_eabi.lib</file>
         <name>int45.obj</name>
      </input_file>
      <input_file id="fl-7e">
         <path>C:\ti\ccsv7\tools\compiler\ti-cgt-msp430_16.9.0.LTS\lib\</path>
         <kind>archive</kind>
         <file>rts430x_lc_rd_eabi.lib</file>
         <name>int46.obj</name>
      </input_file>
      <input_file id="fl-7f">
         <path>C:\ti\ccsv7\tools\compiler\ti-cgt-msp430_16.9.0.LTS\lib\</path>
         <kind>archive</kind>
         <file>rts430x_lc_rd_eabi.lib</file>
         <name>int47.obj</name>
      </input_file>
      <input_file id="fl-80">
         <path>C:\ti\ccsv7\tools\compiler\ti-cgt-msp430_16.9.0.LTS\lib\</path>
         <kind>archive</kind>
         <file>rts430x_lc_rd_eabi.lib</file>
         <name>int48.obj</name>
      </input_file>
      <input_file id="fl-81">
         <path>C:\ti\ccsv7\tools\compiler\ti-cgt-msp430_16.9.0.LTS\lib\</path>
         <kind>archive</kind>
         <file>rts430x_lc_rd_eabi.lib</file>
         <name>int50.obj</name>
      </input_file>
      <input_file id="fl-82">
         <path>C:\ti\ccsv7\tools\compiler\ti-cgt-msp430_16.9.0.LTS\lib\</path>
         <kind>archive</kind>
         <file>rts430x_lc_rd_eabi.lib</file>
         <name>int52.obj</name>
      </input_file>
      <input_file id="fl-83">
         <path>C:\ti\ccsv7\tools\compiler\ti-cgt-msp430_16.9.0.LTS\lib\</path>
         <kind>archive</kind>
         <file>rts430x_lc_rd_eabi.lib</file>
         <name>int54.obj</name>
      </input_file>
      <input_file id="fl-84">
         <path>C:\ti\ccsv7\tools\compiler\ti-cgt-msp430_16.9.0.LTS\lib\</path>
         <kind>archive</kind>
         <file>rts430x_lc_rd_eabi.lib</file>
         <name>int55.obj</name>
      </input_file>
      <input_file id="fl-85">
         <path>C:\ti\ccsv7\tools\compiler\ti-cgt-msp430_16.9.0.LTS\lib\</path>
         <kind>archive</kind>
         <file>rts430x_lc_rd_eabi.lib</file>
         <name>int56.obj</name>
      </input_file>
      <input_file id="fl-86">
         <path>C:\ti\ccsv7\tools\compiler\ti-cgt-msp430_16.9.0.LTS\lib\</path>
         <kind>archive</kind>
         <file>rts430x_lc_rd_eabi.lib</file>
         <name>int57.obj</name>
      </input_file>
      <input_file id="fl-87">
         <path>C:\ti\ccsv7\tools\compiler\ti-cgt-msp430_16.9.0.LTS\lib\</path>
         <kind>archive</kind>
         <file>rts430x_lc_rd_eabi.lib</file>
         <name>int58.obj</name>
      </input_file>
      <input_file id="fl-88">
         <path>C:\ti\ccsv7\tools\compiler\ti-cgt-msp430_16.9.0.LTS\lib\</path>
         <kind>archive</kind>
         <file>rts430x_lc_rd_eabi.lib</file>
         <name>int59.obj</name>
      </input_file>
      <input_file id="fl-89">
         <path>C:\ti\ccsv7\tools\compiler\ti-cgt-msp430_16.9.0.LTS\lib\</path>
         <kind>archive</kind>
         <file>rts430x_lc_rd_eabi.lib</file>
         <name>int60.obj</name>
      </input_file>
      <input_file id="fl-8a">
         <path>C:\ti\ccsv7\tools\compiler\ti-cgt-msp430_16.9.0.LTS\lib\</path>
         <kind>archive</kind>
         <file>rts430x_lc_rd_eabi.lib</file>
         <name>int62.obj</name>
      </input_file>
      <input_file id="fl-8b">
         <path>C:\ti\ccsv7\tools\compiler\ti-cgt-msp430_16.9.0.LTS\lib\</path>
         <kind>archive</kind>
         <file>rts430x_lc_rd_eabi.lib</file>
         <name>isr_trap.obj</name>
      </input_file>
      <input_file id="fl-8c">
         <path>C:\ti\ccsv7\tools\compiler\ti-cgt-msp430_16.9.0.LTS\lib\</path>
         <kind>archive</kind>
         <file>rts430x_lc_rd_eabi.lib</file>
         <name>lsl16.obj</name>
      </input_file>
      <input_file id="fl-8d">
         <path>C:\ti\ccsv7\tools\compiler\ti-cgt-msp430_16.9.0.LTS\lib\</path>
         <kind>archive</kind>
         <file>rts430x_lc_rd_eabi.lib</file>
         <name>lsl32.obj</name>
      </input_file>
      <input_file id="fl-8e">
         <path>C:\ti\ccsv7\tools\compiler\ti-cgt-msp430_16.9.0.LTS\lib\</path>
         <kind>archive</kind>
         <file>rts430x_lc_rd_eabi.lib</file>
         <name>lsr16.obj</name>
      </input_file>
      <input_file id="fl-8f">
         <path>C:\ti\ccsv7\tools\compiler\ti-cgt-msp430_16.9.0.LTS\lib\</path>
         <kind>archive</kind>
         <file>rts430x_lc_rd_eabi.lib</file>
         <name>lsr32.obj</name>
      </input_file>
      <input_file id="fl-90">
         <path>C:\ti\ccsv7\tools\compiler\ti-cgt-msp430_16.9.0.LTS\lib\</path>
         <kind>archive</kind>
         <file>rts430x_lc_rd_eabi.lib</file>
         <name>lsr64.obj</name>
      </input_file>
      <input_file id="fl-91">
         <path>C:\ti\ccsv7\tools\compiler\ti-cgt-msp430_16.9.0.LTS\lib\</path>
         <kind>archive</kind>
         <file>rts430x_lc_rd_eabi.lib</file>
         <name>memcpy.obj</name>
      </input_file>
      <input_file id="fl-92">
         <path>C:\ti\ccsv7\tools\compiler\ti-cgt-msp430_16.9.0.LTS\lib\</path>
         <kind>archive</kind>
         <file>rts430x_lc_rd_eabi.lib</file>
         <name>memset.obj</name>
      </input_file>
      <input_file id="fl-93">
         <path>C:\ti\ccsv7\tools\compiler\ti-cgt-msp430_16.9.0.LTS\lib\</path>
         <kind>archive</kind>
         <file>rts430x_lc_rd_eabi.lib</file>
         <name>mpu_init.obj</name>
      </input_file>
      <input_file id="fl-94">
         <path>C:\ti\ccsv7\tools\compiler\ti-cgt-msp430_16.9.0.LTS\lib\</path>
         <kind>archive</kind>
         <file>rts430x_lc_rd_eabi.lib</file>
         <name>mult16.obj</name>
      </input_file>
      <input_file id="fl-95">
         <path>C:\ti\ccsv7\tools\compiler\ti-cgt-msp430_16.9.0.LTS\lib\</path>
         <kind>archive</kind>
         <file>rts430x_lc_rd_eabi.lib</file>
         <name>mult1632_f5hw.obj</name>
      </input_file>
      <input_file id="fl-96">
         <path>C:\ti\ccsv7\tools\compiler\ti-cgt-msp430_16.9.0.LTS\lib\</path>
         <kind>archive</kind>
         <file>rts430x_lc_rd_eabi.lib</file>
         <name>mult16_f5hw.obj</name>
      </input_file>
      <input_file id="fl-97">
         <path>C:\ti\ccsv7\tools\compiler\ti-cgt-msp430_16.9.0.LTS\lib\</path>
         <kind>archive</kind>
         <file>rts430x_lc_rd_eabi.lib</file>
         <name>mult32.obj</name>
      </input_file>
      <input_file id="fl-98">
         <path>C:\ti\ccsv7\tools\compiler\ti-cgt-msp430_16.9.0.LTS\lib\</path>
         <kind>archive</kind>
         <file>rts430x_lc_rd_eabi.lib</file>
         <name>mult3264_f5hw.obj</name>
      </input_file>
      <input_file id="fl-99">
         <path>C:\ti\ccsv7\tools\compiler\ti-cgt-msp430_16.9.0.LTS\lib\</path>
         <kind>archive</kind>
         <file>rts430x_lc_rd_eabi.lib</file>
         <name>mult32_f5hw.obj</name>
      </input_file>
      <input_file id="fl-9a">
         <path>C:\ti\ccsv7\tools\compiler\ti-cgt-msp430_16.9.0.LTS\lib\</path>
         <kind>archive</kind>
         <file>rts430x_lc_rd_eabi.lib</file>
         <name>mult64_f5hw.obj</name>
      </input_file>
      <input_file id="fl-9b">
         <path>C:\ti\ccsv7\tools\compiler\ti-cgt-msp430_16.9.0.LTS\lib\</path>
         <kind>archive</kind>
         <file>rts430x_lc_rd_eabi.lib</file>
         <name>pre_init.obj</name>
      </input_file>
      <input_file id="fl-9c">
         <path>C:\ti\ccsv7\tools\compiler\ti-cgt-msp430_16.9.0.LTS\lib\</path>
         <kind>archive</kind>
         <file>rts430x_lc_rd_eabi.lib</file>
         <name>renormd.obj</name>
      </input_file>
      <input_file id="fl-9d">
         <path>C:\ti\ccsv7\tools\compiler\ti-cgt-msp430_16.9.0.LTS\lib\</path>
         <kind>archive</kind>
         <file>rts430x_lc_rd_eabi.lib</file>
         <name>sprintf.obj</name>
      </input_file>
      <input_file id="fl-9e">
         <path>C:\ti\ccsv7\tools\compiler\ti-cgt-msp430_16.9.0.LTS\lib\</path>
         <kind>archive</kind>
         <file>rts430x_lc_rd_eabi.lib</file>
         <name>strlen.obj</name>
      </input_file>
      <input_file id="fl-9f">
         <path>C:\ti\ccsv7\tools\compiler\ti-cgt-msp430_16.9.0.LTS\lib\</path>
         <kind>archive</kind>
         <file>rts430x_lc_rd_eabi.lib</file>
         <name>_lock.obj</name>
      </input_file>
      <input_file id="fl-a0">
         <path>C:\ti\ccsv7\tools\compiler\ti-cgt-msp430_16.9.0.LTS\lib\</path>
         <kind>archive</kind>
         <file>rts430x_lc_rd_eabi.lib</file>
         <name>_printfi.obj</name>
      </input_file>
      <input_file id="fl-a1">
         <path>C:\ti\ccsv7\tools\compiler\ti-cgt-msp430_16.9.0.LTS\lib\</path>
         <kind>archive</kind>
         <file>rts430x_lc_rd_eabi.lib</file>
         <name>abs.obj</name>
      </input_file>
      <input_file id="fl-a2">
         <path>C:\ti\ccsv7\tools\compiler\ti-cgt-msp430_16.9.0.LTS\lib\</path>
         <kind>archive</kind>
         <file>rts430x_lc_rd_eabi.lib</file>
         <name>args_main.obj</name>
      </input_file>
      <input_file id="fl-a3">
         <path>C:\ti\ccsv7\tools\compiler\ti-cgt-msp430_16.9.0.LTS\lib\</path>
         <kind>archive</kind>
         <file>rts430x_lc_rd_eabi.lib</file>
         <name>asr32.obj</name>
      </input_file>
      <input_file id="fl-a4">
         <path>C:\ti\ccsv7\tools\compiler\ti-cgt-msp430_16.9.0.LTS\lib\</path>
         <kind>archive</kind>
         <file>rts430x_lc_rd_eabi.lib</file>
         <name>atoi.obj</name>
      </input_file>
      <input_file id="fl-a5">
         <path>C:\ti\ccsv7\tools\compiler\ti-cgt-msp430_16.9.0.LTS\lib\</path>
         <kind>archive</kind>
         <file>rts430x_lc_rd_eabi.lib</file>
         <name>autoinit_wdt.obj</name>
      </input_file>
      <input_file id="fl-a6">
         <path>C:\ti\ccsv7\tools\compiler\ti-cgt-msp430_16.9.0.LTS\lib\</path>
         <kind>archive</kind>
         <file>rts430x_lc_rd_eabi.lib</file>
         <name>cmpd.obj</name>
      </input_file>
      <input_file id="fl-a7">
         <path>C:\ti\ccsv7\tools\compiler\ti-cgt-msp430_16.9.0.LTS\lib\</path>
         <kind>archive</kind>
         <file>rts430x_lc_rd_eabi.lib</file>
         <name>cpy_tbl.obj</name>
      </input_file>
      <input_file id="fl-a8">
         <path>C:\ti\ccsv7\tools\compiler\ti-cgt-msp430_16.9.0.LTS\lib\</path>
         <kind>archive</kind>
         <file>rts430x_lc_rd_eabi.lib</file>
         <name>ctype.obj</name>
      </input_file>
      <input_file id="fl-a9">
         <path>C:\ti\ccsv7\tools\compiler\ti-cgt-msp430_16.9.0.LTS\lib\</path>
         <kind>archive</kind>
         <file>rts430x_lc_rd_eabi.lib</file>
         <name>div64u.obj</name>
      </input_file>
      <input_file id="fl-aa">
         <path>C:\ti\ccsv7\tools\compiler\ti-cgt-msp430_16.9.0.LTS\lib\</path>
         <kind>archive</kind>
         <file>rts430x_lc_rd_eabi.lib</file>
         <name>fixdi.obj</name>
      </input_file>
      <input_file id="fl-ab">
         <path>C:\ti\ccsv7\tools\compiler\ti-cgt-msp430_16.9.0.LTS\lib\</path>
         <kind>archive</kind>
         <file>rts430x_lc_rd_eabi.lib</file>
         <name>fixdli.obj</name>
      </input_file>
      <input_file id="fl-ac">
         <path>C:\ti\ccsv7\tools\compiler\ti-cgt-msp430_16.9.0.LTS\lib\</path>
         <kind>archive</kind>
         <file>rts430x_lc_rd_eabi.lib</file>
         <name>fltid.obj</name>
      </input_file>
      <input_file id="fl-ad">
         <path>C:\ti\ccsv7\tools\compiler\ti-cgt-msp430_16.9.0.LTS\lib\</path>
         <kind>archive</kind>
         <file>rts430x_lc_rd_eabi.lib</file>
         <name>fltlid.obj</name>
      </input_file>
      <input_file id="fl-ae">
         <path>C:\ti\ccsv7\tools\compiler\ti-cgt-msp430_16.9.0.LTS\lib\</path>
         <kind>archive</kind>
         <file>rts430x_lc_rd_eabi.lib</file>
         <name>lsl64.obj</name>
      </input_file>
      <input_file id="fl-af">
         <path>C:\ti\ccsv7\tools\compiler\ti-cgt-msp430_16.9.0.LTS\lib\</path>
         <kind>archive</kind>
         <file>rts430x_lc_rd_eabi.lib</file>
         <name>ltoa.obj</name>
      </input_file>
      <input_file id="fl-b0">
         <path>C:\ti\ccsv7\tools\compiler\ti-cgt-msp430_16.9.0.LTS\lib\</path>
         <kind>archive</kind>
         <file>rts430x_lc_rd_eabi.lib</file>
         <name>memccpy.obj</name>
      </input_file>
      <input_file id="fl-b1">
         <path>C:\ti\ccsv7\tools\compiler\ti-cgt-msp430_16.9.0.LTS\lib\</path>
         <kind>archive</kind>
         <file>rts430x_lc_rd_eabi.lib</file>
         <name>mpyd.obj</name>
      </input_file>
      <input_file id="fl-b2">
         <path>C:\ti\ccsv7\tools\compiler\ti-cgt-msp430_16.9.0.LTS\lib\</path>
         <kind>archive</kind>
         <file>rts430x_lc_rd_eabi.lib</file>
         <name>negd.obj</name>
      </input_file>
      <input_file id="fl-b3">
         <path>C:\ti\ccsv7\tools\compiler\ti-cgt-msp430_16.9.0.LTS\lib\</path>
         <kind>archive</kind>
         <file>rts430x_lc_rd_eabi.lib</file>
         <name>s_frexp.obj</name>
      </input_file>
      <input_file id="fl-b4">
         <path>C:\ti\ccsv7\tools\compiler\ti-cgt-msp430_16.9.0.LTS\lib\</path>
         <kind>archive</kind>
         <file>rts430x_lc_rd_eabi.lib</file>
         <name>s_scalbn.obj</name>
      </input_file>
      <input_file id="fl-b5">
         <path>C:\ti\ccsv7\tools\compiler\ti-cgt-msp430_16.9.0.LTS\lib\</path>
         <kind>archive</kind>
         <file>rts430x_lc_rd_eabi.lib</file>
         <name>startup.obj</name>
      </input_file>
      <input_file id="fl-b6">
         <path>C:\ti\ccsv7\tools\compiler\ti-cgt-msp430_16.9.0.LTS\lib\</path>
         <kind>archive</kind>
         <file>rts430x_lc_rd_eabi.lib</file>
         <name>strchr.obj</name>
      </input_file>
      <input_file id="fl-b7">
         <path>C:\ti\ccsv7\tools\compiler\ti-cgt-msp430_16.9.0.LTS\lib\</path>
         <kind>archive</kind>
         <file>rts430x_lc_rd_eabi.lib</file>
         <name>subd.obj</name>
      </input_file>
      <input_file id="fl-b8">
         <path>C:\ti\ccsv7\tools\compiler\ti-cgt-msp430_16.9.0.LTS\lib\</path>
         <kind>archive</kind>
         <file>rts430x_lc_rd_eabi.lib</file>
         <name>toupper.obj</name>
      </input_file>
      <input_file id="fl-b9">
         <path>C:\ti\ccsv7\tools\compiler\ti-cgt-msp430_16.9.0.LTS\lib\</path>
         <kind>archive</kind>
         <file>rts430x_lc_rd_eabi.lib</file>
         <name>errno.obj</name>
      </input_file>
      <input_file id="fl-ba">
         <path>C:\ti\ccsv7\tools\compiler\ti-cgt-msp430_16.9.0.LTS\lib\</path>
         <kind>archive</kind>
         <file>rts430x_lc_rd_eabi.lib</file>
         <name>frcmpyd.obj</name>
      </input_file>
      <input_file id="fl-bb">
         <path>C:\ti\ccsv7\tools\compiler\ti-cgt-msp430_16.9.0.LTS\lib\</path>
         <kind>archive</kind>
         <file>rts430x_lc_rd_eabi.lib</file>
         <name>s_copysign.obj</name>
      </input_file>
   </input_file_list>
   <object_component_list>
      <object_component id="oc-6cb">
         <name>.bss:CdcControl</name>
         <uninitialized>true</uninitialized>
         <run_address>0x25a8</run_address>
         <size>0x8</size>
         <input_file_ref idref="fl-e"/>
      </object_component>
      <object_component id="oc-5e0">
         <name>.bss:CdcWriteCtrl</name>
         <uninitialized>true</uninitialized>
         <run_address>0x2590</run_address>
         <size>0xc</size>
         <input_file_ref idref="fl-e"/>
      </object_component>
      <object_component id="oc-570">
         <name>.bss:CdcReadCtrl</name>
         <uninitialized>true</uninitialized>
         <run_address>0x2576</run_address>
         <size>0x1a</size>
         <input_file_ref idref="fl-e"/>
      </object_component>
      <object_component id="oc-5c1">
         <name>.bss</name>
         <uninitialized>true</uninitialized>
         <run_address>0x259c</run_address>
         <size>0xb</size>
         <input_file_ref idref="fl-f"/>
      </object_component>
      <object_component id="oc-654">
         <name>.common:bufferX</name>
         <uninitialized>true</uninitialized>
         <run_address>0x2504</run_address>
         <size>0x28</size>
      </object_component>
      <object_component id="oc-788">
         <name>.common:bufferY</name>
         <uninitialized>true</uninitialized>
         <run_address>0x252c</run_address>
         <size>0x28</size>
      </object_component>
      <object_component id="oc-54a">
         <name>.common:ubuf</name>
         <uninitialized>true</uninitialized>
         <run_address>0x25d4</run_address>
         <size>0x4</size>
      </object_component>
      <object_component id="oc-655">
         <name>.common:bufferP</name>
         <uninitialized>true</uninitialized>
         <run_address>0x24b4</run_address>
         <size>0x28</size>
      </object_component>
      <object_component id="oc-78a">
         <name>.common:bufferQ</name>
         <uninitialized>true</uninitialized>
         <run_address>0x24dc</run_address>
         <size>0x28</size>
      </object_component>
      <object_component id="oc-789">
         <name>.common:vbuf</name>
         <uninitialized>true</uninitialized>
         <run_address>0x25d8</run_address>
         <size>0x4</size>
      </object_component>
      <object_component id="oc-74e">
         <name>.common:start2stop</name>
         <uninitialized>true</uninitialized>
         <run_address>0x25d0</run_address>
         <size>0x4</size>
      </object_component>
      <object_component id="oc-757">
         <name>.common:outString</name>
         <uninitialized>true</uninitialized>
         <run_address>0x2400</run_address>
         <size>0x80</size>
      </object_component>
      <object_component id="oc-733">
         <name>.common:meas_result_regrs</name>
         <uninitialized>true</uninitialized>
         <run_address>0x2480</run_address>
         <size>0x34</size>
      </object_component>
      <object_component id="oc-740">
         <name>.common:norm_lsb</name>
         <uninitialized>true</uninitialized>
         <run_address>0x25cc</run_address>
         <size>0x4</size>
      </object_component>
      <object_component id="oc-84b">
         <name>.common:ccnt</name>
         <uninitialized>true</uninitialized>
         <run_address>0x25c8</run_address>
         <size>0x4</size>
      </object_component>
      <object_component id="oc-5c4">
         <name>.common:wBytesRemainingOnIEP0</name>
         <uninitialized>true</uninitialized>
         <run_address>0x25dc</run_address>
         <size>0x2</size>
      </object_component>
      <object_component id="oc-5c5">
         <name>.common:wBytesRemainingOnOEP0</name>
         <uninitialized>true</uninitialized>
         <run_address>0x25de</run_address>
         <size>0x2</size>
      </object_component>
      <object_component id="oc-563">
         <name>.common:abUsbRequestReturnData</name>
         <uninitialized>true</uninitialized>
         <run_address>0x25b8</run_address>
         <size>0x8</size>
      </object_component>
      <object_component id="oc-6f4">
         <name>.common:abUsbRequestIncomingData</name>
         <uninitialized>true</uninitialized>
         <run_address>0x25b0</run_address>
         <size>0x8</size>
      </object_component>
      <object_component id="oc-823">
         <name>.common:abramSerialStringDescriptor</name>
         <uninitialized>true</uninitialized>
         <run_address>0x2554</run_address>
         <size>0x22</size>
      </object_component>
      <object_component id="oc-562">
         <name>.common:bStatusAction</name>
         <uninitialized>true</uninitialized>
         <run_address>0x25a7</run_address>
         <size>0x1</size>
      </object_component>
      <object_component id="oc-48a">
         <name>.common:wUsbEventMask</name>
         <uninitialized>true</uninitialized>
         <run_address>0x25e0</run_address>
         <size>0x2</size>
      </object_component>
      <object_component id="oc-5e9">
         <name>.common:USB_TX_memcpy</name>
         <uninitialized>true</uninitialized>
         <run_address>0x25c4</run_address>
         <size>0x4</size>
      </object_component>
      <object_component id="oc-6ab">
         <name>.common:USB_RX_memcpy</name>
         <uninitialized>true</uninitialized>
         <run_address>0x25c0</run_address>
         <size>0x4</size>
      </object_component>
      <object_component id="oc-547">
         <name>.data</name>
         <load_address>0x2601</load_address>
         <run_address>0x2601</run_address>
         <size>0x1</size>
         <input_file_ref idref="fl-2"/>
      </object_component>
      <object_component id="oc-53e">
         <name>.data</name>
         <load_address>0x25e2</load_address>
         <run_address>0x25e2</run_address>
         <size>0x16</size>
         <input_file_ref idref="fl-3"/>
      </object_component>
      <object_component id="oc-746">
         <name>.data</name>
         <load_address>0x260a</load_address>
         <run_address>0x260a</run_address>
         <size>0x4</size>
         <input_file_ref idref="fl-4"/>
      </object_component>
      <object_component id="oc-779">
         <name>.data</name>
         <load_address>0x2610</load_address>
         <run_address>0x2610</run_address>
         <size>0x1</size>
         <input_file_ref idref="fl-5"/>
      </object_component>
      <object_component id="oc-46f">
         <name>.data</name>
         <load_address>0x25f8</load_address>
         <run_address>0x25f8</run_address>
         <size>0x9</size>
         <input_file_ref idref="fl-7"/>
      </object_component>
      <object_component id="oc-57d">
         <name>.data</name>
         <load_address>0x2602</load_address>
         <run_address>0x2602</run_address>
         <size>0x8</size>
         <input_file_ref idref="fl-f"/>
      </object_component>
      <object_component id="oc-aa6">
         <name>.data</name>
         <load_address>0x260e</load_address>
         <run_address>0x260e</run_address>
         <size>0x2</size>
         <input_file_ref idref="fl-b9"/>
      </object_component>
      <object_component id="oc-3dd">
         <name>.stack</name>
         <uninitialized>true</uninitialized>
         <run_address>0x4360</run_address>
         <size>0x4</size>
         <input_file_ref idref="fl-63"/>
      </object_component>
      <object_component id="oc-b51">
         <name>.stack</name>
         <uninitialized>true</uninitialized>
         <run_address>0x4360</run_address>
         <size>0x0</size>
      </object_component>
      <object_component id="oc-a5e">
         <name>.text:__TI_frcdivd</name>
         <load_address>0x10000</load_address>
         <run_address>0x10000</run_address>
         <size>0x478</size>
         <input_file_ref idref="fl-72"/>
      </object_component>
      <object_component id="oc-9be">
         <name>.text:__mspabi_divull</name>
         <load_address>0x10478</load_address>
         <run_address>0x10478</run_address>
         <size>0x34e</size>
         <input_file_ref idref="fl-a9"/>
      </object_component>
      <object_component id="oc-a8d">
         <name>.text:__mspabi_addd</name>
         <load_address>0x107c6</load_address>
         <run_address>0x107c6</run_address>
         <size>0x2d8</size>
         <input_file_ref idref="fl-62"/>
      </object_component>
      <object_component id="oc-4db">
         <name>.text:CdcToHostFromBuffer</name>
         <load_address>0x10a9e</load_address>
         <run_address>0x10a9e</run_address>
         <size>0x2a2</size>
         <input_file_ref idref="fl-e"/>
      </object_component>
      <object_component id="oc-a56">
         <name>.text:__TI_frcmpyd</name>
         <load_address>0x10d40</load_address>
         <run_address>0x10d40</run_address>
         <size>0x286</size>
         <input_file_ref idref="fl-ba"/>
      </object_component>
      <object_component id="oc-9f8">
         <name>.text:__mspabi_mpyd</name>
         <load_address>0x10fc6</load_address>
         <run_address>0x10fc6</run_address>
         <size>0x282</size>
         <input_file_ref idref="fl-b1"/>
      </object_component>
      <object_component id="oc-960">
         <name>.text:_pproc_fgea</name>
         <load_address>0x11248</load_address>
         <run_address>0x11248</run_address>
         <size>0x260</size>
         <input_file_ref idref="fl-a0"/>
      </object_component>
      <object_component id="oc-911">
         <name>.text:_setfield</name>
         <load_address>0x114a8</load_address>
         <run_address>0x114a8</run_address>
         <size>0x25e</size>
         <input_file_ref idref="fl-a0"/>
      </object_component>
      <object_component id="oc-ab9">
         <name>.text:__TI_frcaddd</name>
         <load_address>0x11706</load_address>
         <run_address>0x11706</run_address>
         <size>0x252</size>
         <input_file_ref idref="fl-71"/>
      </object_component>
      <object_component id="oc-869">
         <name>.text:__TI_printfi</name>
         <load_address>0x11958</load_address>
         <run_address>0x11958</run_address>
         <size>0x23c</size>
         <input_file_ref idref="fl-a0"/>
      </object_component>
      <object_component id="oc-493">
         <name>.text:CdcToBufferFromHost</name>
         <load_address>0x11b94</load_address>
         <run_address>0x11b94</run_address>
         <size>0x228</size>
         <input_file_ref idref="fl-e"/>
      </object_component>
      <object_component id="oc-a0b">
         <name>.text:acvt</name>
         <load_address>0x11dbc</load_address>
         <run_address>0x11dbc</run_address>
         <size>0x224</size>
         <input_file_ref idref="fl-a0"/>
      </object_component>
      <object_component id="oc-9fe">
         <name>.text:__mspabi_divd</name>
         <load_address>0x11fe0</load_address>
         <run_address>0x11fe0</run_address>
         <size>0x222</size>
         <input_file_ref idref="fl-6e"/>
      </object_component>
      <object_component id="oc-9d8">
         <name>.text:ecvt</name>
         <load_address>0x12202</load_address>
         <run_address>0x12202</run_address>
         <size>0x210</size>
         <input_file_ref idref="fl-a0"/>
      </object_component>
      <object_component id="oc-9eb">
         <name>.text:fcvt</name>
         <load_address>0x12412</load_address>
         <run_address>0x12412</run_address>
         <size>0x1fe</size>
         <input_file_ref idref="fl-a0"/>
      </object_component>
      <object_component id="oc-9a1">
         <name>.text:_pconv_e</name>
         <load_address>0x12610</load_address>
         <run_address>0x12610</run_address>
         <size>0x1a4</size>
         <input_file_ref idref="fl-a0"/>
      </object_component>
      <object_component id="oc-4b1">
         <name>.text:USB_reset</name>
         <load_address>0x127b4</load_address>
         <run_address>0x127b4</run_address>
         <size>0x1a2</size>
         <input_file_ref idref="fl-f"/>
      </object_component>
      <object_component id="oc-a6d">
         <name>.text:scalbn</name>
         <load_address>0x12956</load_address>
         <run_address>0x12956</run_address>
         <size>0x1a0</size>
         <input_file_ref idref="fl-b4"/>
      </object_component>
      <object_component id="oc-977">
         <name>.text:_getarg_diouxp</name>
         <load_address>0x12af6</load_address>
         <run_address>0x12af6</run_address>
         <size>0x188</size>
         <input_file_ref idref="fl-a0"/>
      </object_component>
      <object_component id="oc-9a7">
         <name>.text:_pconv_a</name>
         <load_address>0x12c7e</load_address>
         <run_address>0x12c7e</run_address>
         <size>0x170</size>
         <input_file_ref idref="fl-a0"/>
      </object_component>
      <object_component id="oc-95a">
         <name>.text:_pproc_diouxp</name>
         <load_address>0x12dee</load_address>
         <run_address>0x12dee</run_address>
         <size>0x148</size>
         <input_file_ref idref="fl-a0"/>
      </object_component>
      <object_component id="oc-749">
         <name>.text</name>
         <load_address>0x12f36</load_address>
         <run_address>0x12f36</run_address>
         <size>0x132</size>
         <input_file_ref idref="fl-73"/>
      </object_component>
      <object_component id="oc-97d">
         <name>.text:_ltostr</name>
         <load_address>0x13068</load_address>
         <run_address>0x13068</run_address>
         <size>0x12a</size>
         <input_file_ref idref="fl-a0"/>
      </object_component>
      <object_component id="oc-995">
         <name>.text:_pconv_g</name>
         <load_address>0x13192</load_address>
         <run_address>0x13192</run_address>
         <size>0xfc</size>
         <input_file_ref idref="fl-a0"/>
      </object_component>
      <object_component id="oc-5a3">
         <name>.text:CopyUsbToBuff</name>
         <load_address>0x1328e</load_address>
         <run_address>0x1328e</run_address>
         <size>0xfa</size>
         <input_file_ref idref="fl-e"/>
      </object_component>
      <object_component id="oc-90b">
         <name>.text:_pproc_fwp</name>
         <load_address>0x13388</load_address>
         <run_address>0x13388</run_address>
         <size>0xfa</size>
         <input_file_ref idref="fl-a0"/>
      </object_component>
      <object_component id="oc-443">
         <name>.text:main</name>
         <load_address>0x13482</load_address>
         <run_address>0x13482</run_address>
         <size>0xf0</size>
         <input_file_ref idref="fl-3"/>
      </object_component>
      <object_component id="oc-632">
         <name>.text:Init_Clock</name>
         <load_address>0x13572</load_address>
         <run_address>0x13572</run_address>
         <size>0xea</size>
         <input_file_ref idref="fl-3"/>
      </object_component>
      <object_component id="oc-722">
         <name>.text:USB_InitSerialStringDescriptor</name>
         <load_address>0x1365c</load_address>
         <run_address>0x1365c</run_address>
         <size>0xe8</size>
         <input_file_ref idref="fl-f"/>
      </object_component>
      <object_component id="oc-5b1">
         <name>.text:USB_enable</name>
         <load_address>0x13744</load_address>
         <run_address>0x13744</run_address>
         <size>0xe2</size>
         <input_file_ref idref="fl-f"/>
      </object_component>
      <object_component id="oc-9ad">
         <name>.text:__mspabi_cmpd</name>
         <load_address>0x13826</load_address>
         <run_address>0x13826</run_address>
         <size>0xd8</size>
         <input_file_ref idref="fl-a6"/>
      </object_component>
      <object_component id="oc-78d">
         <name>.text:handle_TDC720x_plus_mux</name>
         <load_address>0x138fe</load_address>
         <run_address>0x138fe</run_address>
         <size>0xd8</size>
         <input_file_ref idref="fl-6"/>
      </object_component>
      <object_component id="oc-70e">
         <name>.text:SetVCoreUp</name>
         <load_address>0x139d6</load_address>
         <run_address>0x139d6</run_address>
         <size>0xd4</size>
         <input_file_ref idref="fl-b"/>
      </object_component>
      <object_component id="oc-5ce">
         <name>.text:USB_determineFreq</name>
         <load_address>0x13aaa</load_address>
         <run_address>0x13aaa</run_address>
         <size>0xca</size>
         <input_file_ref idref="fl-f"/>
      </object_component>
      <object_component id="oc-67d">
         <name>.text:two_tdc_measure_results</name>
         <load_address>0x13b74</load_address>
         <run_address>0x13b74</run_address>
         <size>0xc8</size>
         <input_file_ref idref="fl-5"/>
      </object_component>
      <object_component id="oc-484">
         <name>.text:USBCDC_getBytesInUSBBuffer</name>
         <load_address>0x13c3c</load_address>
         <run_address>0x13c3c</run_address>
         <size>0xba</size>
         <input_file_ref idref="fl-e"/>
      </object_component>
      <object_component id="oc-741">
         <name>.text</name>
         <load_address>0x13cf6</load_address>
         <run_address>0x13cf6</run_address>
         <size>0xb8</size>
         <input_file_ref idref="fl-77"/>
      </object_component>
      <object_component id="oc-793">
         <name>.text:handle_two_TDC720x</name>
         <load_address>0x13dae</load_address>
         <run_address>0x13dae</run_address>
         <size>0xb4</size>
         <input_file_ref idref="fl-6"/>
      </object_component>
      <object_component id="oc-ad7">
         <name>.text:__TI_renormd</name>
         <load_address>0x13e62</load_address>
         <run_address>0x13e62</run_address>
         <size>0xb2</size>
         <input_file_ref idref="fl-9c"/>
      </object_component>
      <object_component id="oc-a05">
         <name>.text:frexp</name>
         <load_address>0x13f14</load_address>
         <run_address>0x13f14</run_address>
         <size>0xb2</size>
         <input_file_ref idref="fl-b3"/>
      </object_component>
      <object_component id="oc-917">
         <name>.text:_pproc_str</name>
         <load_address>0x13fc6</load_address>
         <run_address>0x13fc6</run_address>
         <size>0xa6</size>
         <input_file_ref idref="fl-a0"/>
      </object_component>
      <object_component id="oc-a33">
         <name>.text:__mspabi_fltlid</name>
         <load_address>0x1406c</load_address>
         <run_address>0x1406c</run_address>
         <size>0x9e</size>
         <input_file_ref idref="fl-ad"/>
      </object_component>
      <object_component id="oc-714">
         <name>.text:SetVCoreDown</name>
         <load_address>0x1410a</load_address>
         <run_address>0x1410a</run_address>
         <size>0x9a</size>
         <input_file_ref idref="fl-b"/>
      </object_component>
      <object_component id="oc-79a">
         <name>.text:usbGetLineCoding</name>
         <load_address>0x141a4</load_address>
         <run_address>0x141a4</run_address>
         <size>0x98</size>
         <input_file_ref idref="fl-e"/>
      </object_component>
      <object_component id="oc-638">
         <name>.text:USB_init</name>
         <load_address>0x1423c</load_address>
         <run_address>0x1423c</run_address>
         <size>0x94</size>
         <input_file_ref idref="fl-f"/>
      </object_component>
      <object_component id="oc-9de">
         <name>.text:_ecpy</name>
         <load_address>0x142d0</load_address>
         <run_address>0x142d0</run_address>
         <size>0x90</size>
         <input_file_ref idref="fl-a0"/>
      </object_component>
      <object_component id="oc-9e4">
         <name>.text:_mcpy</name>
         <load_address>0x14360</load_address>
         <run_address>0x14360</run_address>
         <size>0x90</size>
         <input_file_ref idref="fl-a0"/>
      </object_component>
      <object_component id="oc-846">
         <name>.text</name>
         <load_address>0x143f0</load_address>
         <run_address>0x143f0</run_address>
         <size>0x90</size>
         <input_file_ref idref="fl-74"/>
      </object_component>
      <object_component id="oc-77c">
         <name>.text:TI_TDC720x_SPIAllReadReg</name>
         <load_address>0x14480</load_address>
         <run_address>0x14480</run_address>
         <size>0x8c</size>
         <input_file_ref idref="fl-40"/>
      </object_component>
      <object_component id="oc-7e2">
         <name>.text:usbGetEndpointStatus</name>
         <load_address>0x1450c</load_address>
         <run_address>0x1450c</run_address>
         <size>0x8a</size>
         <input_file_ref idref="fl-f"/>
      </object_component>
      <object_component id="oc-735">
         <name>.text:TDC720x_normlsb</name>
         <load_address>0x14596</load_address>
         <run_address>0x14596</run_address>
         <size>0x86</size>
         <input_file_ref idref="fl-4"/>
      </object_component>
      <object_component id="oc-564">
         <name>.text:usbDecodeAndProcessUsbRequest</name>
         <load_address>0x1461c</load_address>
         <run_address>0x1461c</run_address>
         <size>0x86</size>
         <input_file_ref idref="fl-f"/>
      </object_component>
      <object_component id="oc-834">
         <name>.text:DMA_init</name>
         <load_address>0x146a2</load_address>
         <run_address>0x146a2</run_address>
         <size>0x82</size>
         <input_file_ref idref="fl-22"/>
      </object_component>
      <object_component id="oc-429">
         <name>.text:_auto_init_hold_wdt</name>
         <load_address>0x14724</load_address>
         <run_address>0x14724</run_address>
         <size>0x82</size>
         <input_file_ref idref="fl-a5"/>
      </object_component>
      <object_component id="oc-683">
         <name>.text:one_tdc_measure_results</name>
         <load_address>0x147a6</load_address>
         <run_address>0x147a6</run_address>
         <size>0x82</size>
         <input_file_ref idref="fl-5"/>
      </object_component>
      <object_component id="oc-a2d">
         <name>.text:ltoa</name>
         <load_address>0x14828</load_address>
         <run_address>0x14828</run_address>
         <size>0x80</size>
         <input_file_ref idref="fl-af"/>
      </object_component>
      <object_component id="oc-541">
         <name>.text:TI_TDC720x_reg_init</name>
         <load_address>0x148a8</load_address>
         <run_address>0x148a8</run_address>
         <size>0x7e</size>
         <input_file_ref idref="fl-3"/>
      </object_component>
      <object_component id="oc-99b">
         <name>.text:_pconv_f</name>
         <load_address>0x14926</load_address>
         <run_address>0x14926</run_address>
         <size>0x78</size>
         <input_file_ref idref="fl-a0"/>
      </object_component>
      <object_component id="oc-6b">
         <name>.text:decompress:lzss:__TI_decompress_lzss</name>
         <load_address>0x1499e</load_address>
         <run_address>0x1499e</run_address>
         <size>0x78</size>
         <input_file_ref idref="fl-65"/>
      </object_component>
      <object_component id="oc-674">
         <name>.text:print_start2stopn</name>
         <load_address>0x14a16</load_address>
         <run_address>0x14a16</run_address>
         <size>0x78</size>
         <input_file_ref idref="fl-4"/>
      </object_component>
      <object_component id="oc-4bd">
         <name>.text:PWRVBUSoffHandler</name>
         <load_address>0x14a8e</load_address>
         <run_address>0x14a8e</run_address>
         <size>0x76</size>
         <input_file_ref idref="fl-19"/>
      </object_component>
      <object_component id="oc-5f3">
         <name>.text:Handler_SetLineCoding</name>
         <load_address>0x14b04</load_address>
         <run_address>0x14b04</run_address>
         <size>0x70</size>
         <input_file_ref idref="fl-e"/>
      </object_component>
      <object_component id="oc-66e">
         <name>.text:TDC720x_start2stopn</name>
         <load_address>0x14b74</load_address>
         <run_address>0x14b74</run_address>
         <size>0x70</size>
         <input_file_ref idref="fl-4"/>
      </object_component>
      <object_component id="oc-668">
         <name>.text:TDC720x_build_mreg</name>
         <load_address>0x14be4</load_address>
         <run_address>0x14be4</run_address>
         <size>0x6e</size>
         <input_file_ref idref="fl-4"/>
      </object_component>
      <object_component id="oc-750">
         <name>.text:__mspabi_cvtfd</name>
         <load_address>0x14c52</load_address>
         <run_address>0x14c52</run_address>
         <size>0x6e</size>
         <input_file_ref idref="fl-69"/>
      </object_component>
      <object_component id="oc-5fa">
         <name>.text:usbSendNextPacketOnIEP0</name>
         <load_address>0x14cc0</load_address>
         <run_address>0x14cc0</run_address>
         <size>0x6e</size>
         <input_file_ref idref="fl-f"/>
      </object_component>
      <object_component id="oc-4c9">
         <name>.text:PWRVBUSonHandler</name>
         <load_address>0x14d2e</load_address>
         <run_address>0x14d2e</run_address>
         <size>0x6a</size>
         <input_file_ref idref="fl-19"/>
      </object_component>
      <object_component id="oc-52c">
         <name>.text:TI_TDC720x_SPISetup</name>
         <load_address>0x14d98</load_address>
         <run_address>0x14d98</run_address>
         <size>0x68</size>
         <input_file_ref idref="fl-40"/>
      </object_component>
      <object_component id="oc-a45">
         <name>.text:__mspabi_fixdli</name>
         <load_address>0x14e00</load_address>
         <run_address>0x14e00</run_address>
         <size>0x66</size>
         <input_file_ref idref="fl-ab"/>
      </object_component>
      <object_component id="oc-4f9">
         <name>.text:copy_in</name>
         <load_address>0x14e66</load_address>
         <run_address>0x14e66</run_address>
         <size>0x66</size>
         <input_file_ref idref="fl-a7"/>
      </object_component>
      <object_component id="oc-83a">
         <name>.text:memcpyDMA</name>
         <load_address>0x14ecc</load_address>
         <run_address>0x14ecc</run_address>
         <size>0x64</size>
         <input_file_ref idref="fl-10"/>
      </object_component>
      <object_component id="oc-952">
         <name>.text:atoi</name>
         <load_address>0x14f30</load_address>
         <run_address>0x14f30</run_address>
         <size>0x62</size>
         <input_file_ref idref="fl-a4"/>
      </object_component>
      <object_component id="oc-538">
         <name>.text:timer2_A0_init</name>
         <load_address>0x14f92</load_address>
         <run_address>0x14f92</run_address>
         <size>0x62</size>
         <input_file_ref idref="fl-7"/>
      </object_component>
      <object_component id="oc-782">
         <name>.text:TI_TDC720x_SPIAllReadReg_BothTDCs</name>
         <load_address>0x14ff4</load_address>
         <run_address>0x14ff4</run_address>
         <size>0x5e</size>
         <input_file_ref idref="fl-40"/>
      </object_component>
      <object_component id="oc-76d">
         <name>.text:TI_TDC720x_SPIByteReadReg</name>
         <load_address>0x15052</load_address>
         <run_address>0x15052</run_address>
         <size>0x5e</size>
         <input_file_ref idref="fl-40"/>
      </object_component>
      <object_component id="oc-728">
         <name>.text:USB_initMemcpy</name>
         <load_address>0x150b0</load_address>
         <run_address>0x150b0</run_address>
         <size>0x5c</size>
         <input_file_ref idref="fl-10"/>
      </object_component>
      <object_component id="oc-7ca">
         <name>.text:usbGetStringDescriptor</name>
         <load_address>0x1510c</load_address>
         <run_address>0x1510c</run_address>
         <size>0x5a</size>
         <input_file_ref idref="fl-f"/>
      </object_component>
      <object_component id="oc-9c4">
         <name>.text</name>
         <load_address>0x15166</load_address>
         <run_address>0x15166</run_address>
         <size>0x58</size>
         <input_file_ref idref="fl-6d"/>
      </object_component>
      <object_component id="oc-5ed">
         <name>.text:usbReceiveNextPacketOnOEP0</name>
         <load_address>0x151be</load_address>
         <run_address>0x151be</run_address>
         <size>0x52</size>
         <input_file_ref idref="fl-f"/>
      </object_component>
      <object_component id="oc-824">
         <name>.text:TLV_getInfo</name>
         <load_address>0x15210</load_address>
         <run_address>0x15210</run_address>
         <size>0x50</size>
         <input_file_ref idref="fl-39"/>
      </object_component>
      <object_component id="oc-9f1">
         <name>.text:_fcpy</name>
         <load_address>0x15260</load_address>
         <run_address>0x15260</run_address>
         <size>0x4e</size>
         <input_file_ref idref="fl-a0"/>
      </object_component>
      <object_component id="oc-73b">
         <name>.text</name>
         <load_address>0x152ae</load_address>
         <run_address>0x152ae</run_address>
         <size>0x4a</size>
         <input_file_ref idref="fl-76"/>
      </object_component>
      <object_component id="oc-478">
         <name>.text:SetupPacketInterruptHandler</name>
         <load_address>0x152f8</load_address>
         <run_address>0x152f8</run_address>
         <size>0x48</size>
         <input_file_ref idref="fl-19"/>
      </object_component>
      <object_component id="oc-658">
         <name>.text:TI_TDC720x_SPIByteWriteReg</name>
         <load_address>0x15340</load_address>
         <run_address>0x15340</run_address>
         <size>0x48</size>
         <input_file_ref idref="fl-40"/>
      </object_component>
      <object_component id="oc-7fa">
         <name>.text:usbSetEndpointFeature</name>
         <load_address>0x15388</load_address>
         <run_address>0x15388</run_address>
         <size>0x48</size>
         <input_file_ref idref="fl-f"/>
      </object_component>
      <object_component id="oc-758">
         <name>.text:sprintf</name>
         <load_address>0x153d0</load_address>
         <run_address>0x153d0</run_address>
         <size>0x44</size>
         <input_file_ref idref="fl-9d"/>
      </object_component>
      <object_component id="oc-62c">
         <name>.text:SetVCore</name>
         <load_address>0x15414</load_address>
         <run_address>0x15414</run_address>
         <size>0x40</size>
         <input_file_ref idref="fl-b"/>
      </object_component>
      <object_component id="oc-a84">
         <name>.text</name>
         <load_address>0x15454</load_address>
         <run_address>0x15454</run_address>
         <size>0x40</size>
         <input_file_ref idref="fl-6c"/>
      </object_component>
      <object_component id="oc-7b2">
         <name>.text:usbClearEndpointFeature</name>
         <load_address>0x15494</load_address>
         <run_address>0x15494</run_address>
         <size>0x40</size>
         <input_file_ref idref="fl-f"/>
      </object_component>
      <object_component id="oc-5c6">
         <name>.text:CdcResetData</name>
         <load_address>0x154d4</load_address>
         <run_address>0x154d4</run_address>
         <size>0x3e</size>
         <input_file_ref idref="fl-e"/>
      </object_component>
      <object_component id="oc-6bb">
         <name>.text:UCS_turnOnXT2WithTimeout</name>
         <load_address>0x15512</load_address>
         <run_address>0x15512</run_address>
         <size>0x3e</size>
         <input_file_ref idref="fl-3a"/>
      </object_component>
      <object_component id="oc-852">
         <name>.text:l_asr_const</name>
         <load_address>0x15550</load_address>
         <run_address>0x15550</run_address>
         <size>0x3e</size>
         <input_file_ref idref="fl-a3"/>
      </object_component>
      <object_component id="oc-6f5">
         <name>.text:l_lsl_const</name>
         <load_address>0x1558e</load_address>
         <run_address>0x1558e</run_address>
         <size>0x3e</size>
         <input_file_ref idref="fl-8d"/>
      </object_component>
      <object_component id="oc-87e">
         <name>.text:l_lsr_const</name>
         <load_address>0x155cc</load_address>
         <run_address>0x155cc</run_address>
         <size>0x3e</size>
         <input_file_ref idref="fl-8f"/>
      </object_component>
      <object_component id="oc-526">
         <name>.text:InitUART</name>
         <load_address>0x1560a</load_address>
         <run_address>0x1560a</run_address>
         <size>0x3c</size>
         <input_file_ref idref="fl-8"/>
      </object_component>
      <object_component id="oc-a1c">
         <name>.text:__mspabi_sllll</name>
         <load_address>0x15646</load_address>
         <run_address>0x15646</run_address>
         <size>0x3a</size>
         <input_file_ref idref="fl-ae"/>
      </object_component>
      <object_component id="oc-9c9">
         <name>.text:__mspabi_srlll</name>
         <load_address>0x15680</load_address>
         <run_address>0x15680</run_address>
         <size>0x3a</size>
         <input_file_ref idref="fl-90"/>
      </object_component>
      <object_component id="oc-4e1">
         <name>.text:OEP0InterruptHandler</name>
         <load_address>0x156ba</load_address>
         <run_address>0x156ba</run_address>
         <size>0x38</size>
         <input_file_ref idref="fl-19"/>
      </object_component>
      <object_component id="oc-841">
         <name>.text</name>
         <load_address>0x156f2</load_address>
         <run_address>0x156f2</run_address>
         <size>0x36</size>
         <input_file_ref idref="fl-75"/>
      </object_component>
      <object_component id="oc-a39">
         <name>.text:__mspabi_subd</name>
         <load_address>0x15728</load_address>
         <run_address>0x15728</run_address>
         <size>0x32</size>
         <input_file_ref idref="fl-b7"/>
      </object_component>
      <object_component id="oc-773">
         <name>.text:wait_on_intb_pin</name>
         <load_address>0x1575a</load_address>
         <run_address>0x1575a</run_address>
         <size>0x32</size>
         <input_file_ref idref="fl-7"/>
      </object_component>
      <object_component id="oc-8db">
         <name>.text:DMA_setDstAddress</name>
         <load_address>0x1578c</load_address>
         <run_address>0x1578c</run_address>
         <size>0x30</size>
         <input_file_ref idref="fl-22"/>
      </object_component>
      <object_component id="oc-520">
         <name>.text:InitMCU</name>
         <load_address>0x157bc</load_address>
         <run_address>0x157bc</run_address>
         <size>0x30</size>
         <input_file_ref idref="fl-3"/>
      </object_component>
      <object_component id="oc-644">
         <name>.text:USB_getConnectionInformation</name>
         <load_address>0x157ec</load_address>
         <run_address>0x157ec</run_address>
         <size>0x30</size>
         <input_file_ref idref="fl-f"/>
      </object_component>
      <object_component id="oc-4a5">
         <name>.text:USB_suspend</name>
         <load_address>0x1581c</load_address>
         <run_address>0x1581c</run_address>
         <size>0x30</size>
         <input_file_ref idref="fl-f"/>
      </object_component>
      <object_component id="oc-553">
         <name>.text:tdc_trigger_measure</name>
         <load_address>0x1584c</load_address>
         <run_address>0x1584c</run_address>
         <size>0x30</size>
         <input_file_ref idref="fl-7"/>
      </object_component>
      <object_component id="oc-8d5">
         <name>.text:DMA_setSrcAddress</name>
         <load_address>0x1587c</load_address>
         <run_address>0x1587c</run_address>
         <size>0x2e</size>
         <input_file_ref idref="fl-22"/>
      </object_component>
      <object_component id="oc-98f">
         <name>.text:__mspabi_negd</name>
         <load_address>0x158aa</load_address>
         <run_address>0x158aa</run_address>
         <size>0x2e</size>
         <input_file_ref idref="fl-b2"/>
      </object_component>
      <object_component id="oc-aa9">
         <name>.text:copysign</name>
         <load_address>0x158d8</load_address>
         <run_address>0x158d8</run_address>
         <size>0x2e</size>
         <input_file_ref idref="fl-bb"/>
      </object_component>
      <object_component id="oc-764">
         <name>.text:putsUART</name>
         <load_address>0x15906</load_address>
         <run_address>0x15906</run_address>
         <size>0x2c</size>
         <input_file_ref idref="fl-8"/>
      </object_component>
      <object_component id="oc-64e">
         <name>.text</name>
         <load_address>0x15932</load_address>
         <run_address>0x15932</run_address>
         <size>0x2c</size>
         <input_file_ref idref="fl-6a"/>
      </object_component>
      <object_component id="oc-7d6">
         <name>.text:usbGetDeviceStatus</name>
         <load_address>0x1595e</load_address>
         <run_address>0x1595e</run_address>
         <size>0x2c</size>
         <input_file_ref idref="fl-f"/>
      </object_component>
      <object_component id="oc-82e">
         <name>.text:memcpyV</name>
         <load_address>0x1598a</load_address>
         <run_address>0x1598a</run_address>
         <size>0x2a</size>
         <input_file_ref idref="fl-10"/>
      </object_component>
      <object_component id="oc-6b5">
         <name>.text:GPIO_setAsPeripheralModuleFunctionOutputPin</name>
         <load_address>0x159b4</load_address>
         <run_address>0x159b4</run_address>
         <size>0x28</size>
         <input_file_ref idref="fl-28"/>
      </object_component>
      <object_component id="oc-a3f">
         <name>.text:__mspabi_fixdi</name>
         <load_address>0x159dc</load_address>
         <run_address>0x159dc</run_address>
         <size>0x28</size>
         <input_file_ref idref="fl-aa"/>
      </object_component>
      <object_component id="oc-7ee">
         <name>.text:usbSetConfiguration</name>
         <load_address>0x15a04</load_address>
         <run_address>0x15a04</run_address>
         <size>0x26</size>
         <input_file_ref idref="fl-f"/>
      </object_component>
      <object_component id="oc-8d">
         <name>.text:decompress:ZI:__TI_zero_init</name>
         <load_address>0x15a2a</load_address>
         <run_address>0x15a2a</run_address>
         <size>0x24</size>
         <input_file_ref idref="fl-67"/>
      </object_component>
      <object_component id="oc-a97">
         <name>.text</name>
         <load_address>0x15a4e</load_address>
         <run_address>0x15a4e</run_address>
         <size>0x24</size>
         <input_file_ref idref="fl-99"/>
      </object_component>
      <object_component id="oc-577">
         <name>.text:usbDisableOutEndpointInterrupt</name>
         <load_address>0x15a72</load_address>
         <run_address>0x15a72</run_address>
         <size>0x24</size>
         <input_file_ref idref="fl-f"/>
      </object_component>
      <object_component id="oc-4ef">
         <name>.text:USB_disable</name>
         <load_address>0x15a96</load_address>
         <run_address>0x15a96</run_address>
         <size>0x22</size>
         <input_file_ref idref="fl-f"/>
      </object_component>
      <object_component id="oc-883">
         <name>.text:usbSendDataPacketOnEP0</name>
         <load_address>0x15ab8</load_address>
         <run_address>0x15ab8</run_address>
         <size>0x22</size>
         <input_file_ref idref="fl-f"/>
      </object_component>
      <object_component id="oc-85d">
         <name>.text:_outs</name>
         <load_address>0x15ada</load_address>
         <run_address>0x15ada</run_address>
         <size>0x20</size>
         <input_file_ref idref="fl-9d"/>
      </object_component>
      <object_component id="oc-7e8">
         <name>.text:usbSetAddress</name>
         <load_address>0x15afa</load_address>
         <run_address>0x15afa</run_address>
         <size>0x20</size>
         <input_file_ref idref="fl-f"/>
      </object_component>
      <object_component id="oc-966">
         <name>.text:memccpy</name>
         <load_address>0x15b1a</load_address>
         <run_address>0x15b1a</run_address>
         <size>0x1e</size>
         <input_file_ref idref="fl-b0"/>
      </object_component>
      <object_component id="oc-532">
         <name>.text:timer1_A0_init</name>
         <load_address>0x15b38</load_address>
         <run_address>0x15b38</run_address>
         <size>0x1e</size>
         <input_file_ref idref="fl-7"/>
      </object_component>
      <object_component id="oc-7d0">
         <name>.text:usbGetInterface</name>
         <load_address>0x15b56</load_address>
         <run_address>0x15b56</run_address>
         <size>0x1e</size>
         <input_file_ref idref="fl-f"/>
      </object_component>
      <object_component id="oc-7dc">
         <name>.text:usbGetInterfaceStatus</name>
         <load_address>0x15b74</load_address>
         <run_address>0x15b74</run_address>
         <size>0x1e</size>
         <input_file_ref idref="fl-f"/>
      </object_component>
      <object_component id="oc-4e7">
         <name>.text:IEP0InterruptHandler</name>
         <load_address>0x15b92</load_address>
         <run_address>0x15b92</run_address>
         <size>0x1c</size>
         <input_file_ref idref="fl-19"/>
      </object_component>
      <object_component id="oc-a73">
         <name>.text:strchr</name>
         <load_address>0x15bae</load_address>
         <run_address>0x15bae</run_address>
         <size>0x1c</size>
         <input_file_ref idref="fl-b6"/>
      </object_component>
      <object_component id="oc-47e">
         <name>.text:CdcIsReceiveInProgress</name>
         <load_address>0x15bca</load_address>
         <run_address>0x15bca</run_address>
         <size>0x1a</size>
         <input_file_ref idref="fl-e"/>
      </object_component>
      <object_component id="oc-5d8">
         <name>.text:USB_connect</name>
         <load_address>0x15be4</load_address>
         <run_address>0x15be4</run_address>
         <size>0x1a</size>
         <input_file_ref idref="fl-f"/>
      </object_component>
      <object_component id="oc-689">
         <name>.text:TDC720x_mode1_lt12ns</name>
         <load_address>0x15bfe</load_address>
         <run_address>0x15bfe</run_address>
         <size>0x18</size>
         <input_file_ref idref="fl-6"/>
      </object_component>
      <object_component id="oc-499">
         <name>.text:USB_resume</name>
         <load_address>0x15c16</load_address>
         <run_address>0x15c16</run_address>
         <size>0x18</size>
         <input_file_ref idref="fl-f"/>
      </object_component>
      <object_component id="oc-56b">
         <name>.text</name>
         <load_address>0x15c2e</load_address>
         <run_address>0x15c2e</run_address>
         <size>0x18</size>
         <input_file_ref idref="fl-96"/>
      </object_component>
      <object_component id="oc-7ac">
         <name>.text:usbClearDeviceFeature</name>
         <load_address>0x15c46</load_address>
         <run_address>0x15c46</run_address>
         <size>0x18</size>
         <input_file_ref idref="fl-f"/>
      </object_component>
      <object_component id="oc-7f4">
         <name>.text:usbSetDeviceFeature</name>
         <load_address>0x15c5e</load_address>
         <run_address>0x15c5e</run_address>
         <size>0x18</size>
         <input_file_ref idref="fl-f"/>
      </object_component>
      <object_component id="oc-54d">
         <name>.text:TDC720x_calc</name>
         <load_address>0x15c76</load_address>
         <run_address>0x15c76</run_address>
         <size>0x16</size>
         <input_file_ref idref="fl-4"/>
      </object_component>
      <object_component id="oc-6c5">
         <name>.text:memset</name>
         <load_address>0x15c8c</load_address>
         <run_address>0x15c8c</run_address>
         <size>0x16</size>
         <input_file_ref idref="fl-92"/>
      </object_component>
      <object_component id="oc-6cf">
         <name>.text</name>
         <load_address>0x15ca2</load_address>
         <run_address>0x15ca2</run_address>
         <size>0x16</size>
         <input_file_ref idref="fl-6b"/>
      </object_component>
      <object_component id="oc-7c4">
         <name>.text:usbGetConfigurationDescriptor</name>
         <load_address>0x15cb8</load_address>
         <run_address>0x15cb8</run_address>
         <size>0x16</size>
         <input_file_ref idref="fl-f"/>
      </object_component>
      <object_component id="oc-7be">
         <name>.text:usbGetDeviceDescriptor</name>
         <load_address>0x15cce</load_address>
         <run_address>0x15cce</run_address>
         <size>0x16</size>
         <input_file_ref idref="fl-f"/>
      </object_component>
      <object_component id="oc-4cf">
         <name>.text:USB_handleVbusOnEvent</name>
         <load_address>0x15ce4</load_address>
         <run_address>0x15ce4</run_address>
         <size>0x14</size>
         <input_file_ref idref="fl-18"/>
      </object_component>
      <object_component id="oc-863">
         <name>.text:_outc</name>
         <load_address>0x15cf8</load_address>
         <run_address>0x15cf8</run_address>
         <size>0x14</size>
         <input_file_ref idref="fl-9d"/>
      </object_component>
      <object_component id="oc-3ec">
         <name>.text:memcpy</name>
         <load_address>0x15d0c</load_address>
         <run_address>0x15d0c</run_address>
         <size>0x14</size>
         <input_file_ref idref="fl-91"/>
      </object_component>
      <object_component id="oc-7b8">
         <name>.text:usbGetConfiguration</name>
         <load_address>0x15d20</load_address>
         <run_address>0x15d20</run_address>
         <size>0x14</size>
         <input_file_ref idref="fl-f"/>
      </object_component>
      <object_component id="oc-88a">
         <name>.text:usbReceiveDataPacketOnEP0</name>
[...]
      </symbol>
      <symbol id="sm-a41">
         <name>__mspabi_remli</name>
         <value>0x15454</value>
         <object_component_ref idref="oc-a84"/>
      </symbol>
      <symbol id="sm-a42">
         <name>__mspabi_divli</name>
         <value>0x15454</value>
         <object_component_ref idref="oc-a84"/>
      </symbol>
      <symbol id="sm-a50">
         <name>__mspabi_remul</name>
         <value>0x15166</value>
         <object_component_ref idref="oc-9c4"/>
      </symbol>
      <symbol id="sm-a51">
         <name>__mspabi_divul</name>
         <value>0x15166</value>
         <object_component_ref idref="oc-9c4"/>
      </symbol>
      <symbol id="sm-a72">
         <name>__mspabi_divd</name>
         <value>0x11fe0</value>
         <object_component_ref idref="oc-9fe"/>
      </symbol>
      <symbol id="sm-a7c">
         <name>C$$EXIT</name>
         <value>0x15ea6</value>
         <object_component_ref idref="oc-44b"/>
      </symbol>
      <symbol id="sm-a7d">
         <name>abort</name>
         <value>0x15ea6</value>
         <object_component_ref idref="oc-44b"/>
      </symbol>
      <symbol id="sm-a9f">
         <name>__TI_frcaddd</name>
         <value>0x11706</value>
         <object_component_ref idref="oc-ab9"/>
      </symbol>
      <symbol id="sm-aba">
         <name>__TI_frcdivd</name>
         <value>0x10000</value>
         <object_component_ref idref="oc-a5e"/>
      </symbol>
      <symbol id="sm-ad5">
         <name>__mspabi_subf</name>
         <value>0x12f36</value>
         <object_component_ref idref="oc-749"/>
      </symbol>
      <symbol id="sm-ad6">
         <name>__mspabi_addf</name>
         <value>0x12f3c</value>
         <object_component_ref idref="oc-749"/>
      </symbol>
      <symbol id="sm-ae8">
         <name>__mspabi_divf</name>
         <value>0x143f0</value>
         <object_component_ref idref="oc-846"/>
      </symbol>
      <symbol id="sm-af5">
         <name>__mspabi_fltif</name>
         <value>0x156f2</value>
         <object_component_ref idref="oc-841"/>
      </symbol>
      <symbol id="sm-b04">
         <name>__mspabi_fltlif</name>
         <value>0x152ae</value>
         <object_component_ref idref="oc-73b"/>
      </symbol>
      <symbol id="sm-b1b">
         <name>__mspabi_mpyf</name>
         <value>0x13cf6</value>
         <object_component_ref idref="oc-741"/>
      </symbol>
      <symbol id="sm-b20">
         <name>__TI_int41</name>
         <value>0xffd2</value>
         <object_component_ref idref="oc-77"/>
      </symbol>
      <symbol id="sm-b23">
         <name>__TI_int42</name>
         <value>0xffd4</value>
         <object_component_ref idref="oc-78"/>
      </symbol>
      <symbol id="sm-b26">
         <name>__TI_int43</name>
         <value>0xffd6</value>
         <object_component_ref idref="oc-79"/>
      </symbol>
      <symbol id="sm-b29">
         <name>__TI_int45</name>
         <value>0xffda</value>
         <object_component_ref idref="oc-7b"/>
      </symbol>
      <symbol id="sm-b2c">
         <name>__TI_int46</name>
         <value>0xffdc</value>
         <object_component_ref idref="oc-7c"/>
      </symbol>
      <symbol id="sm-b2f">
         <name>__TI_int47</name>
         <value>0xffde</value>
         <object_component_ref idref="oc-7d"/>
      </symbol>
      <symbol id="sm-b32">
         <name>__TI_int48</name>
         <value>0xffe0</value>
         <object_component_ref idref="oc-7e"/>
      </symbol>
      <symbol id="sm-b35">
         <name>__TI_int50</name>
         <value>0xffe4</value>
         <object_component_ref idref="oc-80"/>
      </symbol>
      <symbol id="sm-b38">
         <name>__TI_int52</name>
         <value>0xffe8</value>
         <object_component_ref idref="oc-82"/>
      </symbol>
      <symbol id="sm-b3b">
         <name>__TI_int54</name>
         <value>0xffec</value>
         <object_component_ref idref="oc-84"/>
      </symbol>
      <symbol id="sm-b3e">
         <name>__TI_int55</name>
         <value>0xffee</value>
         <object_component_ref idref="oc-85"/>
      </symbol>
      <symbol id="sm-b41">
         <name>__TI_int56</name>
         <value>0xfff0</value>
         <object_component_ref idref="oc-86"/>
      </symbol>
      <symbol id="sm-b44">
         <name>__TI_int57</name>
         <value>0xfff2</value>
         <object_component_ref idref="oc-87"/>
      </symbol>
      <symbol id="sm-b47">
         <name>__TI_int58</name>
         <value>0xfff4</value>
         <object_component_ref idref="oc-88"/>
      </symbol>
      <symbol id="sm-b4a">
         <name>__TI_int59</name>
         <value>0xfff6</value>
         <object_component_ref idref="oc-89"/>
      </symbol>
      <symbol id="sm-b4d">
         <name>__TI_int60</name>
         <value>0xfff8</value>
         <object_component_ref idref="oc-8a"/>
      </symbol>
      <symbol id="sm-b50">
         <name>__TI_int62</name>
         <value>0xfffc</value>
         <object_component_ref idref="oc-8c"/>
      </symbol>
      <symbol id="sm-b58">
         <name>__TI_ISR_TRAP</name>
         <value>0x45ba</value>
         <object_component_ref idref="oc-3f9"/>
      </symbol>
      <symbol id="sm-b61">
         <name>__mspabi_slli</name>
         <value>0x15e56</value>
         <object_component_ref idref="oc-6a1"/>
      </symbol>
      <symbol id="sm-b71">
         <name>__mspabi_slll_9</name>
         <value>0x155a6</value>
         <object_component_ref idref="oc-6f5"/>
      </symbol>
      <symbol id="sm-b72">
         <name>__mspabi_slll_8</name>
         <value>0x155aa</value>
         <object_component_ref idref="oc-6f5"/>
      </symbol>
      <symbol id="sm-b73">
         <name>__mspabi_slll_7</name>
         <value>0x155ae</value>
         <object_component_ref idref="oc-6f5"/>
      </symbol>
      <symbol id="sm-b74">
         <name>__mspabi_slll_6</name>
         <value>0x155b2</value>
         <object_component_ref idref="oc-6f5"/>
      </symbol>
      <symbol id="sm-b75">
         <name>__mspabi_slll_5</name>
         <value>0x155b6</value>
         <object_component_ref idref="oc-6f5"/>
      </symbol>
      <symbol id="sm-b76">
         <name>__mspabi_slll_4</name>
         <value>0x155ba</value>
         <object_component_ref idref="oc-6f5"/>
      </symbol>
      <symbol id="sm-b77">
         <name>__mspabi_slll_3</name>
         <value>0x155be</value>
         <object_component_ref idref="oc-6f5"/>
      </symbol>
      <symbol id="sm-b78">
         <name>__mspabi_slll_2</name>
         <value>0x155c2</value>
         <object_component_ref idref="oc-6f5"/>
      </symbol>
      <symbol id="sm-b79">
         <name>__mspabi_slll_1</name>
         <value>0x155c6</value>
         <object_component_ref idref="oc-6f5"/>
      </symbol>
      <symbol id="sm-b7a">
         <name>__mspabi_slll</name>
         <value>0x15dc2</value>
         <object_component_ref idref="oc-acd"/>
      </symbol>
      <symbol id="sm-b7b">
         <name>__mspabi_slll_15</name>
         <value>0x1558e</value>
         <object_component_ref idref="oc-6f5"/>
      </symbol>
      <symbol id="sm-b7c">
         <name>__mspabi_slll_14</name>
         <value>0x15592</value>
         <object_component_ref idref="oc-6f5"/>
      </symbol>
      <symbol id="sm-b7d">
         <name>__mspabi_slll_13</name>
         <value>0x15596</value>
         <object_component_ref idref="oc-6f5"/>
      </symbol>
      <symbol id="sm-b7e">
         <name>__mspabi_slll_12</name>
         <value>0x1559a</value>
         <object_component_ref idref="oc-6f5"/>
      </symbol>
      <symbol id="sm-b7f">
         <name>__mspabi_slll_11</name>
         <value>0x1559e</value>
         <object_component_ref idref="oc-6f5"/>
      </symbol>
      <symbol id="sm-b80">
         <name>__mspabi_slll_10</name>
         <value>0x155a2</value>
         <object_component_ref idref="oc-6f5"/>
      </symbol>
      <symbol id="sm-b89">
         <name>__mspabi_srli</name>
         <value>0x15e60</value>
         <object_component_ref idref="oc-6d4"/>
      </symbol>
      <symbol id="sm-b99">
         <name>__mspabi_srll_8</name>
         <value>0x155e8</value>
         <object_component_ref idref="oc-87e"/>
      </symbol>
      <symbol id="sm-b9a">
         <name>__mspabi_srll_9</name>
         <value>0x155e4</value>
         <object_component_ref idref="oc-87e"/>
      </symbol>
      <symbol id="sm-b9b">
         <name>__mspabi_srll_6</name>
         <value>0x155f0</value>
         <object_component_ref idref="oc-87e"/>
      </symbol>
      <symbol id="sm-b9c">
         <name>__mspabi_srll_7</name>
         <value>0x155ec</value>
         <object_component_ref idref="oc-87e"/>
      </symbol>
      <symbol id="sm-b9d">
         <name>__mspabi_srll_4</name>
         <value>0x155f8</value>
         <object_component_ref idref="oc-87e"/>
      </symbol>
      <symbol id="sm-b9e">
         <name>__mspabi_srll_5</name>
         <value>0x155f4</value>
         <object_component_ref idref="oc-87e"/>
      </symbol>
      <symbol id="sm-b9f">
         <name>__mspabi_srll_2</name>
         <value>0x15600</value>
         <object_component_ref idref="oc-87e"/>
      </symbol>
      <symbol id="sm-ba0">
         <name>__mspabi_srll_3</name>
         <value>0x155fc</value>
         <object_component_ref idref="oc-87e"/>
      </symbol>
      <symbol id="sm-ba1">
         <name>__mspabi_srll_1</name>
         <value>0x15604</value>
         <object_component_ref idref="oc-87e"/>
      </symbol>
      <symbol id="sm-ba2">
         <name>__mspabi_srll_15</name>
         <value>0x155cc</value>
         <object_component_ref idref="oc-87e"/>
      </symbol>
      <symbol id="sm-ba3">
         <name>__mspabi_srll_14</name>
         <value>0x155d0</value>
         <object_component_ref idref="oc-87e"/>
      </symbol>
      <symbol id="sm-ba4">
         <name>__mspabi_srll_13</name>
         <value>0x155d4</value>
         <object_component_ref idref="oc-87e"/>
      </symbol>
      <symbol id="sm-ba5">
         <name>__mspabi_srll_12</name>
         <value>0x155d8</value>
         <object_component_ref idref="oc-87e"/>
      </symbol>
      <symbol id="sm-ba6">
         <name>__mspabi_srll_11</name>
         <value>0x155dc</value>
         <object_component_ref idref="oc-87e"/>
      </symbol>
      <symbol id="sm-ba7">
         <name>__mspabi_srll_10</name>
         <value>0x155e0</value>
         <object_component_ref idref="oc-87e"/>
      </symbol>
      <symbol id="sm-ba8">
         <name>__mspabi_srll</name>
         <value>0x15dd2</value>
         <object_component_ref idref="oc-a22"/>
      </symbol>
      <symbol id="sm-bb5">
         <name>__mspabi_srlll</name>
         <value>0x15680</value>
         <object_component_ref idref="oc-9c9"/>
      </symbol>
      <symbol id="sm-bc3">
         <name>memcpy</name>
         <value>0x15d0c</value>
         <object_component_ref idref="oc-3ec"/>
      </symbol>
      <symbol id="sm-bd1">
         <name>memset</name>
         <value>0x15c8c</value>
         <object_component_ref idref="oc-6c5"/>
      </symbol>
      <symbol id="sm-bdc">
         <name>__mspabi_mpyi_f5hw</name>
         <value>0x15c2e</value>
         <object_component_ref idref="oc-56b"/>
      </symbol>
      <symbol id="sm-be6">
         <name>__mspabi_mpyl_f5hw</name>
         <value>0x15a4e</value>
         <object_component_ref idref="oc-a97"/>
      </symbol>
      <symbol id="sm-bf0">
         <name>_system_pre_init</name>
         <value>0x15ee2</value>
         <object_component_ref idref="oc-423"/>
      </symbol>
      <symbol id="sm-c04">
         <name>__TI_renormd</name>
         <value>0x13e62</value>
         <object_component_ref idref="oc-ad7"/>
      </symbol>
      <symbol id="sm-c25">
         <name>sprintf</name>
         <value>0x153d0</value>
         <object_component_ref idref="oc-758"/>
      </symbol>
      <symbol id="sm-c32">
         <name>strlen</name>
         <value>0x15dfe</value>
         <object_component_ref idref="oc-75e"/>
      </symbol>
      <symbol id="sm-ddb">
         <name>__TI_printfi</name>
         <value>0x11958</value>
         <object_component_ref idref="oc-869"/>
      </symbol>
      <symbol id="sm-de5">
         <name>abs</name>
         <value>0x15e4c</value>
         <object_component_ref idref="oc-a4c"/>
      </symbol>
      <symbol id="sm-df6">
         <name>__mspabi_sral</name>
         <value>0x15db2</value>
         <object_component_ref idref="oc-ad2"/>
      </symbol>
      <symbol id="sm-df7">
         <name>__mspabi_sral_15</name>
         <value>0x15550</value>
         <object_component_ref idref="oc-852"/>
      </symbol>
      <symbol id="sm-df8">
         <name>__mspabi_sral_14</name>
         <value>0x15554</value>
         <object_component_ref idref="oc-852"/>
      </symbol>
      <symbol id="sm-df9">
         <name>__mspabi_sral_13</name>
         <value>0x15558</value>
         <object_component_ref idref="oc-852"/>
      </symbol>
      <symbol id="sm-dfa">
         <name>__mspabi_sral_12</name>
         <value>0x1555c</value>
         <object_component_ref idref="oc-852"/>
      </symbol>
      <symbol id="sm-dfb">
         <name>__mspabi_sral_11</name>
         <value>0x15560</value>
         <object_component_ref idref="oc-852"/>
      </symbol>
      <symbol id="sm-dfc">
         <name>__mspabi_sral_10</name>
         <value>0x15564</value>
         <object_component_ref idref="oc-852"/>
      </symbol>
      <symbol id="sm-dfd">
         <name>__mspabi_sral_8</name>
         <value>0x1556c</value>
         <object_component_ref idref="oc-852"/>
      </symbol>
      <symbol id="sm-dfe">
         <name>__mspabi_sral_9</name>
         <value>0x15568</value>
         <object_component_ref idref="oc-852"/>
      </symbol>
      <symbol id="sm-dff">
         <name>__mspabi_sral_6</name>
         <value>0x15574</value>
         <object_component_ref idref="oc-852"/>
      </symbol>
      <symbol id="sm-e00">
         <name>__mspabi_sral_7</name>
         <value>0x15570</value>
         <object_component_ref idref="oc-852"/>
      </symbol>
      <symbol id="sm-e01">
         <name>__mspabi_sral_4</name>
         <value>0x1557c</value>
         <object_component_ref idref="oc-852"/>
      </symbol>
      <symbol id="sm-e02">
         <name>__mspabi_sral_5</name>
         <value>0x15578</value>
         <object_component_ref idref="oc-852"/>
      </symbol>
      <symbol id="sm-e03">
         <name>__mspabi_sral_2</name>
         <value>0x15584</value>
         <object_component_ref idref="oc-852"/>
      </symbol>
      <symbol id="sm-e04">
         <name>__mspabi_sral_3</name>
         <value>0x15580</value>
         <object_component_ref idref="oc-852"/>
      </symbol>
      <symbol id="sm-e05">
         <name>__mspabi_sral_1</name>
         <value>0x15588</value>
         <object_component_ref idref="oc-852"/>
      </symbol>
      <symbol id="sm-e18">
         <name>atoi</name>
         <value>0x14f30</value>
         <object_component_ref idref="oc-952"/>
      </symbol>
      <symbol id="sm-e3a">
         <name>_auto_init_hold_wdt</name>
         <value>0x14724</value>
         <object_component_ref idref="oc-429"/>
      </symbol>
      <symbol id="sm-e54">
         <name>__mspabi_cmpd</name>
         <value>0x13826</value>
         <object_component_ref idref="oc-9ad"/>
      </symbol>
      <symbol id="sm-e6a">
         <name>copy_in</name>
         <value>0x14e66</value>
         <object_component_ref idref="oc-4f9"/>
      </symbol>
      <symbol id="sm-e74">
         <name>_ctypes_</name>
         <value>0x46d2</value>
         <object_component_ref idref="oc-972"/>
      </symbol>
      <symbol id="sm-ea7">
         <name>__mspabi_divull</name>
         <value>0x10478</value>
         <object_component_ref idref="oc-9be"/>
      </symbol>
      <symbol id="sm-eb4">
         <name>__mspabi_fixdi</name>
         <value>0x159dc</value>
         <object_component_ref idref="oc-a3f"/>
      </symbol>
      <symbol id="sm-ec3">
         <name>__mspabi_fixdli</name>
         <value>0x14e00</value>
         <object_component_ref idref="oc-a45"/>
      </symbol>
      <symbol id="sm-ecc">
         <name>__mspabi_fltid</name>
         <value>0x15e34</value>
         <object_component_ref idref="oc-a79"/>
      </symbol>
      <symbol id="sm-ee4">
         <name>__mspabi_fltlid</name>
         <value>0x1406c</value>
         <object_component_ref idref="oc-a33"/>
      </symbol>
      <symbol id="sm-ef1">
         <name>__mspabi_sllll</name>
         <value>0x15646</value>
         <object_component_ref idref="oc-a1c"/>
      </symbol>
      <symbol id="sm-f00">
         <name>ltoa</name>
         <value>0x14828</value>
         <object_component_ref idref="oc-a2d"/>
      </symbol>
      <symbol id="sm-f0f">
         <name>memccpy</name>
         <value>0x15b1a</value>
         <object_component_ref idref="oc-966"/>
      </symbol>
      <symbol id="sm-f2f">
         <name>__mspabi_mpyd</name>
         <value>0x10fc6</value>
         <object_component_ref idref="oc-9f8"/>
      </symbol>
      <symbol id="sm-f38">
         <name>__mspabi_negd</name>
         <value>0x158aa</value>
         <object_component_ref idref="oc-98f"/>
      </symbol>
      <symbol id="sm-f4f">
         <name>frexpl</name>
         <value>0x13f14</value>
         <object_component_ref idref="oc-a05"/>
      </symbol>
      <symbol id="sm-f50">
         <name>frexp</name>
         <value>0x13f14</value>
         <object_component_ref idref="oc-a05"/>
      </symbol>
      <symbol id="sm-f6a">
         <name>scalbn</name>
         <value>0x12956</value>
         <object_component_ref idref="oc-a6d"/>
      </symbol>
      <symbol id="sm-f6b">
         <name>scalbnl</name>
         <value>0x12956</value>
         <object_component_ref idref="oc-a6d"/>
      </symbol>
      <symbol id="sm-f6c">
         <name>ldexpl</name>
         <value>0x12956</value>
         <object_component_ref idref="oc-a6d"/>
      </symbol>
      <symbol id="sm-f6d">
         <name>ldexp</name>
         <value>0x12956</value>
         <object_component_ref idref="oc-a6d"/>
      </symbol>
      <symbol id="sm-f76">
         <name>_system_post_cinit</name>
         <value>0x15ee6</value>
         <object_component_ref idref="oc-4ff"/>
      </symbol>
      <symbol id="sm-f85">
         <name>strchr</name>
         <value>0x15bae</value>
         <object_component_ref idref="oc-a73"/>
      </symbol>
      <symbol id="sm-f8e">
         <name>__mspabi_subd</name>
         <value>0x15728</value>
         <object_component_ref idref="oc-a39"/>
      </symbol>
      <symbol id="sm-f9b">
         <name>toupper</name>
         <value>0x15d6e</value>
         <object_component_ref idref="oc-989"/>
      </symbol>
      <symbol id="sm-fa2">
         <name>errno</name>
         <value>0x260e</value>
         <object_component_ref idref="oc-aa6"/>
      </symbol>
      <symbol id="sm-fb3">
         <name>__TI_frcmpyd</name>
         <value>0x10d40</value>
         <object_component_ref idref="oc-a56"/>
      </symbol>
      <symbol id="sm-fbc">
         <name>copysign</name>
         <value>0x158d8</value>
         <object_component_ref idref="oc-aa9"/>
      </symbol>
      <symbol id="sm-fbd">
         <name>copysignl</name>
         <value>0x158d8</value>
         <object_component_ref idref="oc-aa9"/>
      </symbol>
      <symbol id="sm-fbf">
         <name>__TI_BINIT_Base</name>
         <value>0x0</value>
      </symbol>
      <symbol id="sm-fc0">
         <name>__TI_BINIT_Limit</name>
         <value>0x0</value>
      </symbol>
      <symbol id="sm-fc1">
         <name>__TI_INITARRAY_Base</name>
         <value>0x0</value>
      </symbol>
      <symbol id="sm-fc2">
         <name>__TI_INITARRAY_Limit</name>
         <value>0x0</value>
      </symbol>
   </symbol_table>
   <title>Link successful</title>
</link_info>
