<?xml version="1.0"?>
<link_info>
   <banner>MSP430 Linker PC v16.9.0.LTS</banner>
   <copyright>Copyright (c) 2003-2015 Texas Instruments Incorporated</copyright>
   <link_time>0x58af7c66</link_time>
   <link_errors>0x0</link_errors>
   <output_file>TDC7200EVM_USB.out</output_file>
   <entry_point>
      <name>_c_int00_noargs_noexit</name>
      <address>0x4592</address>
   </entry_point>
   <input_file_list>
      <input_file id="fl-2">
         <path>.\</path>
         <kind>object</kind>
         <file>host_interface.obj</file>
         <name>host_interface.obj</name>
      </input_file>
      <input_file id="fl-3">
         <path>.\</path>
         <kind>object</kind>
         <file>main.obj</file>
         <name>main.obj</name>
      </input_file>
      <input_file id="fl-4">
         <path>.\</path>
         <kind>object</kind>
         <file>tdc720x_calculation.obj</file>
         <name>tdc720x_calculation.obj</name>
      </input_file>
      <input_file id="fl-5">
         <path>.\</path>
         <kind>object</kind>
         <file>tdc720x_measurement_control.obj</file>
         <name>tdc720x_measurement_control.obj</name>
      </input_file>
      <input_file id="fl-6">
         <path>.\</path>
         <kind>object</kind>
         <file>tdc720x_mode1_lt12ns.obj</file>
         <name>tdc720x_mode1_lt12ns.obj</name>
      </input_file>
      <input_file id="fl-7">
         <path>.\</path>
         <kind>object</kind>
         <file>timer_queue.obj</file>
         <name>timer_queue.obj</name>
      </input_file>
      <input_file id="fl-8">
         <path>.\</path>
         <kind>object</kind>
         <file>uart_commn.obj</file>
         <name>uart_commn.obj</name>
      </input_file>
      <input_file id="fl-9">
         <path>.\F5xx_F6xx_Core_Lib\</path>
         <kind>object</kind>
         <file>HAL_FLASH.obj</file>
         <name>HAL_FLASH.obj</name>
      </input_file>
      <input_file id="fl-a">
         <path>.\F5xx_F6xx_Core_Lib\</path>
         <kind>object</kind>
         <file>HAL_PMAP.obj</file>
         <name>HAL_PMAP.obj</name>
      </input_file>
      <input_file id="fl-b">
         <path>.\F5xx_F6xx_Core_Lib\</path>
         <kind>object</kind>
         <file>HAL_PMM.obj</file>
         <name>HAL_PMM.obj</name>
      </input_file>
      <input_file id="fl-c">
         <path>.\F5xx_F6xx_Core_Lib\</path>
         <kind>object</kind>
         <file>HAL_TLV.obj</file>
         <name>HAL_TLV.obj</name>
      </input_file>
      <input_file id="fl-d">
         <path>.\F5xx_F6xx_Core_Lib\</path>
         <kind>object</kind>
         <file>HAL_UCS.obj</file>
         <name>HAL_UCS.obj</name>
      </input_file>
      <input_file id="fl-e">
         <path>.\USB_API\USB_CDC_API\</path>
         <kind>object</kind>
         <file>UsbCdc.obj</file>
         <name>UsbCdc.obj</name>
      </input_file>
      <input_file id="fl-f">
         <path>.\USB_API\USB_Common\</path>
         <kind>object</kind>
         <file>usb.obj</file>
         <name>usb.obj</name>
      </input_file>
      <input_file id="fl-10">
         <path>.\USB_API\USB_Common\</path>
         <kind>object</kind>
         <file>usbdma.obj</file>
         <name>usbdma.obj</name>
      </input_file>
      <input_file id="fl-11">
         <path>.\USB_API\USB_HID_API\</path>
         <kind>object</kind>
         <file>UsbHid.obj</file>
         <name>UsbHid.obj</name>
      </input_file>
      <input_file id="fl-12">
         <path>.\USB_API\USB_HID_API\</path>
         <kind>object</kind>
         <file>UsbHidReq.obj</file>
         <name>UsbHidReq.obj</name>
      </input_file>
      <input_file id="fl-13">
         <path>.\USB_API\USB_MSC_API\</path>
         <kind>object</kind>
         <file>UsbMscReq.obj</file>
         <name>UsbMscReq.obj</name>
      </input_file>
      <input_file id="fl-14">
         <path>.\USB_API\USB_MSC_API\</path>
         <kind>object</kind>
         <file>UsbMscScsi.obj</file>
         <name>UsbMscScsi.obj</name>
      </input_file>
      <input_file id="fl-15">
         <path>.\USB_API\USB_MSC_API\</path>
         <kind>object</kind>
         <file>UsbMscStateMachine.obj</file>
         <name>UsbMscStateMachine.obj</name>
      </input_file>
      <input_file id="fl-16">
         <path>.\USB_API\USB_PHDC_API\</path>
         <kind>object</kind>
         <file>UsbPHDC.obj</file>
         <name>UsbPHDC.obj</name>
      </input_file>
      <input_file id="fl-17">
         <path>.\USB_app\</path>
         <kind>object</kind>
         <file>usbConstructs.obj</file>
         <name>usbConstructs.obj</name>
      </input_file>
      <input_file id="fl-18">
         <path>.\USB_app\</path>
         <kind>object</kind>
         <file>usbEventHandling.obj</file>
         <name>usbEventHandling.obj</name>
      </input_file>
      <input_file id="fl-19">
         <path>.\USB_config\</path>
         <kind>object</kind>
         <file>UsbIsr.obj</file>
         <name>UsbIsr.obj</name>
      </input_file>
      <input_file id="fl-1a">
         <path>.\USB_config\</path>
         <kind>object</kind>
         <file>descriptors.obj</file>
         <name>descriptors.obj</name>
      </input_file>
      <input_file id="fl-1b">
         <path>.\driverlib\MSP430F5xx_6xx\</path>
         <kind>object</kind>
         <file>adc10_a.obj</file>
         <name>adc10_a.obj</name>
      </input_file>
      <input_file id="fl-1c">
         <path>.\driverlib\MSP430F5xx_6xx\</path>
         <kind>object</kind>
         <file>adc12_a.obj</file>
         <name>adc12_a.obj</name>
      </input_file>
      <input_file id="fl-1d">
         <path>.\driverlib\MSP430F5xx_6xx\</path>
         <kind>object</kind>
         <file>aes.obj</file>
         <name>aes.obj</name>
      </input_file>
      <input_file id="fl-1e">
         <path>.\driverlib\MSP430F5xx_6xx\</path>
         <kind>object</kind>
         <file>battbak.obj</file>
         <name>battbak.obj</name>
      </input_file>
      <input_file id="fl-1f">
         <path>.\driverlib\MSP430F5xx_6xx\</path>
         <kind>object</kind>
         <file>comp_b.obj</file>
         <name>comp_b.obj</name>
      </input_file>
      <input_file id="fl-20">
         <path>.\driverlib\MSP430F5xx_6xx\</path>
         <kind>object</kind>
         <file>crc.obj</file>
         <name>crc.obj</name>
      </input_file>
      <input_file id="fl-21">
         <path>.\driverlib\MSP430F5xx_6xx\</path>
         <kind>object</kind>
         <file>dac12_a.obj</file>
         <name>dac12_a.obj</name>
      </input_file>
      <input_file id="fl-22">
         <path>.\driverlib\MSP430F5xx_6xx\</path>
         <kind>object</kind>
         <file>dma.obj</file>
         <name>dma.obj</name>
      </input_file>
      <input_file id="fl-23">
         <path>.\driverlib\MSP430F5xx_6xx\</path>
         <kind>object</kind>
         <file>eusci_a_spi.obj</file>
         <name>eusci_a_spi.obj</name>
      </input_file>
      <input_file id="fl-24">
         <path>.\driverlib\MSP430F5xx_6xx\</path>
         <kind>object</kind>
         <file>eusci_a_uart.obj</file>
         <name>eusci_a_uart.obj</name>
      </input_file>
      <input_file id="fl-25">
         <path>.\driverlib\MSP430F5xx_6xx\</path>
         <kind>object</kind>
         <file>eusci_b_i2c.obj</file>
         <name>eusci_b_i2c.obj</name>
      </input_file>
      <input_file id="fl-26">
         <path>.\driverlib\MSP430F5xx_6xx\</path>
         <kind>object</kind>
         <file>eusci_b_spi.obj</file>
         <name>eusci_b_spi.obj</name>
      </input_file>
      <input_file id="fl-27">
         <path>.\driverlib\MSP430F5xx_6xx\</path>
         <kind>object</kind>
         <file>flashctl.obj</file>
         <name>flashctl.obj</name>
      </input_file>
      <input_file id="fl-28">
         <path>.\driverlib\MSP430F5xx_6xx\</path>
         <kind>object</kind>
         <file>gpio.obj</file>
         <name>gpio.obj</name>
      </input_file>
      <input_file id="fl-29">
         <path>.\driverlib\MSP430F5xx_6xx\</path>
         <kind>object</kind>
         <file>ldopwr.obj</file>
         <name>ldopwr.obj</name>
      </input_file>
      <input_file id="fl-2a">
         <path>.\driverlib\MSP430F5xx_6xx\</path>
         <kind>object</kind>
         <file>mpy32.obj</file>
         <name>mpy32.obj</name>
      </input_file>
      <input_file id="fl-2b">
         <path>.\driverlib\MSP430F5xx_6xx\</path>
         <kind>object</kind>
         <file>pmap.obj</file>
         <name>pmap.obj</name>
      </input_file>
      <input_file id="fl-2c">
         <path>.\driverlib\MSP430F5xx_6xx\</path>
         <kind>object</kind>
         <file>pmm.obj</file>
         <name>pmm.obj</name>
      </input_file>
      <input_file id="fl-2d">
         <path>.\driverlib\MSP430F5xx_6xx\</path>
         <kind>object</kind>
         <file>ram.obj</file>
         <name>ram.obj</name>
      </input_file>
      <input_file id="fl-2e">
         <path>.\driverlib\MSP430F5xx_6xx\</path>
         <kind>object</kind>
         <file>ref.obj</file>
         <name>ref.obj</name>
      </input_file>
      <input_file id="fl-2f">
         <path>.\driverlib\MSP430F5xx_6xx\</path>
         <kind>object</kind>
         <file>rtc_a.obj</file>
         <name>rtc_a.obj</name>
      </input_file>
      <input_file id="fl-30">
         <path>.\driverlib\MSP430F5xx_6xx\</path>
         <kind>object</kind>
         <file>rtc_b.obj</file>
         <name>rtc_b.obj</name>
      </input_file>
      <input_file id="fl-31">
         <path>.\driverlib\MSP430F5xx_6xx\</path>
         <kind>object</kind>
         <file>rtc_c.obj</file>
         <name>rtc_c.obj</name>
      </input_file>
      <input_file id="fl-32">
         <path>.\driverlib\MSP430F5xx_6xx\</path>
         <kind>object</kind>
         <file>sd24_b.obj</file>
         <name>sd24_b.obj</name>
      </input_file>
      <input_file id="fl-33">
         <path>.\driverlib\MSP430F5xx_6xx\</path>
         <kind>object</kind>
         <file>sfr.obj</file>
         <name>sfr.obj</name>
      </input_file>
      <input_file id="fl-34">
         <path>.\driverlib\MSP430F5xx_6xx\</path>
         <kind>object</kind>
         <file>sysctl.obj</file>
         <name>sysctl.obj</name>
      </input_file>
      <input_file id="fl-35">
         <path>.\driverlib\MSP430F5xx_6xx\</path>
         <kind>object</kind>
         <file>tec.obj</file>
         <name>tec.obj</name>
      </input_file>
      <input_file id="fl-36">
         <path>.\driverlib\MSP430F5xx_6xx\</path>
         <kind>object</kind>
         <file>timer_a.obj</file>
         <name>timer_a.obj</name>
      </input_file>
      <input_file id="fl-37">
         <path>.\driverlib\MSP430F5xx_6xx\</path>
         <kind>object</kind>
         <file>timer_b.obj</file>
         <name>timer_b.obj</name>
      </input_file>
      <input_file id="fl-38">
         <path>.\driverlib\MSP430F5xx_6xx\</path>
         <kind>object</kind>
         <file>timer_d.obj</file>
         <name>timer_d.obj</name>
      </input_file>
      <input_file id="fl-39">
         <path>.\driverlib\MSP430F5xx_6xx\</path>
         <kind>object</kind>
         <file>tlv.obj</file>
         <name>tlv.obj</name>
      </input_file>
      <input_file id="fl-3a">
         <path>.\driverlib\MSP430F5xx_6xx\</path>
         <kind>object</kind>
         <file>ucs.obj</file>
         <name>ucs.obj</name>
      </input_file>
      <input_file id="fl-3b">
         <path>.\driverlib\MSP430F5xx_6xx\</path>
         <kind>object</kind>
         <file>usci_a_spi.obj</file>
         <name>usci_a_spi.obj</name>
      </input_file>
      <input_file id="fl-3c">
         <path>.\driverlib\MSP430F5xx_6xx\</path>
         <kind>object</kind>
         <file>usci_a_uart.obj</file>
         <name>usci_a_uart.obj</name>
      </input_file>
      <input_file id="fl-3d">
         <path>.\driverlib\MSP430F5xx_6xx\</path>
         <kind>object</kind>
         <file>usci_b_i2c.obj</file>
         <name>usci_b_i2c.obj</name>
      </input_file>
      <input_file id="fl-3e">
         <path>.\driverlib\MSP430F5xx_6xx\</path>
         <kind>object</kind>
         <file>usci_b_spi.obj</file>
         <name>usci_b_spi.obj</name>
      </input_file>
      <input_file id="fl-3f">
         <path>.\driverlib\MSP430F5xx_6xx\</path>
         <kind>object</kind>
         <file>wdt_a.obj</file>
         <name>wdt_a.obj</name>
      </input_file>
      <input_file id="fl-40">
         <path>.\library\</path>
         <kind>object</kind>
         <file>TI_MSP430_spi_USCIB0_5xx.obj</file>
         <name>TI_MSP430_spi_USCIB0_5xx.obj</name>
      </input_file>
      <input_file id="fl-62">
         <path>C:\ti\ccsv7\tools\compiler\ti-cgt-msp430_16.9.0.LTS\lib\</path>
         <kind>archive</kind>
         <file>rts430x_lc_rd_eabi.lib</file>
         <name>addd.obj</name>
      </input_file>
      <input_file id="fl-63">
         <path>C:\ti\ccsv7\tools\compiler\ti-cgt-msp430_16.9.0.LTS\lib\</path>
         <kind>archive</kind>
         <file>rts430x_lc_rd_eabi.lib</file>
         <name>boot.obj</name>
      </input_file>
      <input_file id="fl-64">
         <path>C:\ti\ccsv7\tools\compiler\ti-cgt-msp430_16.9.0.LTS\lib\</path>
         <kind>archive</kind>
         <file>rts430x_lc_rd_eabi.lib</file>
         <name>boot_special.obj</name>
      </input_file>
      <input_file id="fl-65">
         <path>C:\ti\ccsv7\tools\compiler\ti-cgt-msp430_16.9.0.LTS\lib\</path>
         <kind>archive</kind>
         <file>rts430x_lc_rd_eabi.lib</file>
         <name>copy_decompress_lzss.obj</name>
      </input_file>
      <input_file id="fl-66">
         <path>C:\ti\ccsv7\tools\compiler\ti-cgt-msp430_16.9.0.LTS\lib\</path>
         <kind>archive</kind>
         <file>rts430x_lc_rd_eabi.lib</file>
         <name>copy_decompress_none.obj</name>
      </input_file>
      <input_file id="fl-67">
         <path>C:\ti\ccsv7\tools\compiler\ti-cgt-msp430_16.9.0.LTS\lib\</path>
         <kind>archive</kind>
         <file>rts430x_lc_rd_eabi.lib</file>
         <name>copy_zero_init.obj</name>
      </input_file>
      <input_file id="fl-68">
         <path>C:\ti\ccsv7\tools\compiler\ti-cgt-msp430_16.9.0.LTS\lib\</path>
         <kind>archive</kind>
         <file>rts430x_lc_rd_eabi.lib</file>
         <name>cvtdf.obj</name>
      </input_file>
      <input_file id="fl-69">
         <path>C:\ti\ccsv7\tools\compiler\ti-cgt-msp430_16.9.0.LTS\lib\</path>
         <kind>archive</kind>
         <file>rts430x_lc_rd_eabi.lib</file>
         <name>cvtfd.obj</name>
      </input_file>
      <input_file id="fl-6a">
         <path>C:\ti\ccsv7\tools\compiler\ti-cgt-msp430_16.9.0.LTS\lib\</path>
         <kind>archive</kind>
         <file>rts430x_lc_rd_eabi.lib</file>
         <name>div16s.obj</name>
      </input_file>
      <input_file id="fl-6b">
         <path>C:\ti\ccsv7\tools\compiler\ti-cgt-msp430_16.9.0.LTS\lib\</path>
         <kind>archive</kind>
         <file>rts430x_lc_rd_eabi.lib</file>
         <name>div16u.obj</name>
      </input_file>
      <input_file id="fl-6c">
         <path>C:\ti\ccsv7\tools\compiler\ti-cgt-msp430_16.9.0.LTS\lib\</path>
         <kind>archive</kind>
         <file>rts430x_lc_rd_eabi.lib</file>
         <name>div32s.obj</name>
      </input_file>
      <input_file id="fl-6d">
         <path>C:\ti\ccsv7\tools\compiler\ti-cgt-msp430_16.9.0.LTS\lib\</path>
         <kind>archive</kind>
         <file>rts430x_lc_rd_eabi.lib</file>
         <name>div32u.obj</name>
      </input_file>
      <input_file id="fl-6e">
         <path>C:\ti\ccsv7\tools\compiler\ti-cgt-msp430_16.9.0.LTS\lib\</path>
         <kind>archive</kind>
         <file>rts430x_lc_rd_eabi.lib</file>
         <name>divd.obj</name>
      </input_file>
      <input_file id="fl-6f">
         <path>C:\ti\ccsv7\tools\compiler\ti-cgt-msp430_16.9.0.LTS\lib\</path>
         <kind>archive</kind>
         <file>rts430x_lc_rd_eabi.lib</file>
         <name>exit.obj</name>
      </input_file>
      <input_file id="fl-70">
         <path>C:\ti\ccsv7\tools\compiler\ti-cgt-msp430_16.9.0.LTS\lib\</path>
         <kind>archive</kind>
         <file>rts430x_lc_rd_eabi.lib</file>
         <name>exit_gvars.obj</name>
      </input_file>
      <input_file id="fl-71">
         <path>C:\ti\ccsv7\tools\compiler\ti-cgt-msp430_16.9.0.LTS\lib\</path>
         <kind>archive</kind>
         <file>rts430x_lc_rd_eabi.lib</file>
         <name>frcaddd.obj</name>
      </input_file>
      <input_file id="fl-72">
         <path>C:\ti\ccsv7\tools\compiler\ti-cgt-msp430_16.9.0.LTS\lib\</path>
         <kind>archive</kind>
         <file>rts430x_lc_rd_eabi.lib</file>
         <name>frcdivd.obj</name>
      </input_file>
      <input_file id="fl-73">
         <path>C:\ti\ccsv7\tools\compiler\ti-cgt-msp430_16.9.0.LTS\lib\</path>
         <kind>archive</kind>
         <file>rts430x_lc_rd_eabi.lib</file>
         <name>fs_add.obj</name>
      </input_file>
      <input_file id="fl-74">
         <path>C:\ti\ccsv7\tools\compiler\ti-cgt-msp430_16.9.0.LTS\lib\</path>
         <kind>archive</kind>
         <file>rts430x_lc_rd_eabi.lib</file>
         <name>fs_div.obj</name>
      </input_file>
      <input_file id="fl-75">
         <path>C:\ti\ccsv7\tools\compiler\ti-cgt-msp430_16.9.0.LTS\lib\</path>
         <kind>archive</kind>
         <file>rts430x_lc_rd_eabi.lib</file>
         <name>fs_itof.obj</name>
      </input_file>
      <input_file id="fl-76">
         <path>C:\ti\ccsv7\tools\compiler\ti-cgt-msp430_16.9.0.LTS\lib\</path>
         <kind>archive</kind>
         <file>rts430x_lc_rd_eabi.lib</file>
         <name>fs_ltof.obj</name>
      </input_file>
      <input_file id="fl-77">
         <path>C:\ti\ccsv7\tools\compiler\ti-cgt-msp430_16.9.0.LTS\lib\</path>
         <kind>archive</kind>
         <file>rts430x_lc_rd_eabi.lib</file>
         <name>fs_mpy.obj</name>
      </input_file>
      <input_file id="fl-78">
         <path>C:\ti\ccsv7\tools\compiler\ti-cgt-msp430_16.9.0.LTS\lib\</path>
         <kind>archive</kind>
         <file>rts430x_lc_rd_eabi.lib</file>
         <name>fs_tou.obj</name>
      </input_file>
      <input_file id="fl-79">
         <path>C:\ti\ccsv7\tools\compiler\ti-cgt-msp430_16.9.0.LTS\lib\</path>
         <kind>archive</kind>
         <file>rts430x_lc_rd_eabi.lib</file>
         <name>fs_utof.obj</name>
      </input_file>
      <input_file id="fl-7a">
         <path>C:\ti\ccsv7\tools\compiler\ti-cgt-msp430_16.9.0.LTS\lib\</path>
         <kind>archive</kind>
         <file>rts430x_lc_rd_eabi.lib</file>
         <name>int41.obj</name>
      </input_file>
      <input_file id="fl-7b">
         <path>C:\ti\ccsv7\tools\compiler\ti-cgt-msp430_16.9.0.LTS\lib\</path>
         <kind>archive</kind>
         <file>rts430x_lc_rd_eabi.lib</file>
         <name>int42.obj</name>
      </input_file>
      <input_file id="fl-7c">
         <path>C:\ti\ccsv7\tools\compiler\ti-cgt-msp430_16.9.0.LTS\lib\</path>
         <kind>archive</kind>
         <file>rts430x_lc_rd_eabi.lib</file>
         <name>int43.obj</name>
      </input_file>
      <input_file id="fl-7d">
         <path>C:\ti\ccsv7\tools\compiler\ti-cgt-msp430_16.9.0.LTS\lib\</path>
         <kind>archive</kind>
         <file>rts430x_lc_rd_eabi.lib</file>
         <name>int45.obj</name>
      </input_file>
      <input_file id="fl-7e">
         <path>C:\ti\ccsv7\tools\compiler\ti-cgt-msp430_16.9.0.LTS\lib\</path>
         <kind>archive</kind>
         <file>rts430x_lc_rd_eabi.lib</file>
         <name>int46.obj</name>
      </input_file>
      <input_file id="fl-7f">
         <path>C:\ti\ccsv7\tools\compiler\ti-cgt-msp430_16.9.0.LTS\lib\</path>
         <kind>archive</kind>
         <file>rts430x_lc_rd_eabi.lib</file>
         <name>int47.obj</name>
      </input_file>
      <input_file id="fl-80">
         <path>C:\ti\ccsv7\tools\compiler\ti-cgt-msp430_16.9.0.LTS\lib\</path>
         <kind>archive</kind>
         <file>rts430x_lc_rd_eabi.lib</file>
         <name>int48.obj</name>
      </input_file>
      <input_file id="fl-81">
         <path>C:\ti\ccsv7\tools\compiler\ti-cgt-msp430_16.9.0.LTS\lib\</path>
         <kind>archive</kind>
         <file>rts430x_lc_rd_eabi.lib</file>
         <name>int50.obj</name>
      </input_file>
      <input_file id="fl-82">
         <path>C:\ti\ccsv7\tools\compiler\ti-cgt-msp430_16.9.0.LTS\lib\</path>
         <kind>archive</kind>
         <file>rts430x_lc_rd_eabi.lib</file>
         <name>int52.obj</name>
      </input_file>
      <input_file id="fl-83">
         <path>C:\ti\ccsv7\tools\compiler\ti-cgt-msp430_16.9.0.LTS\lib\</path>
         <kind>archive</kind>
         <file>rts430x_lc_rd_eabi.lib</file>
         <name>int54.obj</name>
      </input_file>
      <input_file id="fl-84">
         <path>C:\ti\ccsv7\tools\compiler\ti-cgt-msp430_16.9.0.LTS\lib\</path>
         <kind>archive</kind>
         <file>rts430x_lc_rd_eabi.lib</file>
         <name>int55.obj</name>
      </input_file>
      <input_file id="fl-85">
         <path>C:\ti\ccsv7\tools\compiler\ti-cgt-msp430_16.9.0.LTS\lib\</path>
         <kind>archive</kind>
         <file>rts430x_lc_rd_eabi.lib</file>
         <name>int56.obj</name>
      </input_file>
      <input_file id="fl-86">
         <path>C:\ti\ccsv7\tools\compiler\ti-cgt-msp430_16.9.0.LTS\lib\</path>
         <kind>archive</kind>
         <file>rts430x_lc_rd_eabi.lib</file>
         <name>int57.obj</name>
      </input_file>
      <input_file id="fl-87">
         <path>C:\ti\ccsv7\tools\compiler\ti-cgt-msp430_16.9.0.LTS\lib\</path>
         <kind>archive</kind>
         <file>rts430x_lc_rd_eabi.lib</file>
         <name>int58.obj</name>
      </input_file>
      <input_file id="fl-88">
         <path>C:\ti\ccsv7\tools\compiler\ti-cgt-msp430_16.9.0.LTS\lib\</path>
         <kind>archive</kind>
         <file>rts430x_lc_rd_eabi.lib</file>
         <name>int59.obj</name>
      </input_file>
      <input_file id="fl-89">
         <path>C:\ti\ccsv7\tools\compiler\ti-cgt-msp430_16.9.0.LTS\lib\</path>
         <kind>archive</kind>
         <file>rts430x_lc_rd_eabi.lib</file>
         <name>int60.obj</name>
      </input_file>
      <input_file id="fl-8a">
         <path>C:\ti\ccsv7\tools\compiler\ti-cgt-msp430_16.9.0.LTS\lib\</path>
         <kind>archive</kind>
         <file>rts430x_lc_rd_eabi.lib</file>
         <name>int62.obj</name>
      </input_file>
      <input_file id="fl-8b">
         <path>C:\ti\ccsv7\tools\compiler\ti-cgt-msp430_16.9.0.LTS\lib\</path>
         <kind>archive</kind>
         <file>rts430x_lc_rd_eabi.lib</file>
         <name>isr_trap.obj</name>
      </input_file>
      <input_file id="fl-8c">
         <path>C:\ti\ccsv7\tools\compiler\ti-cgt-msp430_16.9.0.LTS\lib\</path>
         <kind>archive</kind>
         <file>rts430x_lc_rd_eabi.lib</file>
         <name>lsl16.obj</name>
      </input_file>
      <input_file id="fl-8d">
         <path>C:\ti\ccsv7\tools\compiler\ti-cgt-msp430_16.9.0.LTS\lib\</path>
         <kind>archive</kind>
         <file>rts430x_lc_rd_eabi.lib</file>
         <name>lsl32.obj</name>
      </input_file>
      <input_file id="fl-8e">
         <path>C:\ti\ccsv7\tools\compiler\ti-cgt-msp430_16.9.0.LTS\lib\</path>
         <kind>archive</kind>
         <file>rts430x_lc_rd_eabi.lib</file>
         <name>lsr16.obj</name>
      </input_file>
      <input_file id="fl-8f">
         <path>C:\ti\ccsv7\tools\compiler\ti-cgt-msp430_16.9.0.LTS\lib\</path>
         <kind>archive</kind>
         <file>rts430x_lc_rd_eabi.lib</file>
         <name>lsr32.obj</name>
      </input_file>
      <input_file id="fl-90">
         <path>C:\ti\ccsv7\tools\compiler\ti-cgt-msp430_16.9.0.LTS\lib\</path>
         <kind>archive</kind>
         <file>rts430x_lc_rd_eabi.lib</file>
         <name>lsr64.obj</name>
      </input_file>
      <input_file id="fl-91">
         <path>C:\ti\ccsv7\tools\compiler\ti-cgt-msp430_16.9.0.LTS\lib\</path>
         <kind>archive</kind>
         <file>rts430x_lc_rd_eabi.lib</file>
         <name>memcpy.obj</name>
      </input_file>
      <input_file id="fl-92">
         <path>C:\ti\ccsv7\tools\compiler\ti-cgt-msp430_16.9.0.LTS\lib\</path>
         <kind>archive</kind>
         <file>rts430x_lc_rd_eabi.lib</file>
         <name>memset.obj</name>
      </input_file>
      <input_file id="fl-93">
         <path>C:\ti\ccsv7\tools\compiler\ti-cgt-msp430_16.9.0.LTS\lib\</path>
         <kind>archive</kind>
         <file>rts430x_lc_rd_eabi.lib</file>
         <name>mpu_init.obj</name>
      </input_file>
      <input_file id="fl-94">
         <path>C:\ti\ccsv7\tools\compiler\ti-cgt-msp430_16.9.0.LTS\lib\</path>
         <kind>archive</kind>
         <file>rts430x_lc_rd_eabi.lib</file>
         <name>mult16.obj</name>
      </input_file>
      <input_file id="fl-95">
         <path>C:\ti\ccsv7\tools\compiler\ti-cgt-msp430_16.9.0.LTS\lib\</path>
         <kind>archive</kind>
         <file>rts430x_lc_rd_eabi.lib</file>
         <name>mult1632_f5hw.obj</name>
      </input_file>
      <input_file id="fl-96">
         <path>C:\ti\ccsv7\tools\compiler\ti-cgt-msp430_16.9.0.LTS\lib\</path>
         <kind>archive</kind>
         <file>rts430x_lc_rd_eabi.lib</file>
         <name>mult16_f5hw.obj</name>
      </input_file>
      <input_file id="fl-97">
         <path>C:\ti\ccsv7\tools\compiler\ti-cgt-msp430_16.9.0.LTS\lib\</path>
         <kind>archive</kind>
         <file>rts430x_lc_rd_eabi.lib</file>
         <name>mult32.obj</name>
      </input_file>
      <input_file id="fl-98">
         <path>C:\ti\ccsv7\tools\compiler\ti-cgt-msp430_16.9.0.LTS\lib\</path>
         <kind>archive</kind>
         <file>rts430x_lc_rd_eabi.lib</file>
         <name>mult3264_f5hw.obj</name>
      </input_file>
      <input_file id="fl-99">
         <path>C:\ti\ccsv7\tools\compiler\ti-cgt-msp430_16.9.0.LTS\lib\</path>
         <kind>archive</kind>
         <file>rts430x_lc_rd_eabi.lib</file>
         <name>mult32_f5hw.obj</name>
      </input_file>
      <input_file id="fl-9a">
         <path>C:\ti\ccsv7\tools\compiler\ti-cgt-msp430_16.9.0.LTS\lib\</path>
         <kind>archive</kind>
         <file>rts430x_lc_rd_eabi.lib</file>
         <name>mult64_f5hw.obj</name>
      </input_file>
      <input_file id="fl-9b">
         <path>C:\ti\ccsv7\tools\compiler\ti-cgt-msp430_16.9.0.LTS\lib\</path>
         <kind>archive</kind>
         <file>rts430x_lc_rd_eabi.lib</file>
         <name>pre_init.obj</name>
      </input_file>
      <input_file id="fl-9c">
         <path>C:\ti\ccsv7\tools\compiler\ti-cgt-msp430_16.9.0.LTS\lib\</path>
         <kind>archive</kind>
         <file>rts430x_lc_rd_eabi.lib</file>
         <name>renormd.obj</name>
      </input_file>
      <input_file id="fl-9d">
         <path>C:\ti\ccsv7\tools\compiler\ti-cgt-msp430_16.9.0.LTS\lib\</path>
         <kind>archive</kind>
         <file>rts430x_lc_rd_eabi.lib</file>
         <name>sprintf.obj</name>
      </input_file>
      <input_file id="fl-9e">
         <path>C:\ti\ccsv7\tools\compiler\ti-cgt-msp430_16.9.0.LTS\lib\</path>
         <kind>archive</kind>
         <file>rts430x_lc_rd_eabi.lib</file>
         <name>strlen.obj</name>
      </input_file>
      <input_file id="fl-9f">
         <path>C:\ti\ccsv7\tools\compiler\ti-cgt-msp430_16.9.0.LTS\lib\</path>
         <kind>archive</kind>
         <file>rts430x_lc_rd_eabi.lib</file>
         <name>_lock.obj</name>
      </input_file>
      <input_file id="fl-a0">
         <path>C:\ti\ccsv7\tools\compiler\ti-cgt-msp430_16.9.0.LTS\lib\</path>
         <kind>archive</kind>
         <file>rts430x_lc_rd_eabi.lib</file>
         <name>_printfi.obj</name>
      </input_file>
      <input_file id="fl-a1">
         <path>C:\ti\ccsv7\tools\compiler\ti-cgt-msp430_16.9.0.LTS\lib\</path>
         <kind>archive</kind>
         <file>rts430x_lc_rd_eabi.lib</file>
         <name>abs.obj</name>
      </input_file>
      <input_file id="fl-a2">
         <path>C:\ti\ccsv7\tools\compiler\ti-cgt-msp430_16.9.0.LTS\lib\</path>
         <kind>archive</kind>
         <file>rts430x_lc_rd_eabi.lib</file>
         <name>args_main.obj</name>
      </input_file>
      <input_file id="fl-a3">
         <path>C:\ti\ccsv7\tools\compiler\ti-cgt-msp430_16.9.0.LTS\lib\</path>
         <kind>archive</kind>
         <file>rts430x_lc_rd_eabi.lib</file>
         <name>asr32.obj</name>
      </input_file>
      <input_file id="fl-a4">
         <path>C:\ti\ccsv7\tools\compiler\ti-cgt-msp430_16.9.0.LTS\lib\</path>
         <kind>archive</kind>
         <file>rts430x_lc_rd_eabi.lib</file>
         <name>atoi.obj</name>
      </input_file>
      <input_file id="fl-a5">
         <path>C:\ti\ccsv7\tools\compiler\ti-cgt-msp430_16.9.0.LTS\lib\</path>
         <kind>archive</kind>
         <file>rts430x_lc_rd_eabi.lib</file>
         <name>autoinit_wdt.obj</name>
      </input_file>
      <input_file id="fl-a6">
         <path>C:\ti\ccsv7\tools\compiler\ti-cgt-msp430_16.9.0.LTS\lib\</path>
         <kind>archive</kind>
         <file>rts430x_lc_rd_eabi.lib</file>
         <name>cmpd.obj</name>
      </input_file>
      <input_file id="fl-a7">
         <path>C:\ti\ccsv7\tools\compiler\ti-cgt-msp430_16.9.0.LTS\lib\</path>
         <kind>archive</kind>
         <file>rts430x_lc_rd_eabi.lib</file>
         <name>cpy_tbl.obj</name>
      </input_file>
      <input_file id="fl-a8">
         <path>C:\ti\ccsv7\tools\compiler\ti-cgt-msp430_16.9.0.LTS\lib\</path>
         <kind>archive</kind>
         <file>rts430x_lc_rd_eabi.lib</file>
         <name>ctype.obj</name>
      </input_file>
      <input_file id="fl-a9">
         <path>C:\ti\ccsv7\tools\compiler\ti-cgt-msp430_16.9.0.LTS\lib\</path>
         <kind>archive</kind>
         <file>rts430x_lc_rd_eabi.lib</file>
         <name>div64u.obj</name>
      </input_file>
      <input_file id="fl-aa">
         <path>C:\ti\ccsv7\tools\compiler\ti-cgt-msp430_16.9.0.LTS\lib\</path>
         <kind>archive</kind>
         <file>rts430x_lc_rd_eabi.lib</file>
         <name>fixdi.obj</name>
      </input_file>
      <input_file id="fl-ab">
         <path>C:\ti\ccsv7\tools\compiler\ti-cgt-msp430_16.9.0.LTS\lib\</path>
         <kind>archive</kind>
         <file>rts430x_lc_rd_eabi.lib</file>
         <name>fixdli.obj</name>
      </input_file>
      <input_file id="fl-ac">
         <path>C:\ti\ccsv7\tools\compiler\ti-cgt-msp430_16.9.0.LTS\lib\</path>
         <kind>archive</kind>
         <file>rts430x_lc_rd_eabi.lib</file>
         <name>fltid.obj</name>
      </input_file>
      <input_file id="fl-ad">
         <path>C:\ti\ccsv7\tools\compiler\ti-cgt-msp430_16.9.0.LTS\lib\</path>
         <kind>archive</kind>
         <file>rts430x_lc_rd_eabi.lib</file>
         <name>fltlid.obj</name>
      </input_file>
      <input_file id="fl-ae">
         <path>C:\ti\ccsv7\tools\compiler\ti-cgt-msp430_16.9.0.LTS\lib\</path>
         <kind>archive</kind>
         <file>rts430x_lc_rd_eabi.lib</file>
         <name>lsl64.obj</name>
      </input_file>
      <input_file id="fl-af">
         <path>C:\ti\ccsv7\tools\compiler\ti-cgt-msp430_16.9.0.LTS\lib\</path>
         <kind>archive</kind>
         <file>rts430x_lc_rd_eabi.lib</file>
         <name>ltoa.obj</name>
      </input_file>
      <input_file id="fl-b0">
         <path>C:\ti\ccsv7\tools\compiler\ti-cgt-msp430_16.9.0.LTS\lib\</path>
         <kind>archive</kind>
         <file>rts430x_lc_rd_eabi.lib</file>
         <name>memccpy.obj</name>
      </input_file>
      <input_file id="fl-b1">
         <path>C:\ti\ccsv7\tools\compiler\ti-cgt-msp430_16.9.0.LTS\lib\</path>
         <kind>archive</kind>
         <file>rts430x_lc_rd_eabi.lib</file>
         <name>mpyd.obj</name>
      </input_file>
      <input_file id="fl-b2">
         <path>C:\ti\ccsv7\tools\compiler\ti-cgt-msp430_16.9.0.LTS\lib\</path>
         <kind>archive</kind>
         <file>rts430x_lc_rd_eabi.lib</file>
         <name>negd.obj</name>
      </input_file>
      <input_file id="fl-b3">
         <path>C:\ti\ccsv7\tools\compiler\ti-cgt-msp430_16.9.0.LTS\lib\</path>
         <kind>archive</kind>
         <file>rts430x_lc_rd_eabi.lib</file>
         <name>s_frexp.obj</name>
      </input_file>
      <input_file id="fl-b4">
         <path>C:\ti\ccsv7\tools\compiler\ti-cgt-msp430_16.9.0.LTS\lib\</path>
         <kind>archive</kind>
         <file>rts430x_lc_rd_eabi.lib</file>
         <name>s_scalbn.obj</name>
      </input_file>
      <input_file id="fl-b5">
         <path>C:\ti\ccsv7\tools\compiler\ti-cgt-msp430_16.9.0.LTS\lib\</path>
         <kind>archive</kind>
         <file>rts430x_lc_rd_eabi.lib</file>
         <name>startup.obj</name>
      </input_file>
      <input_file id="fl-b6">
         <path>C:\ti\ccsv7\tools\compiler\ti-cgt-msp430_16.9.0.LTS\lib\</path>
         <kind>archive</kind>
         <file>rts430x_lc_rd_eabi.lib</file>
         <name>strchr.obj</name>
      </input_file>
      <input_file id="fl-b7">
         <path>C:\ti\ccsv7\tools\compiler\ti-cgt-msp430_16.9.0.LTS\lib\</path>
         <kind>archive</kind>
         <file>rts430x_lc_rd_eabi.lib</file>
         <name>subd.obj</name>
      </input_file>
      <input_file id="fl-b8">
         <path>C:\ti\ccsv7\tools\compiler\ti-cgt-msp430_16.9.0.LTS\lib\</path>
         <kind>archive</kind>
         <file>rts430x_lc_rd_eabi.lib</file>
         <name>toupper.obj</name>
      </input_file>
      <input_file id="fl-b9">
         <path>C:\ti\ccsv7\tools\compiler\ti-cgt-msp430_16.9.0.LTS\lib\</path>
         <kind>archive</kind>
         <file>rts430x_lc_rd_eabi.lib</file>
         <name>errno.obj</name>
      </input_file>
      <input_file id="fl-ba">
         <path>C:\ti\ccsv7\tools\compiler\ti-cgt-msp430_16.9.0.LTS\lib\</path>
         <kind>archive</kind>
         <file>rts430x_lc_rd_eabi.lib</file>
         <name>frcmpyd.obj</name>
      </input_file>
      <input_file id="fl-bb">
         <path>C:\ti\ccsv7\tools\compiler\ti-cgt-msp430_16.9.0.LTS\lib\</path>
         <kind>archive</kind>
         <file>rts430x_lc_rd_eabi.lib</file>
         <name>s_copysign.obj</name>
      </input_file>
   </input_file_list>
   <object_component_list>
      <object_component id="oc-6e2">
         <name>.bss:CdcControl</name>
         <uninitialized>true</uninitialized>
         <run_address>0x25e4</run_address>
         <size>0x8</size>
         <input_file_ref idref="fl-e"/>
      </object_component>
      <object_component id="oc-5da">
         <name>.bss:CdcWriteCtrl</name>
         <uninitialized>true</uninitialized>
         <run_address>0x25cc</run_address>
         <size>0xc</size>
         <input_file_ref idref="fl-e"/>
      </object_component>
      <object_component id="oc-56a">
         <name>.bss:CdcReadCtrl</name>
         <uninitialized>true</uninitialized>
         <run_address>0x259e</run_address>
         <size>0x1a</size>
         <input_file_ref idref="fl-e"/>
      </object_component>
      <object_component id="oc-5bb">
         <name>.bss</name>
         <uninitialized>true</uninitialized>
         <run_address>0x25d8</run_address>
         <size>0xb</size>
         <input_file_ref idref="fl-f"/>
      </object_component>
      <object_component id="oc-796">
         <name>.common:save_mode</name>
         <uninitialized>true</uninitialized>
         <run_address>0x2621</run_address>
         <size>0x1</size>
      </object_component>
      <object_component id="oc-7ed">
         <name>.common:all_data</name>
         <uninitialized>true</uninitialized>
         <run_address>0x24b4</run_address>
         <size>0x28</size>
      </object_component>
      <object_component id="oc-7ee">
         <name>.common:TDC720x_address</name>
         <uninitialized>true</uninitialized>
         <run_address>0x25e3</run_address>
         <size>0x1</size>
      </object_component>
      <object_component id="oc-7e6">
         <name>.common:save_default_timer_period</name>
         <uninitialized>true</uninitialized>
         <run_address>0x2614</run_address>
         <size>0x2</size>
      </object_component>
      <object_component id="oc-7e5">
         <name>.common:save_timer_trig_freq</name>
         <uninitialized>true</uninitialized>
         <run_address>0x2622</run_address>
         <size>0x1</size>
      </object_component>
      <object_component id="oc-792">
         <name>.common:save1_tdc7200_mode</name>
         <uninitialized>true</uninitialized>
         <run_address>0x261f</run_address>
         <size>0x1</size>
      </object_component>
      <object_component id="oc-795">
         <name>.common:save2_tdc7200_mode</name>
         <uninitialized>true</uninitialized>
         <run_address>0x2620</run_address>
         <size>0x1</size>
      </object_component>
      <object_component id="oc-66e">
         <name>.common:w</name>
         <uninitialized>true</uninitialized>
         <run_address>0x2616</run_address>
         <size>0x2</size>
      </object_component>
      <object_component id="oc-64e">
         <name>.common:bufferX</name>
         <uninitialized>true</uninitialized>
         <run_address>0x252c</run_address>
         <size>0x28</size>
      </object_component>
      <object_component id="oc-80d">
         <name>.common:bufferY</name>
         <uninitialized>true</uninitialized>
         <run_address>0x2554</run_address>
         <size>0x28</size>
      </object_component>
      <object_component id="oc-667">
         <name>.common:ubuf</name>
         <uninitialized>true</uninitialized>
         <run_address>0x260c</run_address>
         <size>0x4</size>
      </object_component>
      <object_component id="oc-651">
         <name>.common:bufferP</name>
         <uninitialized>true</uninitialized>
         <run_address>0x24dc</run_address>
         <size>0x28</size>
      </object_component>
      <object_component id="oc-80e">
         <name>.common:bufferQ</name>
         <uninitialized>true</uninitialized>
         <run_address>0x2504</run_address>
         <size>0x28</size>
      </object_component>
      <object_component id="oc-67e">
         <name>.common:vbuf</name>
         <uninitialized>true</uninitialized>
         <run_address>0x2610</run_address>
         <size>0x4</size>
      </object_component>
      <object_component id="oc-8d8">
         <name>.common:start2stop</name>
         <uninitialized>true</uninitialized>
         <run_address>0x25b8</run_address>
         <size>0x14</size>
      </object_component>
      <object_component id="oc-79e">
         <name>.common:outString</name>
         <uninitialized>true</uninitialized>
         <run_address>0x2400</run_address>
         <size>0x80</size>
      </object_component>
      <object_component id="oc-8ca">
         <name>.common:meas_result_regrs</name>
         <uninitialized>true</uninitialized>
         <run_address>0x2480</run_address>
         <size>0x34</size>
      </object_component>
      <object_component id="oc-8d7">
         <name>.common:norm_lsb</name>
         <uninitialized>true</uninitialized>
         <run_address>0x2608</run_address>
         <size>0x4</size>
      </object_component>
      <object_component id="oc-9b8">
         <name>.common:ccnt</name>
         <uninitialized>true</uninitialized>
         <run_address>0x2604</run_address>
         <size>0x4</size>
      </object_component>
      <object_component id="oc-5be">
         <name>.common:wBytesRemainingOnIEP0</name>
         <uninitialized>true</uninitialized>
         <run_address>0x2618</run_address>
         <size>0x2</size>
      </object_component>
      <object_component id="oc-5bf">
         <name>.common:wBytesRemainingOnOEP0</name>
         <uninitialized>true</uninitialized>
         <run_address>0x261a</run_address>
         <size>0x2</size>
      </object_component>
      <object_component id="oc-55d">
         <name>.common:abUsbRequestReturnData</name>
         <uninitialized>true</uninitialized>
         <run_address>0x25f4</run_address>
         <size>0x8</size>
      </object_component>
      <object_component id="oc-70b">
         <name>.common:abUsbRequestIncomingData</name>
         <uninitialized>true</uninitialized>
         <run_address>0x25ec</run_address>
         <size>0x8</size>
      </object_component>
      <object_component id="oc-8a7">
         <name>.common:abramSerialStringDescriptor</name>
         <uninitialized>true</uninitialized>
         <run_address>0x257c</run_address>
         <size>0x22</size>
      </object_component>
      <object_component id="oc-55c">
         <name>.common:bStatusAction</name>
         <uninitialized>true</uninitialized>
         <run_address>0x261e</run_address>
         <size>0x1</size>
      </object_component>
      <object_component id="oc-48a">
         <name>.common:wUsbEventMask</name>
         <uninitialized>true</uninitialized>
         <run_address>0x261c</run_address>
         <size>0x2</size>
      </object_component>
      <object_component id="oc-5e3">
         <name>.common:USB_TX_memcpy</name>
         <uninitialized>true</uninitialized>
         <run_address>0x2600</run_address>
         <size>0x4</size>
      </object_component>
      <object_component id="oc-6c2">
         <name>.common:USB_RX_memcpy</name>
         <uninitialized>true</uninitialized>
         <run_address>0x25fc</run_address>
         <size>0x4</size>
      </object_component>
      <object_component id="oc-675">
         <name>.data</name>
         <load_address>0x2663</load_address>
         <run_address>0x2663</run_address>
         <size>0x1</size>
         <input_file_ref idref="fl-2"/>
      </object_component>
      <object_component id="oc-53e">
         <name>.data</name>
         <load_address>0x2644</load_address>
         <run_address>0x2644</run_address>
         <size>0x16</size>
         <input_file_ref idref="fl-3"/>
      </object_component>
      <object_component id="oc-67f">
         <name>.data:cmdResponseString</name>
         <load_address>0x2624</load_address>
         <run_address>0x2624</run_address>
         <size>0x20</size>
         <input_file_ref idref="fl-3"/>
      </object_component>
      <object_component id="oc-7d3">
         <name>.data</name>
         <load_address>0x266c</load_address>
         <run_address>0x266c</run_address>
         <size>0x4</size>
         <input_file_ref idref="fl-4"/>
      </object_component>
      <object_component id="oc-789">
         <name>.data</name>
         <load_address>0x2672</load_address>
         <run_address>0x2672</run_address>
         <size>0x1</size>
         <input_file_ref idref="fl-5"/>
      </object_component>
      <object_component id="oc-46f">
         <name>.data</name>
         <load_address>0x265a</load_address>
         <run_address>0x265a</run_address>
         <size>0x9</size>
         <input_file_ref idref="fl-7"/>
      </object_component>
      <object_component id="oc-577">
         <name>.data</name>
         <load_address>0x2664</load_address>
         <run_address>0x2664</run_address>
         <size>0x8</size>
         <input_file_ref idref="fl-f"/>
      </object_component>
      <object_component id="oc-b5d">
         <name>.data</name>
         <load_address>0x2670</load_address>
         <run_address>0x2670</run_address>
         <size>0x2</size>
         <input_file_ref idref="fl-b9"/>
      </object_component>
      <object_component id="oc-3dd">
         <name>.stack</name>
         <uninitialized>true</uninitialized>
         <run_address>0x4360</run_address>
         <size>0x4</size>
         <input_file_ref idref="fl-63"/>
      </object_component>
      <object_component id="oc-be1">
         <name>.stack</name>
         <uninitialized>true</uninitialized>
         <run_address>0x4360</run_address>
         <size>0x0</size>
      </object_component>
      <object_component id="oc-688">
         <name>.text:handleHostCommand</name>
         <load_address>0x10000</load_address>
         <run_address>0x10000</run_address>
         <size>0xa04</size>
         <input_file_ref idref="fl-2"/>
      </object_component>
      <object_component id="oc-90b">
         <name>.text:__TI_frcdivd</name>
         <load_address>0x10a04</load_address>
         <run_address>0x10a04</run_address>
         <size>0x478</size>
         <input_file_ref idref="fl-72"/>
      </object_component>
      <object_component id="oc-77c">
         <name>.text:USBCDC_receiveData</name>
         <load_address>0x10e7c</load_address>
         <run_address>0x10e7c</run_address>
         <size>0x444</size>
         <input_file_ref idref="fl-e"/>
      </object_component>
      <object_component id="oc-a9d">
         <name>.text:__mspabi_divull</name>
         <load_address>0x112c0</load_address>
         <run_address>0x112c0</run_address>
         <size>0x34e</size>
         <input_file_ref idref="fl-a9"/>
      </object_component>
      <object_component id="oc-7c2">
         <name>.text:__mspabi_addd</name>
         <load_address>0x1160e</load_address>
         <run_address>0x1160e</run_address>
         <size>0x2d8</size>
         <input_file_ref idref="fl-62"/>
      </object_component>
      <object_component id="oc-4db">
         <name>.text:CdcToHostFromBuffer</name>
         <load_address>0x118e6</load_address>
         <run_address>0x118e6</run_address>
         <size>0x2a2</size>
         <input_file_ref idref="fl-e"/>
      </object_component>
      <object_component id="oc-b25">
         <name>.text:__TI_frcmpyd</name>
         <load_address>0x11b88</load_address>
         <run_address>0x11b88</run_address>
         <size>0x286</size>
         <input_file_ref idref="fl-ba"/>
      </object_component>
      <object_component id="oc-ad7">
         <name>.text:__mspabi_mpyd</name>
         <load_address>0x11e0e</load_address>
         <run_address>0x11e0e</run_address>
         <size>0x282</size>
         <input_file_ref idref="fl-b1"/>
      </object_component>
      <object_component id="oc-a37">
         <name>.text:_pproc_fgea</name>
         <load_address>0x12090</load_address>
         <run_address>0x12090</run_address>
         <size>0x260</size>
         <input_file_ref idref="fl-a0"/>
      </object_component>
      <object_component id="oc-9c5">
         <name>.text:_setfield</name>
         <load_address>0x122f0</load_address>
         <run_address>0x122f0</run_address>
         <size>0x25e</size>
         <input_file_ref idref="fl-a0"/>
      </object_component>
      <object_component id="oc-918">
         <name>.text:__TI_frcaddd</name>
         <load_address>0x1254e</load_address>
         <run_address>0x1254e</run_address>
         <size>0x252</size>
         <input_file_ref idref="fl-71"/>
      </object_component>
      <object_component id="oc-8f3">
         <name>.text:__TI_printfi</name>
         <load_address>0x127a0</load_address>
         <run_address>0x127a0</run_address>
         <size>0x23c</size>
         <input_file_ref idref="fl-a0"/>
      </object_component>
      <object_component id="oc-493">
         <name>.text:CdcToBufferFromHost</name>
         <load_address>0x129dc</load_address>
         <run_address>0x129dc</run_address>
         <size>0x228</size>
         <input_file_ref idref="fl-e"/>
      </object_component>
      <object_component id="oc-ae4">
         <name>.text:acvt</name>
         <load_address>0x12c04</load_address>
         <run_address>0x12c04</run_address>
         <size>0x224</size>
         <input_file_ref idref="fl-a0"/>
      </object_component>
      <object_component id="oc-7bc">
         <name>.text:__mspabi_divd</name>
         <load_address>0x12e28</load_address>
         <run_address>0x12e28</run_address>
         <size>0x222</size>
         <input_file_ref idref="fl-6e"/>
      </object_component>
      <object_component id="oc-ab7">
         <name>.text:ecvt</name>
         <load_address>0x1304a</load_address>
         <run_address>0x1304a</run_address>
         <size>0x210</size>
         <input_file_ref idref="fl-a0"/>
      </object_component>
      <object_component id="oc-aca">
         <name>.text:fcvt</name>
         <load_address>0x1325a</load_address>
         <run_address>0x1325a</run_address>
         <size>0x1fe</size>
         <input_file_ref idref="fl-a0"/>
      </object_component>
      <object_component id="oc-a80">
         <name>.text:_pconv_e</name>
         <load_address>0x13458</load_address>
         <run_address>0x13458</run_address>
         <size>0x1a4</size>
         <input_file_ref idref="fl-a0"/>
      </object_component>
      <object_component id="oc-4b1">
         <name>.text:USB_reset</name>
         <load_address>0x135fc</load_address>
         <run_address>0x135fc</run_address>
         <size>0x1a2</size>
         <input_file_ref idref="fl-f"/>
      </object_component>
      <object_component id="oc-b34">
         <name>.text:scalbn</name>
         <load_address>0x1379e</load_address>
         <run_address>0x1379e</run_address>
         <size>0x1a0</size>
         <input_file_ref idref="fl-b4"/>
      </object_component>
      <object_component id="oc-a56">
         <name>.text:_getarg_diouxp</name>
         <load_address>0x1393e</load_address>
         <run_address>0x1393e</run_address>
         <size>0x188</size>
         <input_file_ref idref="fl-a0"/>
      </object_component>
      <object_component id="oc-a86">
         <name>.text:_pconv_a</name>
         <load_address>0x13ac6</load_address>
         <run_address>0x13ac6</run_address>
         <size>0x170</size>
         <input_file_ref idref="fl-a0"/>
      </object_component>
      <object_component id="oc-547">
         <name>.text:USBCommunicationTask</name>
         <load_address>0x13c36</load_address>
         <run_address>0x13c36</run_address>
         <size>0x168</size>
         <input_file_ref idref="fl-3"/>
      </object_component>
      <object_component id="oc-a31">
         <name>.text:_pproc_diouxp</name>
         <load_address>0x13d9e</load_address>
         <run_address>0x13d9e</run_address>
         <size>0x148</size>
         <input_file_ref idref="fl-a0"/>
      </object_component>
      <object_component id="oc-7db">
         <name>.text</name>
         <load_address>0x13ee6</load_address>
         <run_address>0x13ee6</run_address>
         <size>0x132</size>
         <input_file_ref idref="fl-73"/>
      </object_component>
      <object_component id="oc-a5c">
         <name>.text:_ltostr</name>
         <load_address>0x14018</load_address>
         <run_address>0x14018</run_address>
         <size>0x12a</size>
         <input_file_ref idref="fl-a0"/>
      </object_component>
      <object_component id="oc-a74">
         <name>.text:_pconv_g</name>
         <load_address>0x14142</load_address>
         <run_address>0x14142</run_address>
         <size>0xfc</size>
         <input_file_ref idref="fl-a0"/>
      </object_component>
      <object_component id="oc-59d">
         <name>.text:CopyUsbToBuff</name>
         <load_address>0x1423e</load_address>
         <run_address>0x1423e</run_address>
         <size>0xfa</size>
         <input_file_ref idref="fl-e"/>
      </object_component>
      <object_component id="oc-9bf">
         <name>.text:_pproc_fwp</name>
         <load_address>0x14338</load_address>
         <run_address>0x14338</run_address>
         <size>0xfa</size>
         <input_file_ref idref="fl-a0"/>
      </object_component>
      <object_component id="oc-62c">
         <name>.text:Init_Clock</name>
         <load_address>0x14432</load_address>
         <run_address>0x14432</run_address>
         <size>0xea</size>
         <input_file_ref idref="fl-3"/>
      </object_component>
      <object_component id="oc-739">
         <name>.text:USB_InitSerialStringDescriptor</name>
         <load_address>0x1451c</load_address>
         <run_address>0x1451c</run_address>
         <size>0xe8</size>
         <input_file_ref idref="fl-f"/>
      </object_component>
      <object_component id="oc-5ab">
         <name>.text:USB_enable</name>
         <load_address>0x14604</load_address>
         <run_address>0x14604</run_address>
         <size>0xe2</size>
         <input_file_ref idref="fl-f"/>
      </object_component>
      <object_component id="oc-443">
         <name>.text:main</name>
         <load_address>0x146e6</load_address>
         <run_address>0x146e6</run_address>
         <size>0xe0</size>
         <input_file_ref idref="fl-3"/>
      </object_component>
      <object_component id="oc-661">
         <name>.text:USBCDC_getInterfaceStatus</name>
         <load_address>0x147c6</load_address>
         <run_address>0x147c6</run_address>
         <size>0xd8</size>
         <input_file_ref idref="fl-e"/>
      </object_component>
      <object_component id="oc-a8c">
         <name>.text:__mspabi_cmpd</name>
         <load_address>0x1489e</load_address>
         <run_address>0x1489e</run_address>
         <size>0xd8</size>
         <input_file_ref idref="fl-a6"/>
      </object_component>
      <object_component id="oc-811">
         <name>.text:handle_TDC720x_plus_mux</name>
         <load_address>0x14976</load_address>
         <run_address>0x14976</run_address>
         <size>0xd8</size>
         <input_file_ref idref="fl-6"/>
      </object_component>
      <object_component id="oc-725">
         <name>.text:SetVCoreUp</name>
         <load_address>0x14a4e</load_address>
         <run_address>0x14a4e</run_address>
         <size>0xd4</size>
         <input_file_ref idref="fl-b"/>
      </object_component>
      <object_component id="oc-5c8">
         <name>.text:USB_determineFreq</name>
         <load_address>0x14b22</load_address>
         <run_address>0x14b22</run_address>
         <size>0xca</size>
         <input_file_ref idref="fl-f"/>
      </object_component>
      <object_component id="oc-694">
         <name>.text:two_tdc_measure_results</name>
         <load_address>0x14bec</load_address>
         <run_address>0x14bec</run_address>
         <size>0xc8</size>
         <input_file_ref idref="fl-5"/>
      </object_component>
      <object_component id="oc-7ef">
         <name>.text:TI_TDC720x_SPILongReadReg</name>
         <load_address>0x14cb4</load_address>
         <run_address>0x14cb4</run_address>
         <size>0xc4</size>
         <input_file_ref idref="fl-40"/>
      </object_component>
      <object_component id="oc-484">
         <name>.text:USBCDC_getBytesInUSBBuffer</name>
         <load_address>0x14d78</load_address>
         <run_address>0x14d78</run_address>
         <size>0xba</size>
         <input_file_ref idref="fl-e"/>
      </object_component>
      <object_component id="oc-7e0">
         <name>.text</name>
         <load_address>0x14e32</load_address>
         <run_address>0x14e32</run_address>
         <size>0xb8</size>
         <input_file_ref idref="fl-77"/>
      </object_component>
      <object_component id="oc-817">
         <name>.text:handle_two_TDC720x</name>
         <load_address>0x14eea</load_address>
         <run_address>0x14eea</run_address>
         <size>0xb4</size>
         <input_file_ref idref="fl-6"/>
      </object_component>
      <object_component id="oc-a01">
         <name>.text:__TI_renormd</name>
         <load_address>0x14f9e</load_address>
         <run_address>0x14f9e</run_address>
         <size>0xb2</size>
         <input_file_ref idref="fl-9c"/>
      </object_component>
      <object_component id="oc-ade">
         <name>.text:frexp</name>
         <load_address>0x15050</load_address>
         <run_address>0x15050</run_address>
         <size>0xb2</size>
         <input_file_ref idref="fl-b3"/>
      </object_component>
      <object_component id="oc-9cb">
         <name>.text:_pproc_str</name>
         <load_address>0x15102</load_address>
         <run_address>0x15102</run_address>
         <size>0xa6</size>
         <input_file_ref idref="fl-a0"/>
      </object_component>
      <object_component id="oc-b02">
         <name>.text:__mspabi_fltlid</name>
         <load_address>0x151a8</load_address>
         <run_address>0x151a8</run_address>
         <size>0x9e</size>
         <input_file_ref idref="fl-ad"/>
      </object_component>
      <object_component id="oc-72b">
         <name>.text:SetVCoreDown</name>
         <load_address>0x15246</load_address>
         <run_address>0x15246</run_address>
         <size>0x9a</size>
         <input_file_ref idref="fl-b"/>
      </object_component>
      <object_component id="oc-75a">
         <name>.text:USBCDC_sendData</name>
         <load_address>0x152e0</load_address>
         <run_address>0x152e0</run_address>
         <size>0x9a</size>
         <input_file_ref idref="fl-e"/>
      </object_component>
      <object_component id="oc-81e">
         <name>.text:usbGetLineCoding</name>
         <load_address>0x1537a</load_address>
         <run_address>0x1537a</run_address>
         <size>0x98</size>
         <input_file_ref idref="fl-e"/>
      </object_component>
      <object_component id="oc-65b">
         <name>.text:USB_getConnectionState</name>
         <load_address>0x15412</load_address>
         <run_address>0x15412</run_address>
         <size>0x96</size>
         <input_file_ref idref="fl-f"/>
      </object_component>
      <object_component id="oc-632">
         <name>.text:USB_init</name>
         <load_address>0x154a8</load_address>
         <run_address>0x154a8</run_address>
         <size>0x94</size>
         <input_file_ref idref="fl-f"/>
      </object_component>
      <object_component id="oc-abd">
         <name>.text:_ecpy</name>
         <load_address>0x1553c</load_address>
         <run_address>0x1553c</run_address>
         <size>0x90</size>
         <input_file_ref idref="fl-a0"/>
      </object_component>
      <object_component id="oc-ac3">
         <name>.text:_mcpy</name>
         <load_address>0x155cc</load_address>
         <run_address>0x155cc</run_address>
         <size>0x90</size>
         <input_file_ref idref="fl-a0"/>
      </object_component>
      <object_component id="oc-7ce">
         <name>.text</name>
         <load_address>0x1565c</load_address>
         <run_address>0x1565c</run_address>
         <size>0x90</size>
         <input_file_ref idref="fl-74"/>
      </object_component>
      <object_component id="oc-801">
         <name>.text:TI_TDC720x_SPIAllReadReg</name>
         <load_address>0x156ec</load_address>
         <run_address>0x156ec</run_address>
         <size>0x8c</size>
         <input_file_ref idref="fl-40"/>
      </object_component>
      <object_component id="oc-7c8">
         <name>.text:__mspabi_cvtdf</name>
         <load_address>0x15778</load_address>
         <run_address>0x15778</run_address>
         <size>0x8c</size>
         <input_file_ref idref="fl-68"/>
      </object_component>
      <object_component id="oc-771">
         <name>.text:print_start2stopn</name>
         <load_address>0x15804</load_address>
         <run_address>0x15804</run_address>
         <size>0x8a</size>
         <input_file_ref idref="fl-4"/>
      </object_component>
      <object_component id="oc-866">
         <name>.text:usbGetEndpointStatus</name>
         <load_address>0x1588e</load_address>
         <run_address>0x1588e</run_address>
         <size>0x8a</size>
         <input_file_ref idref="fl-f"/>
      </object_component>
      <object_component id="oc-8cc">
         <name>.text:TDC720x_normlsb</name>
         <load_address>0x15918</load_address>
         <run_address>0x15918</run_address>
         <size>0x86</size>
         <input_file_ref idref="fl-4"/>
      </object_component>
      <object_component id="oc-55e">
         <name>.text:usbDecodeAndProcessUsbRequest</name>
         <load_address>0x1599e</load_address>
         <run_address>0x1599e</run_address>
         <size>0x86</size>
         <input_file_ref idref="fl-f"/>
      </object_component>
      <object_component id="oc-8b8">
         <name>.text:DMA_init</name>
         <load_address>0x15a24</load_address>
         <run_address>0x15a24</run_address>
         <size>0x82</size>
         <input_file_ref idref="fl-22"/>
      </object_component>
      <object_component id="oc-429">
         <name>.text:_auto_init_hold_wdt</name>
         <load_address>0x15aa6</load_address>
         <run_address>0x15aa6</run_address>
         <size>0x82</size>
         <input_file_ref idref="fl-a5"/>
      </object_component>
      <object_component id="oc-69a">
         <name>.text:one_tdc_measure_results</name>
         <load_address>0x15b28</load_address>
         <run_address>0x15b28</run_address>
         <size>0x82</size>
         <input_file_ref idref="fl-5"/>
      </object_component>
      <object_component id="oc-afc">
         <name>.text:ltoa</name>
         <load_address>0x15baa</load_address>
         <run_address>0x15baa</run_address>
         <size>0x80</size>
         <input_file_ref idref="fl-af"/>
      </object_component>
      <object_component id="oc-541">
         <name>.text:TI_TDC720x_reg_init</name>
         <load_address>0x15c2a</load_address>
         <run_address>0x15c2a</run_address>
         <size>0x7c</size>
         <input_file_ref idref="fl-3"/>
      </object_component>
      <object_component id="oc-76b">
         <name>.text:TDC720x_start2stopn</name>
         <load_address>0x15ca6</load_address>
         <run_address>0x15ca6</run_address>
         <size>0x7a</size>
         <input_file_ref idref="fl-4"/>
      </object_component>
      <object_component id="oc-a7a">
         <name>.text:_pconv_f</name>
         <load_address>0x15d20</load_address>
         <run_address>0x15d20</run_address>
         <size>0x78</size>
         <input_file_ref idref="fl-a0"/>
      </object_component>
      <object_component id="oc-6b">
         <name>.text:decompress:lzss:__TI_decompress_lzss</name>
         <load_address>0x15d98</load_address>
         <run_address>0x15d98</run_address>
         <size>0x78</size>
         <input_file_ref idref="fl-65"/>
      </object_component>
      <object_component id="oc-4bd">
         <name>.text:PWRVBUSoffHandler</name>
         <load_address>0x15e10</load_address>
         <run_address>0x15e10</run_address>
         <size>0x76</size>
         <input_file_ref idref="fl-19"/>
      </object_component>
      <object_component id="oc-7e7">
         <name>.text:TI_TDC720x_SPIAutoIncReadReg</name>
         <load_address>0x15e86</load_address>
         <run_address>0x15e86</run_address>
         <size>0x76</size>
         <input_file_ref idref="fl-40"/>
      </object_component>
      <object_component id="oc-5ed">
         <name>.text:Handler_SetLineCoding</name>
         <load_address>0x15efc</load_address>
         <run_address>0x15efc</run_address>
         <size>0x70</size>
         <input_file_ref idref="fl-e"/>
      </object_component>
      <object_component id="oc-765">
         <name>.text:TDC720x_build_mreg</name>
         <load_address>0x15f6c</load_address>
         <run_address>0x15f6c</run_address>
         <size>0x6e</size>
         <input_file_ref idref="fl-4"/>
      </object_component>
      <object_component id="oc-668">
         <name>.text:USBCDC_sendDataInBackground</name>
         <load_address>0x15fda</load_address>
         <run_address>0x15fda</run_address>
         <size>0x6e</size>
         <input_file_ref idref="fl-17"/>
      </object_component>
      <object_component id="oc-7b6">
         <name>.text:__mspabi_cvtfd</name>
         <load_address>0x16048</load_address>
         <run_address>0x16048</run_address>
         <size>0x6e</size>
         <input_file_ref idref="fl-69"/>
      </object_component>
      <object_component id="oc-5f4">
         <name>.text:usbSendNextPacketOnIEP0</name>
         <load_address>0x160b6</load_address>
         <run_address>0x160b6</run_address>
         <size>0x6e</size>
         <input_file_ref idref="fl-f"/>
      </object_component>
      <object_component id="oc-4c9">
         <name>.text:PWRVBUSonHandler</name>
         <load_address>0x16124</load_address>
         <run_address>0x16124</run_address>
         <size>0x6a</size>
         <input_file_ref idref="fl-19"/>
      </object_component>
      <object_component id="oc-52c">
         <name>.text:TI_TDC720x_SPISetup</name>
         <load_address>0x1618e</load_address>
         <run_address>0x1618e</run_address>
         <size>0x68</size>
         <input_file_ref idref="fl-40"/>
      </object_component>
      <object_component id="oc-b14">
         <name>.text:__mspabi_fixdli</name>
         <load_address>0x161f6</load_address>
         <run_address>0x161f6</run_address>
         <size>0x66</size>
         <input_file_ref idref="fl-ab"/>
      </object_component>
      <object_component id="oc-4f9">
         <name>.text:copy_in</name>
         <load_address>0x1625c</load_address>
         <run_address>0x1625c</run_address>
         <size>0x66</size>
         <input_file_ref idref="fl-a7"/>
      </object_component>
      <object_component id="oc-8be">
         <name>.text:memcpyDMA</name>
         <load_address>0x162c2</load_address>
         <run_address>0x162c2</run_address>
         <size>0x64</size>
         <input_file_ref idref="fl-10"/>
      </object_component>
      <object_component id="oc-a29">
         <name>.text:atoi</name>
         <load_address>0x16326</load_address>
         <run_address>0x16326</run_address>
         <size>0x62</size>
         <input_file_ref idref="fl-a4"/>
      </object_component>
      <object_component id="oc-538">
         <name>.text:timer2_A0_init</name>
         <load_address>0x16388</load_address>
         <run_address>0x16388</run_address>
         <size>0x62</size>
         <input_file_ref idref="fl-7"/>
      </object_component>
      <object_component id="oc-66f">
         <name>.text:USBCDC_abortSend</name>
         <load_address>0x163ea</load_address>
         <run_address>0x163ea</run_address>
         <size>0x60</size>
         <input_file_ref idref="fl-e"/>
      </object_component>
      <object_component id="oc-807">
         <name>.text:TI_TDC720x_SPIAllReadReg_BothTDCs</name>
         <load_address>0x1644a</load_address>
         <run_address>0x1644a</run_address>
         <size>0x5e</size>
         <input_file_ref idref="fl-40"/>
      </object_component>
      <object_component id="oc-78c">
         <name>.text:TI_TDC720x_SPIByteReadReg</name>
         <load_address>0x164a8</load_address>
         <run_address>0x164a8</run_address>
         <size>0x5e</size>
         <input_file_ref idref="fl-40"/>
      </object_component>
      <object_component id="oc-73f">
         <name>.text:USB_initMemcpy</name>
         <load_address>0x16506</load_address>
         <run_address>0x16506</run_address>
         <size>0x5c</size>
         <input_file_ref idref="fl-10"/>
      </object_component>
      <object_component id="oc-84e">
         <name>.text:usbGetStringDescriptor</name>
         <load_address>0x16562</load_address>
         <run_address>0x16562</run_address>
         <size>0x5a</size>
         <input_file_ref idref="fl-f"/>
      </object_component>
      <object_component id="oc-aa3">
         <name>.text</name>
         <load_address>0x165bc</load_address>
         <run_address>0x165bc</run_address>
         <size>0x58</size>
         <input_file_ref idref="fl-6d"/>
      </object_component>
      <object_component id="oc-682">
         <name>.text:USBCDC_receiveDataInBuffer</name>
         <load_address>0x16614</load_address>
         <run_address>0x16614</run_address>
         <size>0x56</size>
         <input_file_ref idref="fl-17"/>
      </object_component>
      <object_component id="oc-797">
         <name>.text:TI_TDC720x_SPIAutoIncWriteReg</name>
         <load_address>0x1666a</load_address>
         <run_address>0x1666a</run_address>
         <size>0x54</size>
         <input_file_ref idref="fl-40"/>
      </object_component>
      <object_component id="oc-5e7">
         <name>.text:usbReceiveNextPacketOnOEP0</name>
         <load_address>0x166be</load_address>
         <run_address>0x166be</run_address>
         <size>0x52</size>
         <input_file_ref idref="fl-f"/>
      </object_component>
      <object_component id="oc-8a8">
         <name>.text:TLV_getInfo</name>
         <load_address>0x16710</load_address>
         <run_address>0x16710</run_address>
         <size>0x50</size>
         <input_file_ref idref="fl-39"/>
      </object_component>
      <object_component id="oc-ad0">
         <name>.text:_fcpy</name>
         <load_address>0x16760</load_address>
         <run_address>0x16760</run_address>
         <size>0x4e</size>
         <input_file_ref idref="fl-a0"/>
      </object_component>
      <object_component id="oc-8d2">
         <name>.text</name>
         <load_address>0x167ae</load_address>
         <run_address>0x167ae</run_address>
         <size>0x4a</size>
         <input_file_ref idref="fl-76"/>
      </object_component>
      <object_component id="oc-478">
         <name>.text:SetupPacketInterruptHandler</name>
         <load_address>0x167f8</load_address>
         <run_address>0x167f8</run_address>
         <size>0x48</size>
         <input_file_ref idref="fl-19"/>
      </object_component>
      <object_component id="oc-654">
         <name>.text:TI_TDC720x_SPIByteWriteReg</name>
         <load_address>0x16840</load_address>
         <run_address>0x16840</run_address>
         <size>0x48</size>
         <input_file_ref idref="fl-40"/>
      </object_component>
      <object_component id="oc-87e">
         <name>.text:usbSetEndpointFeature</name>
         <load_address>0x16888</load_address>
         <run_address>0x16888</run_address>
         <size>0x48</size>
         <input_file_ref idref="fl-f"/>
      </object_component>
      <object_component id="oc-7d6">
         <name>.text</name>
         <load_address>0x168d0</load_address>
         <run_address>0x168d0</run_address>
         <size>0x46</size>
         <input_file_ref idref="fl-78"/>
      </object_component>
      <object_component id="oc-79f">
         <name>.text:sprintf</name>
         <load_address>0x16916</load_address>
         <run_address>0x16916</run_address>
         <size>0x44</size>
         <input_file_ref idref="fl-9d"/>
      </object_component>
      <object_component id="oc-626">
         <name>.text:SetVCore</name>
         <load_address>0x1695a</load_address>
         <run_address>0x1695a</run_address>
         <size>0x40</size>
         <input_file_ref idref="fl-b"/>
      </object_component>
      <object_component id="oc-b4a">
         <name>.text</name>
         <load_address>0x1699a</load_address>
         <run_address>0x1699a</run_address>
         <size>0x40</size>
         <input_file_ref idref="fl-6c"/>
      </object_component>
      <object_component id="oc-836">
         <name>.text:usbClearEndpointFeature</name>
         <load_address>0x169da</load_address>
         <run_address>0x169da</run_address>
         <size>0x40</size>
         <input_file_ref idref="fl-f"/>
      </object_component>
      <object_component id="oc-5c0">
         <name>.text:CdcResetData</name>
         <load_address>0x16a1a</load_address>
         <run_address>0x16a1a</run_address>
         <size>0x3e</size>
         <input_file_ref idref="fl-e"/>
      </object_component>
      <object_component id="oc-6d2">
         <name>.text:UCS_turnOnXT2WithTimeout</name>
         <load_address>0x16a58</load_address>
         <run_address>0x16a58</run_address>
         <size>0x3e</size>
         <input_file_ref idref="fl-3a"/>
      </object_component>
      <object_component id="oc-900">
         <name>.text:l_asr_const</name>
         <load_address>0x16a96</load_address>
         <run_address>0x16a96</run_address>
         <size>0x3e</size>
         <input_file_ref idref="fl-a3"/>
      </object_component>
      <object_component id="oc-70c">
         <name>.text:l_lsl_const</name>
         <load_address>0x16ad4</load_address>
         <run_address>0x16ad4</run_address>
         <size>0x3e</size>
         <input_file_ref idref="fl-8d"/>
      </object_component>
      <object_component id="oc-7f5">
         <name>.text:l_lsr_const</name>
         <load_address>0x16b12</load_address>
         <run_address>0x16b12</run_address>
         <size>0x3e</size>
         <input_file_ref idref="fl-8f"/>
      </object_component>
      <object_component id="oc-526">
         <name>.text:InitUART</name>
         <load_address>0x16b50</load_address>
         <run_address>0x16b50</run_address>
         <size>0x3c</size>
         <input_file_ref idref="fl-8"/>
      </object_component>
      <object_component id="oc-af0">
         <name>.text:__mspabi_sllll</name>
         <load_address>0x16b8c</load_address>
         <run_address>0x16b8c</run_address>
         <size>0x3a</size>
         <input_file_ref idref="fl-ae"/>
      </object_component>
      <object_component id="oc-aa8">
         <name>.text:__mspabi_srlll</name>
         <load_address>0x16bc6</load_address>
         <run_address>0x16bc6</run_address>
         <size>0x3a</size>
         <input_file_ref idref="fl-90"/>
      </object_component>
      <object_component id="oc-4e1">
         <name>.text:OEP0InterruptHandler</name>
         <load_address>0x16c00</load_address>
         <run_address>0x16c00</run_address>
         <size>0x38</size>
         <input_file_ref idref="fl-19"/>
      </object_component>
      <object_component id="oc-783">
         <name>.text:char2nibble</name>
         <load_address>0x16c38</load_address>
         <run_address>0x16c38</run_address>
         <size>0x36</size>
         <input_file_ref idref="fl-2"/>
      </object_component>
      <object_component id="oc-9b3">
         <name>.text</name>
         <load_address>0x16c6e</load_address>
         <run_address>0x16c6e</run_address>
         <size>0x36</size>
         <input_file_ref idref="fl-75"/>
      </object_component>
      <object_component id="oc-b08">
         <name>.text:__mspabi_subd</name>
         <load_address>0x16ca4</load_address>
         <run_address>0x16ca4</run_address>
         <size>0x32</size>
         <input_file_ref idref="fl-b7"/>
      </object_component>
      <object_component id="oc-7fb">
         <name>.text:wait_on_intb_pin</name>
         <load_address>0x16cd6</load_address>
         <run_address>0x16cd6</run_address>
         <size>0x32</size>
         <input_file_ref idref="fl-7"/>
      </object_component>
      <object_component id="oc-988">
         <name>.text:DMA_setDstAddress</name>
         <load_address>0x16d08</load_address>
         <run_address>0x16d08</run_address>
         <size>0x30</size>
         <input_file_ref idref="fl-22"/>
      </object_component>
      <object_component id="oc-520">
         <name>.text:InitMCU</name>
         <load_address>0x16d38</load_address>
         <run_address>0x16d38</run_address>
         <size>0x30</size>
         <input_file_ref idref="fl-3"/>
      </object_component>
      <object_component id="oc-63e">
         <name>.text:USB_getConnectionInformation</name>
         <load_address>0x16d68</load_address>
         <run_address>0x16d68</run_address>
         <size>0x30</size>
         <input_file_ref idref="fl-f"/>
      </object_component>
      <object_component id="oc-4a5">
         <name>.text:USB_suspend</name>
         <load_address>0x16d98</load_address>
         <run_address>0x16d98</run_address>
         <size>0x30</size>
         <input_file_ref idref="fl-f"/>
      </object_component>
      <object_component id="oc-54d">
         <name>.text:tdc_trigger_measure</name>
         <load_address>0x16dc8</load_address>
         <run_address>0x16dc8</run_address>
         <size>0x30</size>
         <input_file_ref idref="fl-7"/>
      </object_component>
      <object_component id="oc-982">
         <name>.text:DMA_setSrcAddress</name>
         <load_address>0x16df8</load_address>
         <run_address>0x16df8</run_address>
         <size>0x2e</size>
         <input_file_ref idref="fl-22"/>
      </object_component>
      <object_component id="oc-a6e">
         <name>.text:__mspabi_negd</name>
         <load_address>0x16e26</load_address>
         <run_address>0x16e26</run_address>
         <size>0x2e</size>
         <input_file_ref idref="fl-b2"/>
      </object_component>
      <object_component id="oc-b60">
         <name>.text:copysign</name>
         <load_address>0x16e54</load_address>
         <run_address>0x16e54</run_address>
         <size>0x2e</size>
         <input_file_ref idref="fl-bb"/>
      </object_component>
      <object_component id="oc-7ab">
         <name>.text:putsUART</name>
         <load_address>0x16e82</load_address>
         <run_address>0x16e82</run_address>
         <size>0x2c</size>
         <input_file_ref idref="fl-8"/>
      </object_component>
      <object_component id="oc-648">
         <name>.text</name>
         <load_address>0x16eae</load_address>
         <run_address>0x16eae</run_address>
         <size>0x2c</size>
         <input_file_ref idref="fl-6a"/>
      </object_component>
      <object_component id="oc-85a">
         <name>.text:usbGetDeviceStatus</name>
         <load_address>0x16eda</load_address>
         <run_address>0x16eda</run_address>
         <size>0x2c</size>
         <input_file_ref idref="fl-f"/>
      </object_component>
      <object_component id="oc-8b2">
         <name>.text:memcpyV</name>
         <load_address>0x16f06</load_address>
         <run_address>0x16f06</run_address>
         <size>0x2a</size>
         <input_file_ref idref="fl-10"/>
      </object_component>
      <object_component id="oc-6cc">
         <name>.text:GPIO_setAsPeripheralModuleFunctionOutputPin</name>
         <load_address>0x16f30</load_address>
         <run_address>0x16f30</run_address>
         <size>0x28</size>
         <input_file_ref idref="fl-28"/>
      </object_component>
      <object_component id="oc-b0e">
         <name>.text:__mspabi_fixdi</name>
         <load_address>0x16f58</load_address>
         <run_address>0x16f58</run_address>
         <size>0x28</size>
         <input_file_ref idref="fl-aa"/>
      </object_component>
      <object_component id="oc-872">
         <name>.text:usbSetConfiguration</name>
         <load_address>0x16f80</load_address>
         <run_address>0x16f80</run_address>
         <size>0x26</size>
         <input_file_ref idref="fl-f"/>
      </object_component>
      <object_component id="oc-8d">
         <name>.text:decompress:ZI:__TI_zero_init</name>
         <load_address>0x16fa6</load_address>
         <run_address>0x16fa6</run_address>
         <size>0x24</size>
         <input_file_ref idref="fl-67"/>
      </object_component>
      <object_component id="oc-7b1">
         <name>.text</name>
         <load_address>0x16fca</load_address>
         <run_address>0x16fca</run_address>
         <size>0x24</size>
         <input_file_ref idref="fl-79"/>
      </object_component>
      <object_component id="oc-9e9">
         <name>.text</name>
         <load_address>0x16fee</load_address>
         <run_address>0x16fee</run_address>
         <size>0x24</size>
         <input_file_ref idref="fl-99"/>
      </object_component>
      <object_component id="oc-74d">
         <name>.text:usbDisableInEndpointInterrupt</name>
         <load_address>0x17012</load_address>
         <run_address>0x17012</run_address>
         <size>0x24</size>
         <input_file_ref idref="fl-f"/>
      </object_component>
      <object_component id="oc-571">
         <name>.text:usbDisableOutEndpointInterrupt</name>
         <load_address>0x17036</load_address>
         <run_address>0x17036</run_address>
         <size>0x24</size>
         <input_file_ref idref="fl-f"/>
      </object_component>
      <object_component id="oc-4ef">
         <name>.text:USB_disable</name>
         <load_address>0x1705a</load_address>
         <run_address>0x1705a</run_address>
         <size>0x22</size>
         <input_file_ref idref="fl-f"/>
      </object_component>
      <object_component id="oc-930">
         <name>.text:usbSendDataPacketOnEP0</name>
[...]
      <symbol id="sm-b98">
         <name>__mspabi_remul</name>
         <value>0x165bc</value>
         <object_component_ref idref="oc-aa3"/>
      </symbol>
      <symbol id="sm-b99">
         <name>__mspabi_divul</name>
         <value>0x165bc</value>
         <object_component_ref idref="oc-aa3"/>
      </symbol>
      <symbol id="sm-bba">
         <name>__mspabi_divd</name>
         <value>0x12e28</value>
         <object_component_ref idref="oc-7bc"/>
      </symbol>
      <symbol id="sm-bc4">
         <name>C$$EXIT</name>
         <value>0x1746a</value>
         <object_component_ref idref="oc-44b"/>
      </symbol>
      <symbol id="sm-bc5">
         <name>abort</name>
         <value>0x1746a</value>
         <object_component_ref idref="oc-44b"/>
      </symbol>
      <symbol id="sm-be7">
         <name>__TI_frcaddd</name>
         <value>0x1254e</value>
         <object_component_ref idref="oc-918"/>
      </symbol>
      <symbol id="sm-c02">
         <name>__TI_frcdivd</name>
         <value>0x10a04</value>
         <object_component_ref idref="oc-90b"/>
      </symbol>
      <symbol id="sm-c1d">
         <name>__mspabi_subf</name>
         <value>0x13ee6</value>
         <object_component_ref idref="oc-7db"/>
      </symbol>
      <symbol id="sm-c1e">
         <name>__mspabi_addf</name>
         <value>0x13eec</value>
         <object_component_ref idref="oc-7db"/>
      </symbol>
      <symbol id="sm-c30">
         <name>__mspabi_divf</name>
         <value>0x1565c</value>
         <object_component_ref idref="oc-7ce"/>
      </symbol>
      <symbol id="sm-c3d">
         <name>__mspabi_fltif</name>
         <value>0x16c6e</value>
         <object_component_ref idref="oc-9b3"/>
      </symbol>
      <symbol id="sm-c4c">
         <name>__mspabi_fltlif</name>
         <value>0x167ae</value>
         <object_component_ref idref="oc-8d2"/>
      </symbol>
      <symbol id="sm-c63">
         <name>__mspabi_mpyf</name>
         <value>0x14e32</value>
         <object_component_ref idref="oc-7e0"/>
      </symbol>
      <symbol id="sm-c72">
         <name>__mspabi_fixfu</name>
         <value>0x168d0</value>
         <object_component_ref idref="oc-7d6"/>
      </symbol>
      <symbol id="sm-c7d">
         <name>__mspabi_fltuf</name>
         <value>0x16fca</value>
         <object_component_ref idref="oc-7b1"/>
      </symbol>
      <symbol id="sm-c80">
         <name>__TI_int41</name>
         <value>0xffd2</value>
         <object_component_ref idref="oc-77"/>
      </symbol>
      <symbol id="sm-c83">
         <name>__TI_int42</name>
         <value>0xffd4</value>
         <object_component_ref idref="oc-78"/>
      </symbol>
      <symbol id="sm-c86">
         <name>__TI_int43</name>
         <value>0xffd6</value>
         <object_component_ref idref="oc-79"/>
      </symbol>
      <symbol id="sm-c89">
         <name>__TI_int45</name>
         <value>0xffda</value>
         <object_component_ref idref="oc-7b"/>
      </symbol>
      <symbol id="sm-c8c">
         <name>__TI_int46</name>
         <value>0xffdc</value>
         <object_component_ref idref="oc-7c"/>
      </symbol>
      <symbol id="sm-c8f">
         <name>__TI_int47</name>
         <value>0xffde</value>
         <object_component_ref idref="oc-7d"/>
      </symbol>
      <symbol id="sm-c92">
         <name>__TI_int48</name>
         <value>0xffe0</value>
         <object_component_ref idref="oc-7e"/>
      </symbol>
      <symbol id="sm-c95">
         <name>__TI_int50</name>
         <value>0xffe4</value>
         <object_component_ref idref="oc-80"/>
      </symbol>
      <symbol id="sm-c98">
         <name>__TI_int52</name>
         <value>0xffe8</value>
         <object_component_ref idref="oc-82"/>
      </symbol>
      <symbol id="sm-c9b">
         <name>__TI_int54</name>
         <value>0xffec</value>
         <object_component_ref idref="oc-84"/>
      </symbol>
      <symbol id="sm-c9e">
         <name>__TI_int55</name>
         <value>0xffee</value>
         <object_component_ref idref="oc-85"/>
      </symbol>
      <symbol id="sm-ca1">
         <name>__TI_int56</name>
         <value>0xfff0</value>
         <object_component_ref idref="oc-86"/>
      </symbol>
      <symbol id="sm-ca4">
         <name>__TI_int57</name>
         <value>0xfff2</value>
         <object_component_ref idref="oc-87"/>
      </symbol>
      <symbol id="sm-ca7">
         <name>__TI_int58</name>
         <value>0xfff4</value>
         <object_component_ref idref="oc-88"/>
      </symbol>
      <symbol id="sm-caa">
         <name>__TI_int59</name>
         <value>0xfff6</value>
         <object_component_ref idref="oc-89"/>
      </symbol>
      <symbol id="sm-cad">
         <name>__TI_int60</name>
         <value>0xfff8</value>
         <object_component_ref idref="oc-8a"/>
      </symbol>
      <symbol id="sm-cb0">
         <name>__TI_int62</name>
         <value>0xfffc</value>
         <object_component_ref idref="oc-8c"/>
      </symbol>
      <symbol id="sm-cb8">
         <name>__TI_ISR_TRAP</name>
         <value>0x45ba</value>
         <object_component_ref idref="oc-3f9"/>
      </symbol>
      <symbol id="sm-cc1">
         <name>__mspabi_slli</name>
         <value>0x1741a</value>
         <object_component_ref idref="oc-6b8"/>
      </symbol>
      <symbol id="sm-cd1">
         <name>__mspabi_slll_9</name>
         <value>0x16aec</value>
         <object_component_ref idref="oc-70c"/>
      </symbol>
      <symbol id="sm-cd2">
         <name>__mspabi_slll_8</name>
         <value>0x16af0</value>
         <object_component_ref idref="oc-70c"/>
      </symbol>
      <symbol id="sm-cd3">
         <name>__mspabi_slll_7</name>
         <value>0x16af4</value>
         <object_component_ref idref="oc-70c"/>
      </symbol>
      <symbol id="sm-cd4">
         <name>__mspabi_slll_6</name>
         <value>0x16af8</value>
         <object_component_ref idref="oc-70c"/>
      </symbol>
      <symbol id="sm-cd5">
         <name>__mspabi_slll_5</name>
         <value>0x16afc</value>
         <object_component_ref idref="oc-70c"/>
      </symbol>
      <symbol id="sm-cd6">
         <name>__mspabi_slll_4</name>
         <value>0x16b00</value>
         <object_component_ref idref="oc-70c"/>
      </symbol>
      <symbol id="sm-cd7">
         <name>__mspabi_slll_3</name>
         <value>0x16b04</value>
         <object_component_ref idref="oc-70c"/>
      </symbol>
      <symbol id="sm-cd8">
         <name>__mspabi_slll_2</name>
         <value>0x16b08</value>
         <object_component_ref idref="oc-70c"/>
      </symbol>
      <symbol id="sm-cd9">
         <name>__mspabi_slll_1</name>
         <value>0x16b0c</value>
         <object_component_ref idref="oc-70c"/>
      </symbol>
      <symbol id="sm-cda">
         <name>__mspabi_slll</name>
         <value>0x17386</value>
         <object_component_ref idref="oc-9f2"/>
      </symbol>
      <symbol id="sm-cdb">
         <name>__mspabi_slll_15</name>
         <value>0x16ad4</value>
         <object_component_ref idref="oc-70c"/>
      </symbol>
      <symbol id="sm-cdc">
         <name>__mspabi_slll_14</name>
         <value>0x16ad8</value>
         <object_component_ref idref="oc-70c"/>
      </symbol>
      <symbol id="sm-cdd">
         <name>__mspabi_slll_13</name>
         <value>0x16adc</value>
         <object_component_ref idref="oc-70c"/>
      </symbol>
      <symbol id="sm-cde">
         <name>__mspabi_slll_12</name>
         <value>0x16ae0</value>
         <object_component_ref idref="oc-70c"/>
      </symbol>
      <symbol id="sm-cdf">
         <name>__mspabi_slll_11</name>
         <value>0x16ae4</value>
         <object_component_ref idref="oc-70c"/>
      </symbol>
      <symbol id="sm-ce0">
         <name>__mspabi_slll_10</name>
         <value>0x16ae8</value>
         <object_component_ref idref="oc-70c"/>
      </symbol>
      <symbol id="sm-ce9">
         <name>__mspabi_srli</name>
         <value>0x17424</value>
         <object_component_ref idref="oc-6eb"/>
      </symbol>
      <symbol id="sm-cf9">
         <name>__mspabi_srll_8</name>
         <value>0x16b2e</value>
         <object_component_ref idref="oc-7f5"/>
      </symbol>
      <symbol id="sm-cfa">
         <name>__mspabi_srll_9</name>
         <value>0x16b2a</value>
         <object_component_ref idref="oc-7f5"/>
      </symbol>
      <symbol id="sm-cfb">
         <name>__mspabi_srll_6</name>
         <value>0x16b36</value>
         <object_component_ref idref="oc-7f5"/>
      </symbol>
      <symbol id="sm-cfc">
         <name>__mspabi_srll_7</name>
         <value>0x16b32</value>
         <object_component_ref idref="oc-7f5"/>
      </symbol>
      <symbol id="sm-cfd">
         <name>__mspabi_srll_4</name>
         <value>0x16b3e</value>
         <object_component_ref idref="oc-7f5"/>
      </symbol>
      <symbol id="sm-cfe">
         <name>__mspabi_srll_5</name>
         <value>0x16b3a</value>
         <object_component_ref idref="oc-7f5"/>
      </symbol>
      <symbol id="sm-cff">
         <name>__mspabi_srll_2</name>
         <value>0x16b46</value>
         <object_component_ref idref="oc-7f5"/>
      </symbol>
      <symbol id="sm-d00">
         <name>__mspabi_srll_3</name>
         <value>0x16b42</value>
         <object_component_ref idref="oc-7f5"/>
      </symbol>
      <symbol id="sm-d01">
         <name>__mspabi_srll_1</name>
         <value>0x16b4a</value>
         <object_component_ref idref="oc-7f5"/>
      </symbol>
      <symbol id="sm-d02">
         <name>__mspabi_srll_15</name>
         <value>0x16b12</value>
         <object_component_ref idref="oc-7f5"/>
      </symbol>
      <symbol id="sm-d03">
         <name>__mspabi_srll_14</name>
         <value>0x16b16</value>
         <object_component_ref idref="oc-7f5"/>
      </symbol>
      <symbol id="sm-d04">
         <name>__mspabi_srll_13</name>
         <value>0x16b1a</value>
         <object_component_ref idref="oc-7f5"/>
      </symbol>
      <symbol id="sm-d05">
         <name>__mspabi_srll_12</name>
         <value>0x16b1e</value>
         <object_component_ref idref="oc-7f5"/>
      </symbol>
      <symbol id="sm-d06">
         <name>__mspabi_srll_11</name>
         <value>0x16b22</value>
         <object_component_ref idref="oc-7f5"/>
      </symbol>
      <symbol id="sm-d07">
         <name>__mspabi_srll_10</name>
         <value>0x16b26</value>
         <object_component_ref idref="oc-7f5"/>
      </symbol>
      <symbol id="sm-d08">
         <name>__mspabi_srll</name>
         <value>0x17396</value>
         <object_component_ref idref="oc-9f7"/>
      </symbol>
      <symbol id="sm-d15">
         <name>__mspabi_srlll</name>
         <value>0x16bc6</value>
         <object_component_ref idref="oc-aa8"/>
      </symbol>
      <symbol id="sm-d23">
         <name>memcpy</name>
         <value>0x172d0</value>
         <object_component_ref idref="oc-3ec"/>
      </symbol>
      <symbol id="sm-d31">
         <name>memset</name>
         <value>0x17250</value>
         <object_component_ref idref="oc-6dc"/>
      </symbol>
      <symbol id="sm-d3c">
         <name>__mspabi_mpyi_f5hw</name>
         <value>0x171f2</value>
         <object_component_ref idref="oc-565"/>
      </symbol>
      <symbol id="sm-d46">
         <name>__mspabi_mpyl_f5hw</name>
         <value>0x16fee</value>
         <object_component_ref idref="oc-9e9"/>
      </symbol>
      <symbol id="sm-d50">
         <name>_system_pre_init</name>
         <value>0x174ac</value>
         <object_component_ref idref="oc-423"/>
      </symbol>
      <symbol id="sm-d64">
         <name>__TI_renormd</name>
         <value>0x14f9e</value>
         <object_component_ref idref="oc-a01"/>
      </symbol>
      <symbol id="sm-d85">
         <name>sprintf</name>
         <value>0x16916</value>
         <object_component_ref idref="oc-79f"/>
      </symbol>
      <symbol id="sm-d92">
         <name>strlen</name>
         <value>0x173c2</value>
         <object_component_ref idref="oc-7a5"/>
      </symbol>
      <symbol id="sm-f3b">
         <name>__TI_printfi</name>
         <value>0x127a0</value>
         <object_component_ref idref="oc-8f3"/>
      </symbol>
      <symbol id="sm-f45">
         <name>abs</name>
         <value>0x17410</value>
         <object_component_ref idref="oc-b1b"/>
      </symbol>
      <symbol id="sm-f56">
         <name>__mspabi_sral</name>
         <value>0x17376</value>
         <object_component_ref idref="oc-9fc"/>
      </symbol>
      <symbol id="sm-f57">
         <name>__mspabi_sral_15</name>
         <value>0x16a96</value>
         <object_component_ref idref="oc-900"/>
      </symbol>
      <symbol id="sm-f58">
         <name>__mspabi_sral_14</name>
         <value>0x16a9a</value>
         <object_component_ref idref="oc-900"/>
      </symbol>
      <symbol id="sm-f59">
         <name>__mspabi_sral_13</name>
         <value>0x16a9e</value>
         <object_component_ref idref="oc-900"/>
      </symbol>
      <symbol id="sm-f5a">
         <name>__mspabi_sral_12</name>
         <value>0x16aa2</value>
         <object_component_ref idref="oc-900"/>
      </symbol>
      <symbol id="sm-f5b">
         <name>__mspabi_sral_11</name>
         <value>0x16aa6</value>
         <object_component_ref idref="oc-900"/>
      </symbol>
      <symbol id="sm-f5c">
         <name>__mspabi_sral_10</name>
         <value>0x16aaa</value>
         <object_component_ref idref="oc-900"/>
      </symbol>
      <symbol id="sm-f5d">
         <name>__mspabi_sral_8</name>
         <value>0x16ab2</value>
         <object_component_ref idref="oc-900"/>
      </symbol>
      <symbol id="sm-f5e">
         <name>__mspabi_sral_9</name>
         <value>0x16aae</value>
         <object_component_ref idref="oc-900"/>
      </symbol>
      <symbol id="sm-f5f">
         <name>__mspabi_sral_6</name>
         <value>0x16aba</value>
         <object_component_ref idref="oc-900"/>
      </symbol>
      <symbol id="sm-f60">
         <name>__mspabi_sral_7</name>
         <value>0x16ab6</value>
         <object_component_ref idref="oc-900"/>
      </symbol>
      <symbol id="sm-f61">
         <name>__mspabi_sral_4</name>
         <value>0x16ac2</value>
         <object_component_ref idref="oc-900"/>
      </symbol>
      <symbol id="sm-f62">
         <name>__mspabi_sral_5</name>
         <value>0x16abe</value>
         <object_component_ref idref="oc-900"/>
      </symbol>
      <symbol id="sm-f63">
         <name>__mspabi_sral_2</name>
         <value>0x16aca</value>
         <object_component_ref idref="oc-900"/>
      </symbol>
      <symbol id="sm-f64">
         <name>__mspabi_sral_3</name>
         <value>0x16ac6</value>
         <object_component_ref idref="oc-900"/>
      </symbol>
      <symbol id="sm-f65">
         <name>__mspabi_sral_1</name>
         <value>0x16ace</value>
         <object_component_ref idref="oc-900"/>
      </symbol>
      <symbol id="sm-f78">
         <name>atoi</name>
         <value>0x16326</value>
         <object_component_ref idref="oc-a29"/>
      </symbol>
      <symbol id="sm-f9a">
         <name>_auto_init_hold_wdt</name>
         <value>0x15aa6</value>
         <object_component_ref idref="oc-429"/>
      </symbol>
      <symbol id="sm-fb4">
         <name>__mspabi_cmpd</name>
         <value>0x1489e</value>
         <object_component_ref idref="oc-a8c"/>
      </symbol>
      <symbol id="sm-fca">
         <name>copy_in</name>
         <value>0x1625c</value>
         <object_component_ref idref="oc-4f9"/>
      </symbol>
      <symbol id="sm-fd4">
         <name>_ctypes_</name>
         <value>0x46d2</value>
         <object_component_ref idref="oc-a51"/>
      </symbol>
      <symbol id="sm-1007">
         <name>__mspabi_divull</name>
         <value>0x112c0</value>
         <object_component_ref idref="oc-a9d"/>
      </symbol>
      <symbol id="sm-1014">
         <name>__mspabi_fixdi</name>
         <value>0x16f58</value>
         <object_component_ref idref="oc-b0e"/>
      </symbol>
      <symbol id="sm-1023">
         <name>__mspabi_fixdli</name>
         <value>0x161f6</value>
         <object_component_ref idref="oc-b14"/>
      </symbol>
      <symbol id="sm-102c">
         <name>__mspabi_fltid</name>
         <value>0x173f8</value>
         <object_component_ref idref="oc-b40"/>
      </symbol>
      <symbol id="sm-1044">
         <name>__mspabi_fltlid</name>
         <value>0x151a8</value>
         <object_component_ref idref="oc-b02"/>
      </symbol>
      <symbol id="sm-1051">
         <name>__mspabi_sllll</name>
         <value>0x16b8c</value>
         <object_component_ref idref="oc-af0"/>
      </symbol>
      <symbol id="sm-1060">
         <name>ltoa</name>
         <value>0x15baa</value>
         <object_component_ref idref="oc-afc"/>
      </symbol>
      <symbol id="sm-106f">
         <name>memccpy</name>
         <value>0x170de</value>
         <object_component_ref idref="oc-a3d"/>
      </symbol>
      <symbol id="sm-108f">
         <name>__mspabi_mpyd</name>
         <value>0x11e0e</value>
         <object_component_ref idref="oc-ad7"/>
      </symbol>
      <symbol id="sm-1098">
         <name>__mspabi_negd</name>
         <value>0x16e26</value>
         <object_component_ref idref="oc-a6e"/>
      </symbol>
      <symbol id="sm-10af">
         <name>frexpl</name>
         <value>0x15050</value>
         <object_component_ref idref="oc-ade"/>
      </symbol>
      <symbol id="sm-10b0">
         <name>frexp</name>
         <value>0x15050</value>
         <object_component_ref idref="oc-ade"/>
      </symbol>
      <symbol id="sm-10ca">
         <name>scalbn</name>
         <value>0x1379e</value>
         <object_component_ref idref="oc-b34"/>
      </symbol>
      <symbol id="sm-10cb">
         <name>scalbnl</name>
         <value>0x1379e</value>
         <object_component_ref idref="oc-b34"/>
      </symbol>
      <symbol id="sm-10cc">
         <name>ldexpl</name>
         <value>0x1379e</value>
         <object_component_ref idref="oc-b34"/>
      </symbol>
      <symbol id="sm-10cd">
         <name>ldexp</name>
         <value>0x1379e</value>
         <object_component_ref idref="oc-b34"/>
      </symbol>
      <symbol id="sm-10d6">
         <name>_system_post_cinit</name>
         <value>0x174b0</value>
         <object_component_ref idref="oc-4ff"/>
      </symbol>
      <symbol id="sm-10e5">
         <name>strchr</name>
         <value>0x17172</value>
         <object_component_ref idref="oc-b3a"/>
      </symbol>
      <symbol id="sm-10ee">
         <name>__mspabi_subd</name>
         <value>0x16ca4</value>
         <object_component_ref idref="oc-b08"/>
      </symbol>
      <symbol id="sm-10fb">
         <name>toupper</name>
         <value>0x17332</value>
         <object_component_ref idref="oc-a68"/>
      </symbol>
      <symbol id="sm-1102">
         <name>errno</name>
         <value>0x2670</value>
         <object_component_ref idref="oc-b5d"/>
      </symbol>
      <symbol id="sm-1113">
         <name>__TI_frcmpyd</name>
         <value>0x11b88</value>
         <object_component_ref idref="oc-b25"/>
      </symbol>
      <symbol id="sm-111c">
         <name>copysign</name>
         <value>0x16e54</value>
         <object_component_ref idref="oc-b60"/>
      </symbol>
      <symbol id="sm-111d">
         <name>copysignl</name>
         <value>0x16e54</value>
         <object_component_ref idref="oc-b60"/>
      </symbol>
      <symbol id="sm-111f">
         <name>__TI_BINIT_Base</name>
         <value>0x0</value>
      </symbol>
      <symbol id="sm-1120">
         <name>__TI_BINIT_Limit</name>
         <value>0x0</value>
      </symbol>
      <symbol id="sm-1121">
         <name>__TI_INITARRAY_Base</name>
         <value>0x0</value>
      </symbol>
      <symbol id="sm-1122">
         <name>__TI_INITARRAY_Limit</name>
         <value>0x0</value>
      </symbol>
   </symbol_table>
   <title>Link successful</title>
</link_info>
